mode: count
codeberg.org/snonux/hexai/internal/runtimeconfig/store.go:34.36,36.2 1 2
codeberg.org/snonux/hexai/internal/runtimeconfig/store.go:39.42,43.2 3 1
codeberg.org/snonux/hexai/internal/runtimeconfig/store.go:47.53,48.21 1 0
codeberg.org/snonux/hexai/internal/runtimeconfig/store.go:48.21,49.17 1 0
codeberg.org/snonux/hexai/internal/runtimeconfig/store.go:49.18,49.19 0 0
codeberg.org/snonux/hexai/internal/runtimeconfig/store.go:51.2,56.16 6 0
codeberg.org/snonux/hexai/internal/runtimeconfig/store.go:56.16,60.3 3 0
codeberg.org/snonux/hexai/internal/runtimeconfig/store.go:65.49,70.32 5 2
codeberg.org/snonux/hexai/internal/runtimeconfig/store.go:70.32,72.3 1 0
codeberg.org/snonux/hexai/internal/runtimeconfig/store.go:73.2,76.30 3 2
codeberg.org/snonux/hexai/internal/runtimeconfig/store.go:76.30,78.3 1 0
codeberg.org/snonux/hexai/internal/runtimeconfig/store.go:79.2,79.16 1 2
codeberg.org/snonux/hexai/internal/runtimeconfig/store.go:83.90,85.39 2 2
codeberg.org/snonux/hexai/internal/runtimeconfig/store.go:85.39,87.3 1 0
codeberg.org/snonux/hexai/internal/runtimeconfig/store.go:88.2,89.19 2 2
codeberg.org/snonux/hexai/internal/runtimeconfig/store.go:89.19,91.3 1 2
codeberg.org/snonux/hexai/internal/runtimeconfig/store.go:92.2,92.21 1 2
codeberg.org/snonux/hexai/internal/runtimeconfig/store.go:96.50,100.24 4 3
codeberg.org/snonux/hexai/internal/runtimeconfig/store.go:100.24,102.3 1 102
codeberg.org/snonux/hexai/internal/runtimeconfig/store.go:103.2,103.23 1 3
codeberg.org/snonux/hexai/internal/runtimeconfig/store.go:103.23,105.3 1 102
codeberg.org/snonux/hexai/internal/runtimeconfig/store.go:106.2,107.22 2 3
codeberg.org/snonux/hexai/internal/runtimeconfig/store.go:107.22,109.3 1 102
codeberg.org/snonux/hexai/internal/runtimeconfig/store.go:110.2,112.28 3 3
codeberg.org/snonux/hexai/internal/runtimeconfig/store.go:112.28,113.28 1 102
codeberg.org/snonux/hexai/internal/runtimeconfig/store.go:113.28,114.12 1 99
codeberg.org/snonux/hexai/internal/runtimeconfig/store.go:116.3,116.75 1 3
codeberg.org/snonux/hexai/internal/runtimeconfig/store.go:118.2,118.16 1 3
codeberg.org/snonux/hexai/internal/runtimeconfig/store.go:121.60,125.38 4 6
codeberg.org/snonux/hexai/internal/runtimeconfig/store.go:125.38,128.30 3 378
codeberg.org/snonux/hexai/internal/runtimeconfig/store.go:128.30,129.22 1 204
codeberg.org/snonux/hexai/internal/runtimeconfig/store.go:130.30,131.33 1 6
codeberg.org/snonux/hexai/internal/runtimeconfig/store.go:132.29,133.31 1 6
codeberg.org/snonux/hexai/internal/runtimeconfig/store.go:134.29,135.32 1 6
codeberg.org/snonux/hexai/internal/runtimeconfig/store.go:136.23,137.25 1 6
codeberg.org/snonux/hexai/internal/runtimeconfig/store.go:138.22,139.24 1 6
codeberg.org/snonux/hexai/internal/runtimeconfig/store.go:140.12,141.13 1 174
codeberg.org/snonux/hexai/internal/runtimeconfig/store.go:144.3,144.47 1 204
codeberg.org/snonux/hexai/internal/runtimeconfig/store.go:144.47,146.4 1 0
codeberg.org/snonux/hexai/internal/runtimeconfig/store.go:147.3,147.30 1 204
codeberg.org/snonux/hexai/internal/runtimeconfig/store.go:147.30,148.12 1 0
codeberg.org/snonux/hexai/internal/runtimeconfig/store.go:150.3,150.45 1 204
codeberg.org/snonux/hexai/internal/runtimeconfig/store.go:152.2,152.15 1 6
codeberg.org/snonux/hexai/internal/runtimeconfig/store.go:155.45,156.18 1 220
codeberg.org/snonux/hexai/internal/runtimeconfig/store.go:156.18,158.3 1 0
codeberg.org/snonux/hexai/internal/runtimeconfig/store.go:159.2,159.18 1 220
codeberg.org/snonux/hexai/internal/runtimeconfig/store.go:160.22,161.20 1 78
codeberg.org/snonux/hexai/internal/runtimeconfig/store.go:162.78,163.40 1 54
codeberg.org/snonux/hexai/internal/runtimeconfig/store.go:164.100,165.42 1 0
codeberg.org/snonux/hexai/internal/runtimeconfig/store.go:166.40,167.53 1 16
codeberg.org/snonux/hexai/internal/runtimeconfig/store.go:168.20,169.38 1 0
codeberg.org/snonux/hexai/internal/runtimeconfig/store.go:170.21,171.16 1 36
codeberg.org/snonux/hexai/internal/runtimeconfig/store.go:171.16,173.4 1 30
codeberg.org/snonux/hexai/internal/runtimeconfig/store.go:174.3,174.47 1 6
codeberg.org/snonux/hexai/internal/runtimeconfig/store.go:174.47,176.25 2 4
codeberg.org/snonux/hexai/internal/runtimeconfig/store.go:176.25,178.5 1 16
codeberg.org/snonux/hexai/internal/runtimeconfig/store.go:179.4,179.35 1 4
codeberg.org/snonux/hexai/internal/runtimeconfig/store.go:181.3,181.67 1 2
codeberg.org/snonux/hexai/internal/runtimeconfig/store.go:181.67,183.33 2 2
codeberg.org/snonux/hexai/internal/runtimeconfig/store.go:183.33,186.22 3 2
codeberg.org/snonux/hexai/internal/runtimeconfig/store.go:186.22,188.6 1 2
codeberg.org/snonux/hexai/internal/runtimeconfig/store.go:189.5,190.33 2 2
codeberg.org/snonux/hexai/internal/runtimeconfig/store.go:190.33,192.6 1 0
codeberg.org/snonux/hexai/internal/runtimeconfig/store.go:193.5,193.35 1 2
codeberg.org/snonux/hexai/internal/runtimeconfig/store.go:195.4,195.35 1 2
codeberg.org/snonux/hexai/internal/runtimeconfig/store.go:197.3,197.35 1 0
codeberg.org/snonux/hexai/internal/runtimeconfig/store.go:198.19,199.16 1 36
codeberg.org/snonux/hexai/internal/runtimeconfig/store.go:199.16,201.4 1 20
codeberg.org/snonux/hexai/internal/runtimeconfig/store.go:202.3,202.34 1 16
codeberg.org/snonux/hexai/internal/runtimeconfig/store.go:203.10,204.35 1 0
codeberg.org/snonux/hexai/internal/runtimeconfig/store.go:209.60,210.23 1 2
codeberg.org/snonux/hexai/internal/runtimeconfig/store.go:210.23,212.3 1 0
codeberg.org/snonux/hexai/internal/runtimeconfig/store.go:213.2,215.29 3 2
codeberg.org/snonux/hexai/internal/runtimeconfig/store.go:215.29,217.3 1 2
codeberg.org/snonux/hexai/internal/runtimeconfig/store.go:218.2,218.34 1 2
