mode: count
codeberg.org/snonux/hexai/internal/hexaicli/run.go:60.56,62.23 2 6
codeberg.org/snonux/hexai/internal/hexaicli/run.go:62.23,64.3 1 5
codeberg.org/snonux/hexai/internal/hexaicli/run.go:65.2,66.30 2 6
codeberg.org/snonux/hexai/internal/hexaicli/run.go:66.30,69.21 3 7
codeberg.org/snonux/hexai/internal/hexaicli/run.go:69.21,71.4 1 5
codeberg.org/snonux/hexai/internal/hexaicli/run.go:72.3,75.19 4 7
codeberg.org/snonux/hexai/internal/hexaicli/run.go:76.17,77.25 1 6
codeberg.org/snonux/hexai/internal/hexaicli/run.go:77.25,79.5 1 1
codeberg.org/snonux/hexai/internal/hexaicli/run.go:80.17,81.25 1 0
codeberg.org/snonux/hexai/internal/hexaicli/run.go:81.25,83.5 1 0
codeberg.org/snonux/hexai/internal/hexaicli/run.go:85.3,86.17 2 7
codeberg.org/snonux/hexai/internal/hexaicli/run.go:86.17,88.4 1 1
codeberg.org/snonux/hexai/internal/hexaicli/run.go:89.3,90.41 2 6
codeberg.org/snonux/hexai/internal/hexaicli/run.go:90.41,92.4 1 0
codeberg.org/snonux/hexai/internal/hexaicli/run.go:93.3,93.100 1 6
codeberg.org/snonux/hexai/internal/hexaicli/run.go:95.2,95.18 1 5
codeberg.org/snonux/hexai/internal/hexaicli/run.go:98.120,100.23 2 8
codeberg.org/snonux/hexai/internal/hexaicli/run.go:100.23,102.3 1 4
codeberg.org/snonux/hexai/internal/hexaicli/run.go:103.2,104.17 2 8
codeberg.org/snonux/hexai/internal/hexaicli/run.go:104.17,105.20 1 5
codeberg.org/snonux/hexai/internal/hexaicli/run.go:105.20,107.4 1 5
codeberg.org/snonux/hexai/internal/hexaicli/run.go:108.3,108.18 1 5
codeberg.org/snonux/hexai/internal/hexaicli/run.go:108.18,110.4 1 0
codeberg.org/snonux/hexai/internal/hexaicli/run.go:112.2,112.23 1 8
codeberg.org/snonux/hexai/internal/hexaicli/run.go:112.23,114.3 1 3
codeberg.org/snonux/hexai/internal/hexaicli/run.go:115.2,115.74 1 8
codeberg.org/snonux/hexai/internal/hexaicli/run.go:115.74,117.3 1 6
codeberg.org/snonux/hexai/internal/hexaicli/run.go:118.2,118.49 1 8
codeberg.org/snonux/hexai/internal/hexaicli/run.go:121.127,122.30 1 8
codeberg.org/snonux/hexai/internal/hexaicli/run.go:122.30,124.3 1 1
codeberg.org/snonux/hexai/internal/hexaicli/run.go:125.2,125.34 1 7
codeberg.org/snonux/hexai/internal/hexaicli/run.go:125.34,127.96 2 5
codeberg.org/snonux/hexai/internal/hexaicli/run.go:127.96,129.4 1 2
codeberg.org/snonux/hexai/internal/hexaicli/run.go:130.3,130.20 1 5
codeberg.org/snonux/hexai/internal/hexaicli/run.go:132.2,132.80 1 2
codeberg.org/snonux/hexai/internal/hexaicli/run.go:132.80,134.3 1 0
codeberg.org/snonux/hexai/internal/hexaicli/run.go:135.2,135.17 1 2
codeberg.org/snonux/hexai/internal/hexaicli/run.go:138.44,140.13 2 7
codeberg.org/snonux/hexai/internal/hexaicli/run.go:140.13,142.3 1 3
codeberg.org/snonux/hexai/internal/hexaicli/run.go:143.2,143.10 1 4
codeberg.org/snonux/hexai/internal/hexaicli/run.go:146.73,147.18 1 0
codeberg.org/snonux/hexai/internal/hexaicli/run.go:148.16,149.25 1 0
codeberg.org/snonux/hexai/internal/hexaicli/run.go:150.19,151.28 1 0
codeberg.org/snonux/hexai/internal/hexaicli/run.go:152.10,153.25 1 0
codeberg.org/snonux/hexai/internal/hexaicli/run.go:159.95,164.32 4 5
codeberg.org/snonux/hexai/internal/hexaicli/run.go:164.32,166.3 1 5
codeberg.org/snonux/hexai/internal/hexaicli/run.go:167.2,168.16 2 5
codeberg.org/snonux/hexai/internal/hexaicli/run.go:168.16,171.3 2 1
codeberg.org/snonux/hexai/internal/hexaicli/run.go:172.2,172.62 1 4
codeberg.org/snonux/hexai/internal/hexaicli/run.go:172.62,174.17 2 0
codeberg.org/snonux/hexai/internal/hexaicli/run.go:174.17,177.4 2 0
codeberg.org/snonux/hexai/internal/hexaicli/run.go:179.2,179.20 1 4
codeberg.org/snonux/hexai/internal/hexaicli/run.go:179.20,181.3 1 0
codeberg.org/snonux/hexai/internal/hexaicli/run.go:184.2,185.35 2 4
codeberg.org/snonux/hexai/internal/hexaicli/run.go:185.35,186.98 1 1
codeberg.org/snonux/hexai/internal/hexaicli/run.go:186.98,189.4 2 1
codeberg.org/snonux/hexai/internal/hexaicli/run.go:191.2,191.17 1 4
codeberg.org/snonux/hexai/internal/hexaicli/run.go:191.17,194.3 2 0
codeberg.org/snonux/hexai/internal/hexaicli/run.go:195.2,196.75 2 4
codeberg.org/snonux/hexai/internal/hexaicli/run.go:196.75,199.3 2 0
codeberg.org/snonux/hexai/internal/hexaicli/run.go:200.2,200.12 1 4
codeberg.org/snonux/hexai/internal/hexaicli/run.go:205.124,207.16 2 1
codeberg.org/snonux/hexai/internal/hexaicli/run.go:207.16,210.3 2 0
codeberg.org/snonux/hexai/internal/hexaicli/run.go:211.2,214.79 4 1
codeberg.org/snonux/hexai/internal/hexaicli/run.go:214.79,217.3 2 1
codeberg.org/snonux/hexai/internal/hexaicli/run.go:218.2,218.12 1 0
codeberg.org/snonux/hexai/internal/hexaicli/run.go:229.119,233.19 4 4
codeberg.org/snonux/hexai/internal/hexaicli/run.go:233.19,236.3 2 4
codeberg.org/snonux/hexai/internal/hexaicli/run.go:237.2,237.27 1 4
codeberg.org/snonux/hexai/internal/hexaicli/run.go:237.27,241.13 4 4
codeberg.org/snonux/hexai/internal/hexaicli/run.go:241.13,248.22 7 4
codeberg.org/snonux/hexai/internal/hexaicli/run.go:248.22,250.5 1 4
codeberg.org/snonux/hexai/internal/hexaicli/run.go:251.4,252.22 2 4
codeberg.org/snonux/hexai/internal/hexaicli/run.go:252.22,254.5 1 4
codeberg.org/snonux/hexai/internal/hexaicli/run.go:255.4,261.5 1 4
codeberg.org/snonux/hexai/internal/hexaicli/run.go:264.2,266.20 3 4
codeberg.org/snonux/hexai/internal/hexaicli/run.go:266.20,268.31 2 0
codeberg.org/snonux/hexai/internal/hexaicli/run.go:268.31,269.18 1 0
codeberg.org/snonux/hexai/internal/hexaicli/run.go:269.18,270.13 1 0
codeberg.org/snonux/hexai/internal/hexaicli/run.go:272.4,272.15 1 0
codeberg.org/snonux/hexai/internal/hexaicli/run.go:272.15,273.59 1 0
codeberg.org/snonux/hexai/internal/hexaicli/run.go:273.59,275.6 1 0
codeberg.org/snonux/hexai/internal/hexaicli/run.go:277.4,278.61 2 0
codeberg.org/snonux/hexai/internal/hexaicli/run.go:278.61,280.5 1 0
codeberg.org/snonux/hexai/internal/hexaicli/run.go:281.4,281.24 1 0
codeberg.org/snonux/hexai/internal/hexaicli/run.go:281.24,282.65 1 0
codeberg.org/snonux/hexai/internal/hexaicli/run.go:282.65,284.6 1 0
codeberg.org/snonux/hexai/internal/hexaicli/run.go:285.5,285.45 1 0
codeberg.org/snonux/hexai/internal/hexaicli/run.go:285.45,286.60 1 0
codeberg.org/snonux/hexai/internal/hexaicli/run.go:286.60,288.7 1 0
codeberg.org/snonux/hexai/internal/hexaicli/run.go:291.4,291.18 1 0
codeberg.org/snonux/hexai/internal/hexaicli/run.go:294.2,294.30 1 4
codeberg.org/snonux/hexai/internal/hexaicli/run.go:294.30,295.17 1 4
codeberg.org/snonux/hexai/internal/hexaicli/run.go:295.17,296.12 1 0
codeberg.org/snonux/hexai/internal/hexaicli/run.go:298.3,298.24 1 4
codeberg.org/snonux/hexai/internal/hexaicli/run.go:298.24,300.21 2 4
codeberg.org/snonux/hexai/internal/hexaicli/run.go:300.21,301.62 1 4
codeberg.org/snonux/hexai/internal/hexaicli/run.go:301.62,303.6 1 0
codeberg.org/snonux/hexai/internal/hexaicli/run.go:306.3,306.21 1 4
codeberg.org/snonux/hexai/internal/hexaicli/run.go:306.21,307.164 1 0
codeberg.org/snonux/hexai/internal/hexaicli/run.go:307.164,309.5 1 0
codeberg.org/snonux/hexai/internal/hexaicli/run.go:311.3,311.40 1 4
codeberg.org/snonux/hexai/internal/hexaicli/run.go:311.40,313.4 1 0
codeberg.org/snonux/hexai/internal/hexaicli/run.go:315.2,315.17 1 4
codeberg.org/snonux/hexai/internal/hexaicli/run.go:318.71,321.16 3 4
codeberg.org/snonux/hexai/internal/hexaicli/run.go:321.16,323.3 1 4
codeberg.org/snonux/hexai/internal/hexaicli/run.go:324.2,326.19 3 4
codeberg.org/snonux/hexai/internal/hexaicli/run.go:326.19,328.3 1 0
codeberg.org/snonux/hexai/internal/hexaicli/run.go:329.2,331.27 3 4
codeberg.org/snonux/hexai/internal/hexaicli/run.go:331.27,334.3 2 4
codeberg.org/snonux/hexai/internal/hexaicli/run.go:335.2,342.3 1 4
codeberg.org/snonux/hexai/internal/hexaicli/run.go:345.43,347.31 2 4
codeberg.org/snonux/hexai/internal/hexaicli/run.go:347.31,348.61 1 0
codeberg.org/snonux/hexai/internal/hexaicli/run.go:348.61,350.4 1 0
codeberg.org/snonux/hexai/internal/hexaicli/run.go:352.2,352.27 1 4
codeberg.org/snonux/hexai/internal/hexaicli/run.go:352.27,353.61 1 0
codeberg.org/snonux/hexai/internal/hexaicli/run.go:353.61,355.4 1 0
codeberg.org/snonux/hexai/internal/hexaicli/run.go:357.2,357.10 1 4
codeberg.org/snonux/hexai/internal/hexaicli/run.go:360.52,362.2 1 4
codeberg.org/snonux/hexai/internal/hexaicli/run.go:364.40,368.34 4 4
codeberg.org/snonux/hexai/internal/hexaicli/run.go:368.34,371.10 3 4
codeberg.org/snonux/hexai/internal/hexaicli/run.go:372.38,373.37 1 4
codeberg.org/snonux/hexai/internal/hexaicli/run.go:374.23,375.23 1 0
codeberg.org/snonux/hexai/internal/hexaicli/run.go:376.20,377.20 1 0
codeberg.org/snonux/hexai/internal/hexaicli/run.go:378.11,379.17 1 0
codeberg.org/snonux/hexai/internal/hexaicli/run.go:382.2,385.25 4 4
codeberg.org/snonux/hexai/internal/hexaicli/run.go:385.25,387.3 1 4
codeberg.org/snonux/hexai/internal/hexaicli/run.go:388.2,388.23 1 4
codeberg.org/snonux/hexai/internal/hexaicli/run.go:391.41,394.39 3 4
codeberg.org/snonux/hexai/internal/hexaicli/run.go:394.39,396.3 1 0
codeberg.org/snonux/hexai/internal/hexaicli/run.go:397.2,397.27 1 4
codeberg.org/snonux/hexai/internal/hexaicli/run.go:397.27,399.3 1 0
codeberg.org/snonux/hexai/internal/hexaicli/run.go:400.2,401.22 2 4
codeberg.org/snonux/hexai/internal/hexaicli/run.go:404.52,406.2 1 4
codeberg.org/snonux/hexai/internal/hexaicli/run.go:408.67,411.39 3 4
codeberg.org/snonux/hexai/internal/hexaicli/run.go:411.39,413.3 1 0
codeberg.org/snonux/hexai/internal/hexaicli/run.go:414.2,416.46 3 4
codeberg.org/snonux/hexai/internal/hexaicli/run.go:416.46,420.3 3 0
codeberg.org/snonux/hexai/internal/hexaicli/run.go:421.2,421.23 1 4
codeberg.org/snonux/hexai/internal/hexaicli/run.go:424.60,426.31 2 4
codeberg.org/snonux/hexai/internal/hexaicli/run.go:426.31,428.35 2 4
codeberg.org/snonux/hexai/internal/hexaicli/run.go:428.35,430.4 1 4
codeberg.org/snonux/hexai/internal/hexaicli/run.go:431.3,431.22 1 4
codeberg.org/snonux/hexai/internal/hexaicli/run.go:435.53,437.48 2 4
codeberg.org/snonux/hexai/internal/hexaicli/run.go:437.48,439.3 1 4
codeberg.org/snonux/hexai/internal/hexaicli/run.go:440.2,443.25 4 0
codeberg.org/snonux/hexai/internal/hexaicli/run.go:443.25,445.50 2 0
codeberg.org/snonux/hexai/internal/hexaicli/run.go:445.50,449.4 3 0
codeberg.org/snonux/hexai/internal/hexaicli/run.go:450.3,451.14 2 0
codeberg.org/snonux/hexai/internal/hexaicli/run.go:453.2,453.23 1 0
codeberg.org/snonux/hexai/internal/hexaicli/run.go:453.23,455.3 1 0
codeberg.org/snonux/hexai/internal/hexaicli/run.go:456.2,456.21 1 0
codeberg.org/snonux/hexai/internal/hexaicli/run.go:456.21,458.3 1 0
codeberg.org/snonux/hexai/internal/hexaicli/run.go:459.2,459.14 1 0
codeberg.org/snonux/hexai/internal/hexaicli/run.go:462.52,463.29 1 12
codeberg.org/snonux/hexai/internal/hexaicli/run.go:463.29,466.3 2 0
codeberg.org/snonux/hexai/internal/hexaicli/run.go:467.2,468.34 2 12
codeberg.org/snonux/hexai/internal/hexaicli/run.go:468.34,471.26 3 12
codeberg.org/snonux/hexai/internal/hexaicli/run.go:471.26,474.4 2 0
codeberg.org/snonux/hexai/internal/hexaicli/run.go:475.3,476.42 2 12
codeberg.org/snonux/hexai/internal/hexaicli/run.go:476.42,478.4 1 8
codeberg.org/snonux/hexai/internal/hexaicli/run.go:479.3,479.24 1 12
codeberg.org/snonux/hexai/internal/hexaicli/run.go:479.24,481.4 1 0
codeberg.org/snonux/hexai/internal/hexaicli/run.go:483.2,484.50 2 12
codeberg.org/snonux/hexai/internal/hexaicli/run.go:488.75,489.16 1 0
codeberg.org/snonux/hexai/internal/hexaicli/run.go:489.16,491.3 1 0
codeberg.org/snonux/hexai/internal/hexaicli/run.go:492.2,494.59 3 0
codeberg.org/snonux/hexai/internal/hexaicli/run.go:498.74,499.16 1 0
codeberg.org/snonux/hexai/internal/hexaicli/run.go:499.16,501.3 1 0
codeberg.org/snonux/hexai/internal/hexaicli/run.go:502.2,502.80 1 0
codeberg.org/snonux/hexai/internal/hexaicli/run.go:505.56,506.16 1 5
codeberg.org/snonux/hexai/internal/hexaicli/run.go:506.16,508.3 1 0
codeberg.org/snonux/hexai/internal/hexaicli/run.go:509.2,509.61 1 5
codeberg.org/snonux/hexai/internal/hexaicli/run.go:509.61,511.3 1 0
codeberg.org/snonux/hexai/internal/hexaicli/run.go:512.2,512.11 1 5
codeberg.org/snonux/hexai/internal/hexaicli/run.go:515.54,516.16 1 4
codeberg.org/snonux/hexai/internal/hexaicli/run.go:516.16,518.3 1 0
codeberg.org/snonux/hexai/internal/hexaicli/run.go:519.2,519.59 1 4
codeberg.org/snonux/hexai/internal/hexaicli/run.go:519.59,523.3 3 0
codeberg.org/snonux/hexai/internal/hexaicli/run.go:524.2,524.12 1 4
codeberg.org/snonux/hexai/internal/hexaicli/run.go:527.76,528.23 1 2
codeberg.org/snonux/hexai/internal/hexaicli/run.go:528.23,530.3 1 0
codeberg.org/snonux/hexai/internal/hexaicli/run.go:531.2,533.30 3 2
codeberg.org/snonux/hexai/internal/hexaicli/run.go:533.30,534.34 1 3
codeberg.org/snonux/hexai/internal/hexaicli/run.go:534.34,536.4 1 1
codeberg.org/snonux/hexai/internal/hexaicli/run.go:537.3,537.29 1 2
codeberg.org/snonux/hexai/internal/hexaicli/run.go:537.29,538.12 1 0
codeberg.org/snonux/hexai/internal/hexaicli/run.go:540.3,542.25 3 2
codeberg.org/snonux/hexai/internal/hexaicli/run.go:544.2,544.26 1 1
codeberg.org/snonux/hexai/internal/hexaicli/run.go:544.26,546.3 1 2
codeberg.org/snonux/hexai/internal/hexaicli/run.go:547.2,547.24 1 1
codeberg.org/snonux/hexai/internal/hexaicli/run.go:547.24,549.3 1 0
codeberg.org/snonux/hexai/internal/hexaicli/run.go:550.2,550.22 1 1
codeberg.org/snonux/hexai/internal/hexaicli/run.go:554.64,556.82 2 11
codeberg.org/snonux/hexai/internal/hexaicli/run.go:556.82,558.21 2 6
codeberg.org/snonux/hexai/internal/hexaicli/run.go:558.21,560.4 1 1
codeberg.org/snonux/hexai/internal/hexaicli/run.go:561.3,561.46 1 5
codeberg.org/snonux/hexai/internal/hexaicli/run.go:563.2,564.9 2 10
codeberg.org/snonux/hexai/internal/hexaicli/run.go:565.40,566.59 1 1
codeberg.org/snonux/hexai/internal/hexaicli/run.go:567.23,568.24 1 2
codeberg.org/snonux/hexai/internal/hexaicli/run.go:569.21,570.22 1 5
codeberg.org/snonux/hexai/internal/hexaicli/run.go:571.10,572.91 1 2
codeberg.org/snonux/hexai/internal/hexaicli/run.go:580.48,583.40 3 6
codeberg.org/snonux/hexai/internal/hexaicli/run.go:583.40,585.3 1 1
codeberg.org/snonux/hexai/internal/hexaicli/run.go:586.2,589.3 1 6
codeberg.org/snonux/hexai/internal/hexaicli/run.go:593.77,596.40 3 6
codeberg.org/snonux/hexai/internal/hexaicli/run.go:596.40,597.58 1 1
codeberg.org/snonux/hexai/internal/hexaicli/run.go:597.58,599.4 1 1
codeberg.org/snonux/hexai/internal/hexaicli/run.go:601.2,604.3 1 6
codeberg.org/snonux/hexai/internal/hexaicli/run.go:608.142,612.17 3 9
codeberg.org/snonux/hexai/internal/hexaicli/run.go:612.17,614.3 1 0
codeberg.org/snonux/hexai/internal/hexaicli/run.go:615.2,617.40 3 9
codeberg.org/snonux/hexai/internal/hexaicli/run.go:617.40,620.56 3 2
codeberg.org/snonux/hexai/internal/hexaicli/run.go:620.56,621.24 1 5
codeberg.org/snonux/hexai/internal/hexaicli/run.go:621.24,623.5 1 0
codeberg.org/snonux/hexai/internal/hexaicli/run.go:624.4,625.52 2 5
codeberg.org/snonux/hexai/internal/hexaicli/run.go:625.52,627.5 1 0
codeberg.org/snonux/hexai/internal/hexaicli/run.go:628.34,630.4 1 0
codeberg.org/snonux/hexai/internal/hexaicli/run.go:631.3,631.23 1 2
codeberg.org/snonux/hexai/internal/hexaicli/run.go:631.23,633.4 1 0
codeberg.org/snonux/hexai/internal/hexaicli/run.go:634.3,634.22 1 2
codeberg.org/snonux/hexai/internal/hexaicli/run.go:635.8,637.17 2 7
codeberg.org/snonux/hexai/internal/hexaicli/run.go:637.17,639.4 1 2
codeberg.org/snonux/hexai/internal/hexaicli/run.go:640.3,641.52 2 5
codeberg.org/snonux/hexai/internal/hexaicli/run.go:641.52,643.4 1 0
codeberg.org/snonux/hexai/internal/hexaicli/run.go:645.2,648.25 3 7
codeberg.org/snonux/hexai/internal/hexaicli/run.go:648.25,650.3 1 13
codeberg.org/snonux/hexai/internal/hexaicli/run.go:651.2,655.18 5 7
codeberg.org/snonux/hexai/internal/hexaicli/run.go:655.18,657.3 1 0
codeberg.org/snonux/hexai/internal/hexaicli/run.go:658.2,659.49 2 7
codeberg.org/snonux/hexai/internal/hexaicli/run.go:659.49,660.39 1 7
codeberg.org/snonux/hexai/internal/hexaicli/run.go:660.39,662.4 1 7
codeberg.org/snonux/hexai/internal/hexaicli/run.go:664.2,666.106 2 7
codeberg.org/snonux/hexai/internal/hexaicli/run.go:666.106,668.3 1 0
codeberg.org/snonux/hexai/internal/hexaicli/run.go:669.2,670.12 2 7
codeberg.org/snonux/hexai/internal/hexaicli/run.go:674.73,675.36 1 6
codeberg.org/snonux/hexai/internal/hexaicli/run.go:675.36,677.3 1 0
codeberg.org/snonux/hexai/internal/hexaicli/run.go:678.2,678.112 1 6
codeberg.org/snonux/hexai/internal/hexaicli/run.go:685.65,685.97 1 2
