mode: count
codeberg.org/snonux/hexai/internal/tmuxedit/agent.go:46.39,46.51 1 10
codeberg.org/snonux/hexai/internal/tmuxedit/agent.go:49.35,49.52 1 65
codeberg.org/snonux/hexai/internal/tmuxedit/agent.go:52.42,52.66 1 3
codeberg.org/snonux/hexai/internal/tmuxedit/agent.go:56.53,57.27 1 48
codeberg.org/snonux/hexai/internal/tmuxedit/agent.go:57.27,59.3 1 0
codeberg.org/snonux/hexai/internal/tmuxedit/agent.go:60.2,61.16 2 48
codeberg.org/snonux/hexai/internal/tmuxedit/agent.go:61.16,63.3 1 1
codeberg.org/snonux/hexai/internal/tmuxedit/agent.go:64.2,64.36 1 47
codeberg.org/snonux/hexai/internal/tmuxedit/agent.go:72.62,73.23 1 6
codeberg.org/snonux/hexai/internal/tmuxedit/agent.go:73.23,75.3 1 3
codeberg.org/snonux/hexai/internal/tmuxedit/agent.go:76.2,77.16 2 3
codeberg.org/snonux/hexai/internal/tmuxedit/agent.go:77.16,79.3 1 1
codeberg.org/snonux/hexai/internal/tmuxedit/agent.go:80.2,83.26 4 2
codeberg.org/snonux/hexai/internal/tmuxedit/agent.go:83.26,85.3 1 0
codeberg.org/snonux/hexai/internal/tmuxedit/agent.go:86.2,86.12 1 2
codeberg.org/snonux/hexai/internal/tmuxedit/agent.go:86.12,88.3 1 0
codeberg.org/snonux/hexai/internal/tmuxedit/agent.go:89.2,89.61 1 2
codeberg.org/snonux/hexai/internal/tmuxedit/agent.go:94.53,95.40 1 2
codeberg.org/snonux/hexai/internal/tmuxedit/agent.go:95.40,97.3 1 2
codeberg.org/snonux/hexai/internal/tmuxedit/agent.go:98.2,98.63 1 0
codeberg.org/snonux/hexai/internal/tmuxedit/agent.go:98.63,100.3 1 0
codeberg.org/snonux/hexai/internal/tmuxedit/agent.go:101.2,102.12 2 0
codeberg.org/snonux/hexai/internal/tmuxedit/agent.go:107.57,108.35 1 4
codeberg.org/snonux/hexai/internal/tmuxedit/agent.go:108.35,110.3 1 1
codeberg.org/snonux/hexai/internal/tmuxedit/agent.go:111.2,111.47 1 3
codeberg.org/snonux/hexai/internal/tmuxedit/agent.go:116.60,117.27 1 15
codeberg.org/snonux/hexai/internal/tmuxedit/agent.go:117.27,118.28 1 39
codeberg.org/snonux/hexai/internal/tmuxedit/agent.go:118.28,120.4 1 10
codeberg.org/snonux/hexai/internal/tmuxedit/agent.go:122.2,122.23 1 5
codeberg.org/snonux/hexai/internal/tmuxedit/agent.go:127.57,128.27 1 7
codeberg.org/snonux/hexai/internal/tmuxedit/agent.go:128.27,129.40 1 14
codeberg.org/snonux/hexai/internal/tmuxedit/agent.go:129.40,131.4 1 6
codeberg.org/snonux/hexai/internal/tmuxedit/agent.go:133.2,133.23 1 1
codeberg.org/snonux/hexai/internal/tmuxedit/agentutil.go:21.76,24.33 3 14
codeberg.org/snonux/hexai/internal/tmuxedit/agentutil.go:24.33,26.18 2 42
codeberg.org/snonux/hexai/internal/tmuxedit/agentutil.go:26.18,28.4 1 22
codeberg.org/snonux/hexai/internal/tmuxedit/agentutil.go:30.2,30.16 1 14
codeberg.org/snonux/hexai/internal/tmuxedit/agentutil.go:35.68,37.28 2 1
codeberg.org/snonux/hexai/internal/tmuxedit/agentutil.go:37.28,39.17 2 3
codeberg.org/snonux/hexai/internal/tmuxedit/agentutil.go:39.17,41.4 1 2
codeberg.org/snonux/hexai/internal/tmuxedit/agentutil.go:43.2,43.34 1 1
codeberg.org/snonux/hexai/internal/tmuxedit/agentutil.go:50.77,53.72 3 12
codeberg.org/snonux/hexai/internal/tmuxedit/agentutil.go:53.72,55.3 1 7
codeberg.org/snonux/hexai/internal/tmuxedit/agentutil.go:56.2,57.33 2 12
codeberg.org/snonux/hexai/internal/tmuxedit/agentutil.go:57.33,59.17 2 19
codeberg.org/snonux/hexai/internal/tmuxedit/agentutil.go:59.17,61.4 1 18
codeberg.org/snonux/hexai/internal/tmuxedit/agentutil.go:63.2,63.34 1 12
codeberg.org/snonux/hexai/internal/tmuxedit/agentutil.go:70.68,71.26 1 16
codeberg.org/snonux/hexai/internal/tmuxedit/agentutil.go:71.26,73.3 1 3
codeberg.org/snonux/hexai/internal/tmuxedit/agentutil.go:74.2,75.16 2 13
codeberg.org/snonux/hexai/internal/tmuxedit/agentutil.go:75.16,77.3 1 1
codeberg.org/snonux/hexai/internal/tmuxedit/agentutil.go:78.2,80.29 3 12
codeberg.org/snonux/hexai/internal/tmuxedit/agentutil.go:80.29,81.27 1 58
codeberg.org/snonux/hexai/internal/tmuxedit/agentutil.go:81.27,83.4 1 24
codeberg.org/snonux/hexai/internal/tmuxedit/agentutil.go:85.2,85.25 1 12
codeberg.org/snonux/hexai/internal/tmuxedit/agentutil.go:85.25,87.3 1 4
codeberg.org/snonux/hexai/internal/tmuxedit/agentutil.go:88.2,90.18 3 8
codeberg.org/snonux/hexai/internal/tmuxedit/agentutil.go:90.18,92.3 1 0
codeberg.org/snonux/hexai/internal/tmuxedit/agentutil.go:93.2,93.45 1 8
codeberg.org/snonux/hexai/internal/tmuxedit/agentutil.go:98.56,99.29 1 35
codeberg.org/snonux/hexai/internal/tmuxedit/agentutil.go:99.29,101.3 1 44
codeberg.org/snonux/hexai/internal/tmuxedit/agentutil.go:102.2,102.32 1 35
codeberg.org/snonux/hexai/internal/tmuxedit/agentutil.go:108.56,109.50 1 4
codeberg.org/snonux/hexai/internal/tmuxedit/agentutil.go:109.50,111.16 2 16
codeberg.org/snonux/hexai/internal/tmuxedit/agentutil.go:111.16,112.62 1 2
codeberg.org/snonux/hexai/internal/tmuxedit/agentutil.go:112.62,114.5 1 0
codeberg.org/snonux/hexai/internal/tmuxedit/agentutil.go:115.9,116.48 1 14
codeberg.org/snonux/hexai/internal/tmuxedit/agentutil.go:116.48,118.5 1 0
codeberg.org/snonux/hexai/internal/tmuxedit/agentutil.go:121.2,121.12 1 4
codeberg.org/snonux/hexai/internal/tmuxedit/agentutil.go:126.49,128.36 2 24
codeberg.org/snonux/hexai/internal/tmuxedit/agentutil.go:128.36,130.3 1 17
codeberg.org/snonux/hexai/internal/tmuxedit/agentutil.go:131.2,132.25 2 7
codeberg.org/snonux/hexai/internal/tmuxedit/agentutil.go:132.25,134.3 1 2
codeberg.org/snonux/hexai/internal/tmuxedit/agentutil.go:135.2,135.23 1 5
codeberg.org/snonux/hexai/internal/tmuxedit/agentutil.go:142.56,144.29 2 7
codeberg.org/snonux/hexai/internal/tmuxedit/agentutil.go:144.29,145.48 1 11
codeberg.org/snonux/hexai/internal/tmuxedit/agentutil.go:145.48,147.4 1 1
codeberg.org/snonux/hexai/internal/tmuxedit/agentutil.go:149.3,149.23 1 10
codeberg.org/snonux/hexai/internal/tmuxedit/agentutil.go:149.23,151.19 2 4
codeberg.org/snonux/hexai/internal/tmuxedit/agentutil.go:151.19,153.5 1 1
codeberg.org/snonux/hexai/internal/tmuxedit/agentutil.go:154.4,154.50 1 4
codeberg.org/snonux/hexai/internal/tmuxedit/agentutil.go:154.50,156.5 1 0
codeberg.org/snonux/hexai/internal/tmuxedit/agentutil.go:159.2,159.12 1 6
codeberg.org/snonux/hexai/internal/tmuxedit/capture.go:11.55,13.16 2 3
codeberg.org/snonux/hexai/internal/tmuxedit/capture.go:13.16,15.3 1 1
codeberg.org/snonux/hexai/internal/tmuxedit/capture.go:16.2,16.50 1 2
codeberg.org/snonux/hexai/internal/tmuxedit/claude_agent.go:16.36,28.2 1 18
codeberg.org/snonux/hexai/internal/tmuxedit/claude_agent.go:34.64,35.23 1 8
codeberg.org/snonux/hexai/internal/tmuxedit/claude_agent.go:35.23,37.3 1 0
codeberg.org/snonux/hexai/internal/tmuxedit/claude_agent.go:38.2,39.16 2 8
codeberg.org/snonux/hexai/internal/tmuxedit/claude_agent.go:39.16,41.3 1 0
codeberg.org/snonux/hexai/internal/tmuxedit/claude_agent.go:43.2,50.33 5 8
codeberg.org/snonux/hexai/internal/tmuxedit/claude_agent.go:50.33,52.18 2 14
codeberg.org/snonux/hexai/internal/tmuxedit/claude_agent.go:52.18,55.21 2 9
codeberg.org/snonux/hexai/internal/tmuxedit/claude_agent.go:55.21,57.5 1 8
codeberg.org/snonux/hexai/internal/tmuxedit/claude_agent.go:58.4,58.19 1 9
codeberg.org/snonux/hexai/internal/tmuxedit/claude_agent.go:59.9,59.22 1 5
codeberg.org/snonux/hexai/internal/tmuxedit/claude_agent.go:59.22,62.21 2 3
codeberg.org/snonux/hexai/internal/tmuxedit/claude_agent.go:62.21,64.5 1 1
codeberg.org/snonux/hexai/internal/tmuxedit/claude_agent.go:64.10,67.5 1 2
codeberg.org/snonux/hexai/internal/tmuxedit/claude_agent.go:70.2,70.34 1 8
codeberg.org/snonux/hexai/internal/tmuxedit/claude_agent.go:76.55,77.40 1 2
codeberg.org/snonux/hexai/internal/tmuxedit/claude_agent.go:77.40,79.3 1 0
codeberg.org/snonux/hexai/internal/tmuxedit/claude_agent.go:80.2,80.63 1 2
codeberg.org/snonux/hexai/internal/tmuxedit/claude_agent.go:80.63,82.3 1 0
codeberg.org/snonux/hexai/internal/tmuxedit/claude_agent.go:83.2,84.12 2 2
codeberg.org/snonux/hexai/internal/tmuxedit/config_agent.go:18.30,43.2 1 15
codeberg.org/snonux/hexai/internal/tmuxedit/config_agent.go:47.27,54.2 1 7
codeberg.org/snonux/hexai/internal/tmuxedit/config_agent.go:60.68,62.31 2 8
codeberg.org/snonux/hexai/internal/tmuxedit/config_agent.go:62.31,64.28 2 3
codeberg.org/snonux/hexai/internal/tmuxedit/config_agent.go:64.28,65.45 1 8
codeberg.org/snonux/hexai/internal/tmuxedit/config_agent.go:65.45,66.13 1 6
codeberg.org/snonux/hexai/internal/tmuxedit/config_agent.go:68.4,68.37 1 2
codeberg.org/snonux/hexai/internal/tmuxedit/config_agent.go:68.37,70.5 1 2
codeberg.org/snonux/hexai/internal/tmuxedit/config_agent.go:71.4,73.9 3 2
codeberg.org/snonux/hexai/internal/tmuxedit/config_agent.go:75.3,75.14 1 3
codeberg.org/snonux/hexai/internal/tmuxedit/config_agent.go:75.14,77.4 1 1
codeberg.org/snonux/hexai/internal/tmuxedit/config_agent.go:79.2,79.15 1 8
codeberg.org/snonux/hexai/internal/tmuxedit/config_agent.go:84.72,85.54 1 2
codeberg.org/snonux/hexai/internal/tmuxedit/config_agent.go:85.54,87.3 1 2
codeberg.org/snonux/hexai/internal/tmuxedit/config_agent.go:88.2,88.56 1 2
codeberg.org/snonux/hexai/internal/tmuxedit/config_agent.go:88.56,90.3 1 1
codeberg.org/snonux/hexai/internal/tmuxedit/config_agent.go:91.2,91.57 1 2
codeberg.org/snonux/hexai/internal/tmuxedit/config_agent.go:91.57,93.3 1 0
codeberg.org/snonux/hexai/internal/tmuxedit/config_agent.go:94.2,94.56 1 2
codeberg.org/snonux/hexai/internal/tmuxedit/config_agent.go:94.56,96.3 1 1
codeberg.org/snonux/hexai/internal/tmuxedit/config_agent.go:97.2,97.32 1 2
codeberg.org/snonux/hexai/internal/tmuxedit/config_agent.go:97.32,99.3 1 1
codeberg.org/snonux/hexai/internal/tmuxedit/config_agent.go:100.2,100.27 1 2
codeberg.org/snonux/hexai/internal/tmuxedit/config_agent.go:100.27,102.3 1 2
codeberg.org/snonux/hexai/internal/tmuxedit/config_agent.go:103.2,103.52 1 2
codeberg.org/snonux/hexai/internal/tmuxedit/config_agent.go:103.52,105.3 1 1
codeberg.org/snonux/hexai/internal/tmuxedit/config_agent.go:106.2,106.54 1 2
codeberg.org/snonux/hexai/internal/tmuxedit/config_agent.go:106.54,108.3 1 1
codeberg.org/snonux/hexai/internal/tmuxedit/config_agent.go:109.2,109.53 1 2
codeberg.org/snonux/hexai/internal/tmuxedit/config_agent.go:109.53,111.3 1 1
codeberg.org/snonux/hexai/internal/tmuxedit/config_agent.go:115.60,127.27 2 2
codeberg.org/snonux/hexai/internal/tmuxedit/config_agent.go:127.27,129.3 1 1
codeberg.org/snonux/hexai/internal/tmuxedit/config_agent.go:130.2,130.25 1 2
codeberg.org/snonux/hexai/internal/tmuxedit/config_agent.go:130.25,132.3 1 1
codeberg.org/snonux/hexai/internal/tmuxedit/config_agent.go:133.2,133.24 1 2
codeberg.org/snonux/hexai/internal/tmuxedit/cursor_agent.go:15.36,27.2 1 18
codeberg.org/snonux/hexai/internal/tmuxedit/cursor_agent.go:32.64,33.23 1 9
codeberg.org/snonux/hexai/internal/tmuxedit/cursor_agent.go:33.23,35.3 1 0
codeberg.org/snonux/hexai/internal/tmuxedit/cursor_agent.go:36.2,37.16 2 9
codeberg.org/snonux/hexai/internal/tmuxedit/cursor_agent.go:37.16,39.3 1 0
codeberg.org/snonux/hexai/internal/tmuxedit/cursor_agent.go:40.2,41.26 2 9
codeberg.org/snonux/hexai/internal/tmuxedit/cursor_agent.go:41.26,43.3 1 2
codeberg.org/snonux/hexai/internal/tmuxedit/cursor_agent.go:44.2,44.61 1 7
codeberg.org/snonux/hexai/internal/tmuxedit/cursor_agent.go:49.55,50.40 1 2
codeberg.org/snonux/hexai/internal/tmuxedit/cursor_agent.go:50.40,52.3 1 0
codeberg.org/snonux/hexai/internal/tmuxedit/cursor_agent.go:53.2,53.63 1 2
codeberg.org/snonux/hexai/internal/tmuxedit/cursor_agent.go:53.63,55.3 1 0
codeberg.org/snonux/hexai/internal/tmuxedit/cursor_agent.go:56.2,57.12 2 2
codeberg.org/snonux/hexai/internal/tmuxedit/pane.go:11.68,13.2 1 0
codeberg.org/snonux/hexai/internal/tmuxedit/pane.go:18.57,20.47 1 12
codeberg.org/snonux/hexai/internal/tmuxedit/pane.go:20.47,22.3 1 3
codeberg.org/snonux/hexai/internal/tmuxedit/pane.go:24.2,24.67 1 9
codeberg.org/snonux/hexai/internal/tmuxedit/pane.go:24.67,26.3 1 1
codeberg.org/snonux/hexai/internal/tmuxedit/pane.go:28.2,28.26 1 8
codeberg.org/snonux/hexai/internal/tmuxedit/pane.go:32.40,34.16 2 8
codeberg.org/snonux/hexai/internal/tmuxedit/pane.go:34.16,36.3 1 2
codeberg.org/snonux/hexai/internal/tmuxedit/pane.go:37.2,38.16 2 6
codeberg.org/snonux/hexai/internal/tmuxedit/pane.go:38.16,40.3 1 1
codeberg.org/snonux/hexai/internal/tmuxedit/pane.go:41.2,41.18 1 5
codeberg.org/snonux/hexai/internal/tmuxedit/run.go:25.76,27.16 2 0
codeberg.org/snonux/hexai/internal/tmuxedit/run.go:27.16,29.3 1 0
codeberg.org/snonux/hexai/internal/tmuxedit/run.go:31.2,32.16 2 0
codeberg.org/snonux/hexai/internal/tmuxedit/run.go:32.16,34.3 1 0
codeberg.org/snonux/hexai/internal/tmuxedit/run.go:35.2,36.15 2 0
codeberg.org/snonux/hexai/internal/tmuxedit/run.go:36.15,36.38 1 0
codeberg.org/snonux/hexai/internal/tmuxedit/run.go:38.2,38.19 1 0
codeberg.org/snonux/hexai/internal/tmuxedit/run.go:38.19,39.51 1 0
codeberg.org/snonux/hexai/internal/tmuxedit/run.go:39.51,42.4 2 0
codeberg.org/snonux/hexai/internal/tmuxedit/run.go:44.2,44.34 1 0
codeberg.org/snonux/hexai/internal/tmuxedit/run.go:44.34,46.3 1 0
codeberg.org/snonux/hexai/internal/tmuxedit/run.go:49.2,49.62 1 0
codeberg.org/snonux/hexai/internal/tmuxedit/run.go:49.62,51.3 1 0
codeberg.org/snonux/hexai/internal/tmuxedit/run.go:53.2,54.16 2 0
codeberg.org/snonux/hexai/internal/tmuxedit/run.go:54.16,56.3 1 0
codeberg.org/snonux/hexai/internal/tmuxedit/run.go:57.2,57.42 1 0
codeberg.org/snonux/hexai/internal/tmuxedit/run.go:63.62,65.17 2 0
codeberg.org/snonux/hexai/internal/tmuxedit/run.go:65.17,67.3 1 0
codeberg.org/snonux/hexai/internal/tmuxedit/run.go:68.2,68.18 1 0
codeberg.org/snonux/hexai/internal/tmuxedit/run.go:68.18,70.3 1 0
codeberg.org/snonux/hexai/internal/tmuxedit/run.go:71.2,72.44 2 0
codeberg.org/snonux/hexai/internal/tmuxedit/run.go:76.34,78.2 1 3
codeberg.org/snonux/hexai/internal/tmuxedit/run.go:88.30,89.23 1 0
codeberg.org/snonux/hexai/internal/tmuxedit/run.go:89.23,91.3 1 0
codeberg.org/snonux/hexai/internal/tmuxedit/run.go:92.2,93.33 2 0
codeberg.org/snonux/hexai/internal/tmuxedit/run.go:97.50,101.2 3 0
codeberg.org/snonux/hexai/internal/tmuxedit/run.go:107.21,109.16 2 7
codeberg.org/snonux/hexai/internal/tmuxedit/run.go:109.16,111.3 1 0
codeberg.org/snonux/hexai/internal/tmuxedit/run.go:112.2,112.60 1 7
codeberg.org/snonux/hexai/internal/tmuxedit/run.go:115.38,116.21 1 58
codeberg.org/snonux/hexai/internal/tmuxedit/run.go:116.21,118.3 1 58
codeberg.org/snonux/hexai/internal/tmuxedit/run.go:124.59,130.16 5 7
codeberg.org/snonux/hexai/internal/tmuxedit/run.go:130.16,133.3 2 1
codeberg.org/snonux/hexai/internal/tmuxedit/run.go:134.2,137.16 3 6
codeberg.org/snonux/hexai/internal/tmuxedit/run.go:137.16,140.3 2 1
codeberg.org/snonux/hexai/internal/tmuxedit/run.go:141.2,155.16 11 5
codeberg.org/snonux/hexai/internal/tmuxedit/run.go:155.16,158.3 2 1
codeberg.org/snonux/hexai/internal/tmuxedit/run.go:159.2,163.16 4 4
codeberg.org/snonux/hexai/internal/tmuxedit/run.go:163.16,166.3 2 1
codeberg.org/snonux/hexai/internal/tmuxedit/run.go:168.2,169.49 2 3
codeberg.org/snonux/hexai/internal/tmuxedit/run.go:169.49,172.3 2 0
codeberg.org/snonux/hexai/internal/tmuxedit/run.go:173.2,173.53 1 3
codeberg.org/snonux/hexai/internal/tmuxedit/run.go:173.53,176.3 2 0
codeberg.org/snonux/hexai/internal/tmuxedit/run.go:177.2,178.12 2 3
codeberg.org/snonux/hexai/internal/tmuxedit/run.go:183.35,184.52 1 5
codeberg.org/snonux/hexai/internal/tmuxedit/run.go:184.52,185.69 1 10
codeberg.org/snonux/hexai/internal/tmuxedit/run.go:185.69,187.4 1 0
codeberg.org/snonux/hexai/internal/tmuxedit/run.go:193.58,195.13 2 5
codeberg.org/snonux/hexai/internal/tmuxedit/run.go:195.13,197.3 1 4
codeberg.org/snonux/hexai/internal/tmuxedit/run.go:198.2,199.13 2 5
codeberg.org/snonux/hexai/internal/tmuxedit/run.go:199.13,201.3 1 4
codeberg.org/snonux/hexai/internal/tmuxedit/run.go:202.2,202.13 1 5
codeberg.org/snonux/hexai/internal/tmuxedit/run.go:206.60,207.16 1 7
codeberg.org/snonux/hexai/internal/tmuxedit/run.go:207.16,209.3 1 2
codeberg.org/snonux/hexai/internal/tmuxedit/run.go:210.2,210.37 1 5
codeberg.org/snonux/hexai/internal/tmuxedit/send.go:11.58,14.16 3 0
codeberg.org/snonux/hexai/internal/tmuxedit/send.go:14.16,16.3 1 0
codeberg.org/snonux/hexai/internal/tmuxedit/send.go:17.2,17.12 1 0
codeberg.org/snonux/hexai/internal/tmuxedit/send.go:22.65,25.16 3 1
codeberg.org/snonux/hexai/internal/tmuxedit/send.go:25.16,27.3 1 0
codeberg.org/snonux/hexai/internal/tmuxedit/send.go:28.2,28.12 1 1
codeberg.org/snonux/hexai/internal/tmuxedit/send.go:33.30,33.68 1 0
codeberg.org/snonux/hexai/internal/tmuxedit/send.go:40.54,43.40 3 12
codeberg.org/snonux/hexai/internal/tmuxedit/send.go:43.40,45.3 1 4
codeberg.org/snonux/hexai/internal/tmuxedit/send.go:46.2,46.15 1 8
