mode: count
codeberg.org/snonux/hexai/internal/tmux/status.go:25.21,27.13 2 0
codeberg.org/snonux/hexai/internal/tmux/status.go:27.13,29.3 1 0
codeberg.org/snonux/hexai/internal/tmux/status.go:30.2,31.59 2 0
codeberg.org/snonux/hexai/internal/tmux/status.go:35.45,36.48 1 0
codeberg.org/snonux/hexai/internal/tmux/status.go:36.48,38.3 1 0
codeberg.org/snonux/hexai/internal/tmux/status.go:39.2,40.13 2 0
codeberg.org/snonux/hexai/internal/tmux/status.go:40.13,42.3 1 0
codeberg.org/snonux/hexai/internal/tmux/status.go:44.2,44.69 1 0
codeberg.org/snonux/hexai/internal/tmux/status.go:48.36,48.95 1 0
codeberg.org/snonux/hexai/internal/tmux/status.go:52.98,54.2 1 1
codeberg.org/snonux/hexai/internal/tmux/status.go:59.115,68.2 3 1
codeberg.org/snonux/hexai/internal/tmux/status.go:74.194,79.90 4 2
codeberg.org/snonux/hexai/internal/tmux/status.go:79.90,81.3 1 1
codeberg.org/snonux/hexai/internal/tmux/status.go:82.2,84.34 2 1
codeberg.org/snonux/hexai/internal/tmux/status.go:84.34,85.50 1 1
codeberg.org/snonux/hexai/internal/tmux/status.go:85.50,87.4 1 0
codeberg.org/snonux/hexai/internal/tmux/status.go:88.3,88.21 1 1
codeberg.org/snonux/hexai/internal/tmux/status.go:88.21,90.4 1 1
codeberg.org/snonux/hexai/internal/tmux/status.go:92.2,92.20 1 0
codeberg.org/snonux/hexai/internal/tmux/status.go:95.42,96.12 1 2
codeberg.org/snonux/hexai/internal/tmux/status.go:96.12,98.3 1 0
codeberg.org/snonux/hexai/internal/tmux/status.go:99.2,100.18 2 2
codeberg.org/snonux/hexai/internal/tmux/status.go:100.18,102.3 1 0
codeberg.org/snonux/hexai/internal/tmux/status.go:103.2,103.16 1 2
codeberg.org/snonux/hexai/internal/tmux/status.go:103.16,105.3 1 0
codeberg.org/snonux/hexai/internal/tmux/status.go:106.2,106.33 1 2
codeberg.org/snonux/hexai/internal/tmux/status.go:110.27,112.13 2 2
codeberg.org/snonux/hexai/internal/tmux/status.go:112.13,114.3 1 1
codeberg.org/snonux/hexai/internal/tmux/status.go:115.2,115.11 1 1
codeberg.org/snonux/hexai/internal/tmux/status.go:116.32,117.14 1 1
codeberg.org/snonux/hexai/internal/tmux/status.go:118.10,119.15 1 0
codeberg.org/snonux/hexai/internal/tmux/status.go:124.25,126.13 2 1
codeberg.org/snonux/hexai/internal/tmux/status.go:126.13,128.3 1 0
codeberg.org/snonux/hexai/internal/tmux/status.go:129.2,130.26 2 1
codeberg.org/snonux/hexai/internal/tmux/status.go:130.26,132.3 1 0
codeberg.org/snonux/hexai/internal/tmux/status.go:133.2,133.10 1 1
codeberg.org/snonux/hexai/internal/tmux/status.go:136.45,137.12 1 1
codeberg.org/snonux/hexai/internal/tmux/status.go:137.12,139.3 1 0
codeberg.org/snonux/hexai/internal/tmux/status.go:140.2,140.17 1 1
codeberg.org/snonux/hexai/internal/tmux/status.go:140.17,142.3 1 0
codeberg.org/snonux/hexai/internal/tmux/status.go:143.2,143.12 1 1
codeberg.org/snonux/hexai/internal/tmux/status.go:143.12,145.3 1 0
codeberg.org/snonux/hexai/internal/tmux/status.go:146.2,146.24 1 1
codeberg.org/snonux/hexai/internal/tmux/status.go:149.35,152.77 3 5
codeberg.org/snonux/hexai/internal/tmux/status.go:152.77,154.3 1 0
codeberg.org/snonux/hexai/internal/tmux/status.go:155.2,155.85 1 5
codeberg.org/snonux/hexai/internal/tmux/status.go:155.85,157.3 1 0
codeberg.org/snonux/hexai/internal/tmux/status.go:158.2,158.27 1 5
codeberg.org/snonux/hexai/internal/tmux/status.go:158.27,160.3 1 5
codeberg.org/snonux/hexai/internal/tmux/status.go:161.2,161.15 1 0
codeberg.org/snonux/hexai/internal/tmux/status.go:166.58,168.2 1 0
codeberg.org/snonux/hexai/internal/tmux/status.go:172.34,180.26 6 0
codeberg.org/snonux/hexai/internal/tmux/status.go:180.26,182.15 2 0
codeberg.org/snonux/hexai/internal/tmux/status.go:182.15,184.4 1 0
codeberg.org/snonux/hexai/internal/tmux/status.go:184.9,186.4 1 0
codeberg.org/snonux/hexai/internal/tmux/status.go:188.8,189.16 1 0
codeberg.org/snonux/hexai/internal/tmux/status.go:190.67,191.47 1 0
codeberg.org/snonux/hexai/internal/tmux/status.go:192.53,193.46 1 0
codeberg.org/snonux/hexai/internal/tmux/status.go:194.49,195.44 1 0
codeberg.org/snonux/hexai/internal/tmux/status.go:197.3,197.19 1 0
codeberg.org/snonux/hexai/internal/tmux/status.go:197.19,199.4 1 0
codeberg.org/snonux/hexai/internal/tmux/status.go:203.2,204.26 2 0
codeberg.org/snonux/hexai/internal/tmux/status.go:204.26,207.3 2 0
codeberg.org/snonux/hexai/internal/tmux/status.go:207.8,208.16 1 0
codeberg.org/snonux/hexai/internal/tmux/status.go:209.67,210.63 1 0
codeberg.org/snonux/hexai/internal/tmux/status.go:211.53,212.63 1 0
codeberg.org/snonux/hexai/internal/tmux/status.go:213.49,214.63 1 0
codeberg.org/snonux/hexai/internal/tmux/status.go:219.2,219.38 1 0
codeberg.org/snonux/hexai/internal/tmux/status.go:219.38,221.3 1 0
codeberg.org/snonux/hexai/internal/tmux/status.go:222.2,222.39 1 0
codeberg.org/snonux/hexai/internal/tmux/status.go:222.39,224.3 1 0
codeberg.org/snonux/hexai/internal/tmux/status.go:225.2,225.41 1 0
codeberg.org/snonux/hexai/internal/tmux/status.go:225.41,227.3 1 0
codeberg.org/snonux/hexai/internal/tmux/status.go:229.2,229.11 1 0
codeberg.org/snonux/hexai/internal/tmux/status.go:229.11,231.3 1 0
codeberg.org/snonux/hexai/internal/tmux/status.go:233.2,234.14 2 0
codeberg.org/snonux/hexai/internal/tmux/status.go:234.14,236.3 1 0
codeberg.org/snonux/hexai/internal/tmux/status.go:237.2,238.48 2 0
codeberg.org/snonux/hexai/internal/tmux/tmux.go:11.23,11.60 1 2
codeberg.org/snonux/hexai/internal/tmux/tmux.go:19.23,19.72 2 4
codeberg.org/snonux/hexai/internal/tmux/tmux.go:22.23,22.76 1 3
codeberg.org/snonux/hexai/internal/tmux/tmux.go:33.52,34.20 1 1
codeberg.org/snonux/hexai/internal/tmux/tmux.go:34.20,36.3 1 0
codeberg.org/snonux/hexai/internal/tmux/tmux.go:37.2,38.19 2 1
codeberg.org/snonux/hexai/internal/tmux/tmux.go:38.19,40.3 1 1
codeberg.org/snonux/hexai/internal/tmux/tmux.go:40.8,42.3 1 0
codeberg.org/snonux/hexai/internal/tmux/tmux.go:43.2,43.45 1 1
codeberg.org/snonux/hexai/internal/tmux/tmux.go:43.45,45.3 1 1
codeberg.org/snonux/hexai/internal/tmux/tmux.go:46.2,46.42 1 1
codeberg.org/snonux/hexai/internal/tmux/tmux.go:46.42,48.3 1 1
codeberg.org/snonux/hexai/internal/tmux/tmux.go:50.2,53.16 4 1
codeberg.org/snonux/hexai/internal/tmux/tmux.go:58.38,60.25 2 1
codeberg.org/snonux/hexai/internal/tmux/tmux.go:60.25,61.14 1 4
codeberg.org/snonux/hexai/internal/tmux/tmux.go:61.14,63.12 2 0
codeberg.org/snonux/hexai/internal/tmux/tmux.go:65.3,65.20 1 4
codeberg.org/snonux/hexai/internal/tmux/tmux.go:65.20,67.12 2 2
codeberg.org/snonux/hexai/internal/tmux/tmux.go:71.3,72.33 2 2
codeberg.org/snonux/hexai/internal/tmux/tmux.go:74.2,74.31 1 1
codeberg.org/snonux/hexai/internal/tmux/tmux.go:78.32,79.30 1 4
codeberg.org/snonux/hexai/internal/tmux/tmux.go:79.30,81.141 2 27
codeberg.org/snonux/hexai/internal/tmux/tmux.go:81.141,82.12 1 25
codeberg.org/snonux/hexai/internal/tmux/tmux.go:84.3,84.15 1 2
codeberg.org/snonux/hexai/internal/tmux/tmux.go:86.2,86.13 1 2
