mode: count
codeberg.org/snonux/hexai/internal/appconfig/config.go:157.29,214.2 2 30
codeberg.org/snonux/hexai/internal/appconfig/config.go:216.28,216.41 1 60
codeberg.org/snonux/hexai/internal/appconfig/config.go:220.35,220.84 1 19
codeberg.org/snonux/hexai/internal/appconfig/config.go:234.64,236.19 2 28
codeberg.org/snonux/hexai/internal/appconfig/config.go:236.19,238.3 1 2
codeberg.org/snonux/hexai/internal/appconfig/config.go:241.2,242.22 2 26
codeberg.org/snonux/hexai/internal/appconfig/config.go:242.22,243.85 1 6
codeberg.org/snonux/hexai/internal/appconfig/config.go:243.85,245.4 1 6
codeberg.org/snonux/hexai/internal/appconfig/config.go:245.9,245.24 1 0
codeberg.org/snonux/hexai/internal/appconfig/config.go:245.24,247.4 1 0
codeberg.org/snonux/hexai/internal/appconfig/config.go:248.8,250.17 2 20
codeberg.org/snonux/hexai/internal/appconfig/config.go:250.17,252.4 1 0
codeberg.org/snonux/hexai/internal/appconfig/config.go:252.9,252.86 1 20
codeberg.org/snonux/hexai/internal/appconfig/config.go:252.86,254.4 1 15
codeberg.org/snonux/hexai/internal/appconfig/config.go:259.2,262.21 2 26
codeberg.org/snonux/hexai/internal/appconfig/config.go:262.21,263.51 1 26
codeberg.org/snonux/hexai/internal/appconfig/config.go:263.51,265.4 1 7
codeberg.org/snonux/hexai/internal/appconfig/config.go:267.2,267.12 1 26
codeberg.org/snonux/hexai/internal/appconfig/config.go:272.72,274.23 2 26
codeberg.org/snonux/hexai/internal/appconfig/config.go:274.23,276.3 1 23
codeberg.org/snonux/hexai/internal/appconfig/config.go:277.2,277.23 1 26
codeberg.org/snonux/hexai/internal/appconfig/config.go:277.23,279.3 1 1
codeberg.org/snonux/hexai/internal/appconfig/config.go:280.2,281.88 2 25
codeberg.org/snonux/hexai/internal/appconfig/config.go:281.88,283.3 1 3
codeberg.org/snonux/hexai/internal/appconfig/config.go:387.38,389.2 1 26
codeberg.org/snonux/hexai/internal/appconfig/config.go:391.47,393.17 2 5
codeberg.org/snonux/hexai/internal/appconfig/config.go:393.17,395.3 1 0
codeberg.org/snonux/hexai/internal/appconfig/config.go:396.2,396.25 1 5
codeberg.org/snonux/hexai/internal/appconfig/config.go:396.25,398.3 1 4
codeberg.org/snonux/hexai/internal/appconfig/config.go:399.2,399.65 1 1
codeberg.org/snonux/hexai/internal/appconfig/config.go:399.65,401.3 1 1
codeberg.org/snonux/hexai/internal/appconfig/config.go:402.2,403.30 2 0
codeberg.org/snonux/hexai/internal/appconfig/config.go:403.30,404.53 1 0
codeberg.org/snonux/hexai/internal/appconfig/config.go:404.53,405.52 1 0
codeberg.org/snonux/hexai/internal/appconfig/config.go:405.52,407.5 1 0
codeberg.org/snonux/hexai/internal/appconfig/config.go:410.2,410.14 1 0
codeberg.org/snonux/hexai/internal/appconfig/config.go:491.35,495.77 2 26
codeberg.org/snonux/hexai/internal/appconfig/config.go:495.77,505.3 2 9
codeberg.org/snonux/hexai/internal/appconfig/config.go:508.2,508.38 1 26
codeberg.org/snonux/hexai/internal/appconfig/config.go:508.38,511.3 2 1
codeberg.org/snonux/hexai/internal/appconfig/config.go:514.2,515.86 1 26
codeberg.org/snonux/hexai/internal/appconfig/config.go:515.86,523.3 2 4
codeberg.org/snonux/hexai/internal/appconfig/config.go:526.2,526.44 1 26
codeberg.org/snonux/hexai/internal/appconfig/config.go:526.44,529.3 2 4
codeberg.org/snonux/hexai/internal/appconfig/config.go:532.2,532.36 1 26
codeberg.org/snonux/hexai/internal/appconfig/config.go:532.36,535.3 2 1
codeberg.org/snonux/hexai/internal/appconfig/config.go:538.2,538.82 1 26
codeberg.org/snonux/hexai/internal/appconfig/config.go:538.82,541.3 2 1
codeberg.org/snonux/hexai/internal/appconfig/config.go:544.2,544.47 1 26
codeberg.org/snonux/hexai/internal/appconfig/config.go:544.47,547.3 2 7
codeberg.org/snonux/hexai/internal/appconfig/config.go:550.2,550.57 1 26
codeberg.org/snonux/hexai/internal/appconfig/config.go:550.57,557.3 2 5
codeberg.org/snonux/hexai/internal/appconfig/config.go:560.2,560.80 1 26
codeberg.org/snonux/hexai/internal/appconfig/config.go:560.80,567.3 2 0
codeberg.org/snonux/hexai/internal/appconfig/config.go:570.2,570.68 1 26
codeberg.org/snonux/hexai/internal/appconfig/config.go:570.68,577.3 2 4
codeberg.org/snonux/hexai/internal/appconfig/config.go:580.2,580.77 1 26
codeberg.org/snonux/hexai/internal/appconfig/config.go:580.77,587.3 2 0
codeberg.org/snonux/hexai/internal/appconfig/config.go:591.2,591.59 1 26
codeberg.org/snonux/hexai/internal/appconfig/config.go:591.59,592.67 1 1
codeberg.org/snonux/hexai/internal/appconfig/config.go:592.67,594.4 1 1
codeberg.org/snonux/hexai/internal/appconfig/config.go:595.3,595.66 1 1
codeberg.org/snonux/hexai/internal/appconfig/config.go:595.66,597.4 1 1
codeberg.org/snonux/hexai/internal/appconfig/config.go:598.3,598.66 1 1
codeberg.org/snonux/hexai/internal/appconfig/config.go:598.66,600.4 1 1
codeberg.org/snonux/hexai/internal/appconfig/config.go:601.3,601.65 1 1
codeberg.org/snonux/hexai/internal/appconfig/config.go:601.65,603.4 1 1
codeberg.org/snonux/hexai/internal/appconfig/config.go:604.3,604.64 1 1
codeberg.org/snonux/hexai/internal/appconfig/config.go:604.64,606.4 1 1
codeberg.org/snonux/hexai/internal/appconfig/config.go:607.3,607.65 1 1
codeberg.org/snonux/hexai/internal/appconfig/config.go:607.65,609.4 1 1
codeberg.org/snonux/hexai/internal/appconfig/config.go:612.2,612.53 1 26
codeberg.org/snonux/hexai/internal/appconfig/config.go:612.53,614.3 1 1
codeberg.org/snonux/hexai/internal/appconfig/config.go:616.2,626.41 1 26
codeberg.org/snonux/hexai/internal/appconfig/config.go:626.41,627.67 1 7
codeberg.org/snonux/hexai/internal/appconfig/config.go:627.67,629.4 1 1
codeberg.org/snonux/hexai/internal/appconfig/config.go:630.3,630.71 1 7
codeberg.org/snonux/hexai/internal/appconfig/config.go:630.71,632.4 1 1
codeberg.org/snonux/hexai/internal/appconfig/config.go:633.3,633.68 1 7
codeberg.org/snonux/hexai/internal/appconfig/config.go:633.68,635.4 1 1
codeberg.org/snonux/hexai/internal/appconfig/config.go:636.3,636.65 1 7
codeberg.org/snonux/hexai/internal/appconfig/config.go:636.65,638.4 1 1
codeberg.org/snonux/hexai/internal/appconfig/config.go:639.3,639.69 1 7
codeberg.org/snonux/hexai/internal/appconfig/config.go:639.69,641.4 1 1
codeberg.org/snonux/hexai/internal/appconfig/config.go:642.3,642.66 1 7
codeberg.org/snonux/hexai/internal/appconfig/config.go:642.66,644.4 1 1
codeberg.org/snonux/hexai/internal/appconfig/config.go:645.3,645.66 1 7
codeberg.org/snonux/hexai/internal/appconfig/config.go:645.66,647.4 1 1
codeberg.org/snonux/hexai/internal/appconfig/config.go:648.3,648.64 1 7
codeberg.org/snonux/hexai/internal/appconfig/config.go:648.64,650.4 1 1
codeberg.org/snonux/hexai/internal/appconfig/config.go:651.3,651.68 1 7
codeberg.org/snonux/hexai/internal/appconfig/config.go:651.68,653.4 1 0
codeberg.org/snonux/hexai/internal/appconfig/config.go:654.3,654.66 1 7
codeberg.org/snonux/hexai/internal/appconfig/config.go:654.66,656.4 1 0
codeberg.org/snonux/hexai/internal/appconfig/config.go:657.3,657.44 1 7
codeberg.org/snonux/hexai/internal/appconfig/config.go:657.44,658.52 1 6
codeberg.org/snonux/hexai/internal/appconfig/config.go:658.52,669.5 1 10
codeberg.org/snonux/hexai/internal/appconfig/config.go:673.2,673.45 1 26
codeberg.org/snonux/hexai/internal/appconfig/config.go:673.45,674.60 1 1
codeberg.org/snonux/hexai/internal/appconfig/config.go:674.60,676.4 1 1
codeberg.org/snonux/hexai/internal/appconfig/config.go:677.3,677.60 1 1
codeberg.org/snonux/hexai/internal/appconfig/config.go:677.60,679.4 1 1
codeberg.org/snonux/hexai/internal/appconfig/config.go:682.2,682.67 1 26
codeberg.org/snonux/hexai/internal/appconfig/config.go:682.67,684.3 1 1
codeberg.org/snonux/hexai/internal/appconfig/config.go:687.2,687.32 1 26
codeberg.org/snonux/hexai/internal/appconfig/config.go:687.32,689.3 1 3
codeberg.org/snonux/hexai/internal/appconfig/config.go:692.2,692.32 1 26
codeberg.org/snonux/hexai/internal/appconfig/config.go:692.32,694.3 1 0
codeberg.org/snonux/hexai/internal/appconfig/config.go:697.2,697.105 1 26
codeberg.org/snonux/hexai/internal/appconfig/config.go:697.105,704.3 2 5
codeberg.org/snonux/hexai/internal/appconfig/config.go:707.2,709.12 2 26
codeberg.org/snonux/hexai/internal/appconfig/config.go:713.47,715.44 2 26
codeberg.org/snonux/hexai/internal/appconfig/config.go:715.44,717.3 1 1
codeberg.org/snonux/hexai/internal/appconfig/config.go:718.2,718.45 1 26
codeberg.org/snonux/hexai/internal/appconfig/config.go:718.45,720.3 1 1
codeberg.org/snonux/hexai/internal/appconfig/config.go:721.2,721.46 1 26
codeberg.org/snonux/hexai/internal/appconfig/config.go:721.46,723.3 1 1
codeberg.org/snonux/hexai/internal/appconfig/config.go:724.2,724.30 1 26
codeberg.org/snonux/hexai/internal/appconfig/config.go:724.30,725.38 1 3
codeberg.org/snonux/hexai/internal/appconfig/config.go:725.38,726.12 1 1
codeberg.org/snonux/hexai/internal/appconfig/config.go:728.3,739.5 1 2
codeberg.org/snonux/hexai/internal/appconfig/config.go:743.66,745.16 2 54
codeberg.org/snonux/hexai/internal/appconfig/config.go:745.16,746.43 1 27
codeberg.org/snonux/hexai/internal/appconfig/config.go:746.43,748.4 1 0
codeberg.org/snonux/hexai/internal/appconfig/config.go:749.3,749.18 1 27
codeberg.org/snonux/hexai/internal/appconfig/config.go:752.2,757.22 5 27
codeberg.org/snonux/hexai/internal/appconfig/config.go:757.22,758.20 1 1
codeberg.org/snonux/hexai/internal/appconfig/config.go:758.20,760.4 1 1
codeberg.org/snonux/hexai/internal/appconfig/config.go:761.3,761.24 1 1
codeberg.org/snonux/hexai/internal/appconfig/config.go:765.2,773.21 2 26
codeberg.org/snonux/hexai/internal/appconfig/config.go:773.21,774.215 1 60
codeberg.org/snonux/hexai/internal/appconfig/config.go:774.215,775.12 1 50
codeberg.org/snonux/hexai/internal/appconfig/config.go:777.3,777.41 1 10
codeberg.org/snonux/hexai/internal/appconfig/config.go:777.41,779.4 1 0
codeberg.org/snonux/hexai/internal/appconfig/config.go:782.2,782.19 1 26
codeberg.org/snonux/hexai/internal/appconfig/config.go:782.19,784.3 1 26
codeberg.org/snonux/hexai/internal/appconfig/config.go:788.2,790.53 2 26
codeberg.org/snonux/hexai/internal/appconfig/config.go:790.53,791.59 1 4
codeberg.org/snonux/hexai/internal/appconfig/config.go:791.59,792.26 1 4
codeberg.org/snonux/hexai/internal/appconfig/config.go:793.15,794.40 1 4
codeberg.org/snonux/hexai/internal/appconfig/config.go:795.13,796.35 1 0
codeberg.org/snonux/hexai/internal/appconfig/config.go:797.17,798.40 1 0
codeberg.org/snonux/hexai/internal/appconfig/config.go:802.2,802.50 1 26
codeberg.org/snonux/hexai/internal/appconfig/config.go:802.50,803.52 1 4
codeberg.org/snonux/hexai/internal/appconfig/config.go:803.52,804.26 1 4
codeberg.org/snonux/hexai/internal/appconfig/config.go:805.15,806.34 1 4
codeberg.org/snonux/hexai/internal/appconfig/config.go:807.13,808.29 1 0
codeberg.org/snonux/hexai/internal/appconfig/config.go:809.17,810.34 1 0
codeberg.org/snonux/hexai/internal/appconfig/config.go:814.2,814.52 1 26
codeberg.org/snonux/hexai/internal/appconfig/config.go:814.52,816.3 1 4
codeberg.org/snonux/hexai/internal/appconfig/config.go:817.2,817.18 1 26
codeberg.org/snonux/hexai/internal/appconfig/config.go:820.70,822.9 2 26
codeberg.org/snonux/hexai/internal/appconfig/config.go:822.9,824.3 1 22
codeberg.org/snonux/hexai/internal/appconfig/config.go:825.2,826.9 2 4
codeberg.org/snonux/hexai/internal/appconfig/config.go:826.9,827.20 1 0
codeberg.org/snonux/hexai/internal/appconfig/config.go:827.20,829.4 1 0
codeberg.org/snonux/hexai/internal/appconfig/config.go:830.3,830.13 1 0
codeberg.org/snonux/hexai/internal/appconfig/config.go:832.2,833.73 2 4
codeberg.org/snonux/hexai/internal/appconfig/config.go:833.73,835.31 2 16
codeberg.org/snonux/hexai/internal/appconfig/config.go:835.31,837.4 1 3
codeberg.org/snonux/hexai/internal/appconfig/config.go:838.3,839.14 2 13
codeberg.org/snonux/hexai/internal/appconfig/config.go:841.2,842.97 2 4
codeberg.org/snonux/hexai/internal/appconfig/config.go:842.97,843.37 1 4
codeberg.org/snonux/hexai/internal/appconfig/config.go:843.37,844.21 1 1
codeberg.org/snonux/hexai/internal/appconfig/config.go:844.21,846.5 1 1
codeberg.org/snonux/hexai/internal/appconfig/config.go:847.4,847.53 1 1
codeberg.org/snonux/hexai/internal/appconfig/config.go:849.3,849.13 1 4
codeberg.org/snonux/hexai/internal/appconfig/config.go:851.2,853.10 3 4
codeberg.org/snonux/hexai/internal/appconfig/config.go:853.10,855.3 1 0
codeberg.org/snonux/hexai/internal/appconfig/config.go:856.2,856.13 1 4
codeberg.org/snonux/hexai/internal/appconfig/config.go:859.92,860.25 1 16
codeberg.org/snonux/hexai/internal/appconfig/config.go:861.11,862.20 1 3
codeberg.org/snonux/hexai/internal/appconfig/config.go:863.13,865.27 2 13
codeberg.org/snonux/hexai/internal/appconfig/config.go:865.27,867.25 2 14
codeberg.org/snonux/hexai/internal/appconfig/config.go:867.25,868.13 1 0
codeberg.org/snonux/hexai/internal/appconfig/config.go:870.4,870.27 1 14
codeberg.org/snonux/hexai/internal/appconfig/config.go:872.3,872.27 1 13
codeberg.org/snonux/hexai/internal/appconfig/config.go:873.10,874.69 1 0
codeberg.org/snonux/hexai/internal/appconfig/config.go:874.69,876.4 1 0
codeberg.org/snonux/hexai/internal/appconfig/config.go:877.3,877.20 1 0
codeberg.org/snonux/hexai/internal/appconfig/config.go:881.63,882.19 1 27
codeberg.org/snonux/hexai/internal/appconfig/config.go:882.19,884.3 1 0
codeberg.org/snonux/hexai/internal/appconfig/config.go:885.2,887.12 3 27
codeberg.org/snonux/hexai/internal/appconfig/config.go:890.88,891.16 1 14
codeberg.org/snonux/hexai/internal/appconfig/config.go:891.16,893.3 1 0
codeberg.org/snonux/hexai/internal/appconfig/config.go:894.2,894.25 1 14
codeberg.org/snonux/hexai/internal/appconfig/config.go:895.14,897.18 2 0
codeberg.org/snonux/hexai/internal/appconfig/config.go:897.18,899.4 1 0
codeberg.org/snonux/hexai/internal/appconfig/config.go:900.3,900.44 1 0
codeberg.org/snonux/hexai/internal/appconfig/config.go:901.22,904.30 3 14
codeberg.org/snonux/hexai/internal/appconfig/config.go:904.30,906.11 2 14
codeberg.org/snonux/hexai/internal/appconfig/config.go:906.11,907.22 1 0
codeberg.org/snonux/hexai/internal/appconfig/config.go:907.22,909.6 1 0
codeberg.org/snonux/hexai/internal/appconfig/config.go:910.5,910.22 1 0
codeberg.org/snonux/hexai/internal/appconfig/config.go:912.4,912.32 1 14
codeberg.org/snonux/hexai/internal/appconfig/config.go:914.3,914.36 1 14
codeberg.org/snonux/hexai/internal/appconfig/config.go:914.36,916.11 2 14
codeberg.org/snonux/hexai/internal/appconfig/config.go:916.11,917.22 1 0
codeberg.org/snonux/hexai/internal/appconfig/config.go:917.22,919.6 1 0
codeberg.org/snonux/hexai/internal/appconfig/config.go:920.5,920.22 1 0
codeberg.org/snonux/hexai/internal/appconfig/config.go:922.4,922.36 1 14
codeberg.org/snonux/hexai/internal/appconfig/config.go:924.3,925.39 2 14
codeberg.org/snonux/hexai/internal/appconfig/config.go:925.39,927.11 2 6
codeberg.org/snonux/hexai/internal/appconfig/config.go:927.11,929.5 1 0
codeberg.org/snonux/hexai/internal/appconfig/config.go:930.4,930.20 1 6
codeberg.org/snonux/hexai/internal/appconfig/config.go:932.3,932.54 1 14
codeberg.org/snonux/hexai/internal/appconfig/config.go:932.54,934.4 1 0
codeberg.org/snonux/hexai/internal/appconfig/config.go:935.3,935.86 1 14
codeberg.org/snonux/hexai/internal/appconfig/config.go:936.10,937.20 1 0
codeberg.org/snonux/hexai/internal/appconfig/config.go:937.20,939.4 1 0
codeberg.org/snonux/hexai/internal/appconfig/config.go:940.3,940.20 1 0
codeberg.org/snonux/hexai/internal/appconfig/config.go:944.87,945.25 1 6
codeberg.org/snonux/hexai/internal/appconfig/config.go:946.15,947.27 1 6
codeberg.org/snonux/hexai/internal/appconfig/config.go:948.13,949.36 1 0
codeberg.org/snonux/hexai/internal/appconfig/config.go:950.14,952.14 2 0
codeberg.org/snonux/hexai/internal/appconfig/config.go:952.14,954.4 1 0
codeberg.org/snonux/hexai/internal/appconfig/config.go:955.3,956.17 2 0
codeberg.org/snonux/hexai/internal/appconfig/config.go:956.17,957.21 1 0
codeberg.org/snonux/hexai/internal/appconfig/config.go:957.21,959.5 1 0
codeberg.org/snonux/hexai/internal/appconfig/config.go:960.4,960.21 1 0
codeberg.org/snonux/hexai/internal/appconfig/config.go:962.3,962.27 1 0
codeberg.org/snonux/hexai/internal/appconfig/config.go:963.10,964.20 1 0
codeberg.org/snonux/hexai/internal/appconfig/config.go:964.20,966.4 1 0
codeberg.org/snonux/hexai/internal/appconfig/config.go:967.3,967.20 1 0
codeberg.org/snonux/hexai/internal/appconfig/config.go:971.35,974.2 2 6
codeberg.org/snonux/hexai/internal/appconfig/config.go:976.37,982.2 5 32
codeberg.org/snonux/hexai/internal/appconfig/config.go:985.39,986.25 1 64
codeberg.org/snonux/hexai/internal/appconfig/config.go:986.25,988.3 1 19
codeberg.org/snonux/hexai/internal/appconfig/config.go:989.2,989.56 1 64
codeberg.org/snonux/hexai/internal/appconfig/config.go:989.56,991.3 1 10
codeberg.org/snonux/hexai/internal/appconfig/config.go:992.2,992.34 1 64
codeberg.org/snonux/hexai/internal/appconfig/config.go:992.34,994.3 1 8
codeberg.org/snonux/hexai/internal/appconfig/config.go:995.2,995.32 1 64
codeberg.org/snonux/hexai/internal/appconfig/config.go:995.32,997.3 1 8
codeberg.org/snonux/hexai/internal/appconfig/config.go:998.2,998.32 1 64
codeberg.org/snonux/hexai/internal/appconfig/config.go:998.32,1000.3 1 64
codeberg.org/snonux/hexai/internal/appconfig/config.go:1001.2,1001.30 1 64
codeberg.org/snonux/hexai/internal/appconfig/config.go:1001.30,1003.3 1 0
codeberg.org/snonux/hexai/internal/appconfig/config.go:1004.2,1004.36 1 64
codeberg.org/snonux/hexai/internal/appconfig/config.go:1004.36,1006.3 1 8
codeberg.org/snonux/hexai/internal/appconfig/config.go:1007.2,1007.38 1 64
codeberg.org/snonux/hexai/internal/appconfig/config.go:1007.38,1009.3 1 64
codeberg.org/snonux/hexai/internal/appconfig/config.go:1010.2,1010.36 1 64
codeberg.org/snonux/hexai/internal/appconfig/config.go:1010.36,1012.3 1 8
codeberg.org/snonux/hexai/internal/appconfig/config.go:1013.2,1013.36 1 64
codeberg.org/snonux/hexai/internal/appconfig/config.go:1013.36,1015.3 1 8
codeberg.org/snonux/hexai/internal/appconfig/config.go:1016.2,1016.36 1 64
codeberg.org/snonux/hexai/internal/appconfig/config.go:1016.36,1018.3 1 0
codeberg.org/snonux/hexai/internal/appconfig/config.go:1019.2,1019.38 1 64
codeberg.org/snonux/hexai/internal/appconfig/config.go:1019.38,1021.3 1 8
codeberg.org/snonux/hexai/internal/appconfig/config.go:1022.2,1022.55 1 64
codeberg.org/snonux/hexai/internal/appconfig/config.go:1022.55,1024.3 1 2
codeberg.org/snonux/hexai/internal/appconfig/config.go:1025.2,1025.56 1 64
codeberg.org/snonux/hexai/internal/appconfig/config.go:1025.56,1027.3 1 2
codeberg.org/snonux/hexai/internal/appconfig/config.go:1028.2,1028.55 1 64
codeberg.org/snonux/hexai/internal/appconfig/config.go:1028.55,1030.3 1 2
codeberg.org/snonux/hexai/internal/appconfig/config.go:1031.2,1031.33 1 64
codeberg.org/snonux/hexai/internal/appconfig/config.go:1031.33,1033.3 1 2
codeberg.org/snonux/hexai/internal/appconfig/config.go:1034.2,1034.53 1 64
codeberg.org/snonux/hexai/internal/appconfig/config.go:1034.53,1036.3 1 17
codeberg.org/snonux/hexai/internal/appconfig/config.go:1038.2,1038.34 1 64
codeberg.org/snonux/hexai/internal/appconfig/config.go:1038.34,1040.3 1 11
codeberg.org/snonux/hexai/internal/appconfig/config.go:1041.2,1041.40 1 64
codeberg.org/snonux/hexai/internal/appconfig/config.go:1041.40,1043.3 1 5
codeberg.org/snonux/hexai/internal/appconfig/config.go:1044.2,1044.34 1 64
codeberg.org/snonux/hexai/internal/appconfig/config.go:1044.34,1046.3 1 5
codeberg.org/snonux/hexai/internal/appconfig/config.go:1050.46,1051.38 1 36
codeberg.org/snonux/hexai/internal/appconfig/config.go:1051.38,1053.3 1 7
codeberg.org/snonux/hexai/internal/appconfig/config.go:1054.2,1054.38 1 36
codeberg.org/snonux/hexai/internal/appconfig/config.go:1054.38,1056.3 1 7
codeberg.org/snonux/hexai/internal/appconfig/config.go:1057.2,1057.32 1 36
codeberg.org/snonux/hexai/internal/appconfig/config.go:1057.32,1059.3 1 6
codeberg.org/snonux/hexai/internal/appconfig/config.go:1060.2,1060.31 1 36
codeberg.org/snonux/hexai/internal/appconfig/config.go:1060.31,1062.3 1 7
codeberg.org/snonux/hexai/internal/appconfig/config.go:1066.40,1068.66 1 32
codeberg.org/snonux/hexai/internal/appconfig/config.go:1068.66,1070.3 1 1
codeberg.org/snonux/hexai/internal/appconfig/config.go:1071.2,1071.65 1 32
codeberg.org/snonux/hexai/internal/appconfig/config.go:1071.65,1073.3 1 1
codeberg.org/snonux/hexai/internal/appconfig/config.go:1074.2,1074.65 1 32
codeberg.org/snonux/hexai/internal/appconfig/config.go:1074.65,1076.3 1 1
codeberg.org/snonux/hexai/internal/appconfig/config.go:1077.2,1077.64 1 32
codeberg.org/snonux/hexai/internal/appconfig/config.go:1077.64,1079.3 1 1
codeberg.org/snonux/hexai/internal/appconfig/config.go:1080.2,1080.63 1 32
codeberg.org/snonux/hexai/internal/appconfig/config.go:1080.63,1082.3 1 1
codeberg.org/snonux/hexai/internal/appconfig/config.go:1083.2,1083.64 1 32
codeberg.org/snonux/hexai/internal/appconfig/config.go:1083.64,1085.3 1 1
codeberg.org/snonux/hexai/internal/appconfig/config.go:1087.2,1087.59 1 32
codeberg.org/snonux/hexai/internal/appconfig/config.go:1087.59,1089.3 1 1
codeberg.org/snonux/hexai/internal/appconfig/config.go:1091.2,1091.53 1 32
codeberg.org/snonux/hexai/internal/appconfig/config.go:1091.53,1093.3 1 1
codeberg.org/snonux/hexai/internal/appconfig/config.go:1095.2,1095.66 1 32
codeberg.org/snonux/hexai/internal/appconfig/config.go:1095.66,1097.3 1 1
codeberg.org/snonux/hexai/internal/appconfig/config.go:1098.2,1098.70 1 32
codeberg.org/snonux/hexai/internal/appconfig/config.go:1098.70,1100.3 1 1
codeberg.org/snonux/hexai/internal/appconfig/config.go:1101.2,1101.67 1 32
codeberg.org/snonux/hexai/internal/appconfig/config.go:1101.67,1103.3 1 1
codeberg.org/snonux/hexai/internal/appconfig/config.go:1104.2,1104.64 1 32
codeberg.org/snonux/hexai/internal/appconfig/config.go:1104.64,1106.3 1 1
codeberg.org/snonux/hexai/internal/appconfig/config.go:1107.2,1107.68 1 32
codeberg.org/snonux/hexai/internal/appconfig/config.go:1107.68,1109.3 1 1
codeberg.org/snonux/hexai/internal/appconfig/config.go:1110.2,1110.65 1 32
codeberg.org/snonux/hexai/internal/appconfig/config.go:1110.65,1112.3 1 1
codeberg.org/snonux/hexai/internal/appconfig/config.go:1113.2,1113.65 1 32
codeberg.org/snonux/hexai/internal/appconfig/config.go:1113.65,1115.3 1 1
codeberg.org/snonux/hexai/internal/appconfig/config.go:1116.2,1116.63 1 32
codeberg.org/snonux/hexai/internal/appconfig/config.go:1116.63,1118.3 1 1
codeberg.org/snonux/hexai/internal/appconfig/config.go:1119.2,1119.67 1 32
codeberg.org/snonux/hexai/internal/appconfig/config.go:1119.67,1121.3 1 0
codeberg.org/snonux/hexai/internal/appconfig/config.go:1122.2,1122.65 1 32
codeberg.org/snonux/hexai/internal/appconfig/config.go:1122.65,1124.3 1 0
codeberg.org/snonux/hexai/internal/appconfig/config.go:1126.2,1126.59 1 32
codeberg.org/snonux/hexai/internal/appconfig/config.go:1126.59,1128.3 1 1
codeberg.org/snonux/hexai/internal/appconfig/config.go:1129.2,1129.59 1 32
codeberg.org/snonux/hexai/internal/appconfig/config.go:1129.59,1131.3 1 1
codeberg.org/snonux/hexai/internal/appconfig/config.go:1133.2,1133.34 1 32
codeberg.org/snonux/hexai/internal/appconfig/config.go:1133.34,1135.3 1 6
codeberg.org/snonux/hexai/internal/appconfig/config.go:1136.2,1136.57 1 32
codeberg.org/snonux/hexai/internal/appconfig/config.go:1136.57,1138.3 1 3
codeberg.org/snonux/hexai/internal/appconfig/config.go:1143.41,1144.63 1 32
codeberg.org/snonux/hexai/internal/appconfig/config.go:1144.63,1146.3 1 2
codeberg.org/snonux/hexai/internal/appconfig/config.go:1147.2,1147.64 1 32
codeberg.org/snonux/hexai/internal/appconfig/config.go:1147.64,1149.3 1 1
codeberg.org/snonux/hexai/internal/appconfig/config.go:1150.2,1150.65 1 32
codeberg.org/snonux/hexai/internal/appconfig/config.go:1150.65,1152.3 1 2
codeberg.org/snonux/hexai/internal/appconfig/config.go:1153.2,1153.35 1 32
codeberg.org/snonux/hexai/internal/appconfig/config.go:1153.35,1155.3 1 2
codeberg.org/snonux/hexai/internal/appconfig/config.go:1158.31,1162.37 3 7
codeberg.org/snonux/hexai/internal/appconfig/config.go:1162.37,1164.15 2 9
codeberg.org/snonux/hexai/internal/appconfig/config.go:1164.15,1166.4 1 1
codeberg.org/snonux/hexai/internal/appconfig/config.go:1167.3,1167.30 1 8
codeberg.org/snonux/hexai/internal/appconfig/config.go:1167.30,1169.4 1 1
codeberg.org/snonux/hexai/internal/appconfig/config.go:1170.3,1171.40 2 7
codeberg.org/snonux/hexai/internal/appconfig/config.go:1171.40,1173.4 1 0
codeberg.org/snonux/hexai/internal/appconfig/config.go:1175.3,1176.68 2 7
codeberg.org/snonux/hexai/internal/appconfig/config.go:1176.68,1178.4 1 1
codeberg.org/snonux/hexai/internal/appconfig/config.go:1180.3,1182.26 3 6
codeberg.org/snonux/hexai/internal/appconfig/config.go:1182.26,1184.4 1 0
codeberg.org/snonux/hexai/internal/appconfig/config.go:1185.3,1185.28 1 6
codeberg.org/snonux/hexai/internal/appconfig/config.go:1185.28,1187.4 1 0
codeberg.org/snonux/hexai/internal/appconfig/config.go:1189.3,1189.51 1 6
codeberg.org/snonux/hexai/internal/appconfig/config.go:1189.51,1190.49 1 5
codeberg.org/snonux/hexai/internal/appconfig/config.go:1190.49,1192.5 1 1
codeberg.org/snonux/hexai/internal/appconfig/config.go:1193.4,1194.32 2 4
codeberg.org/snonux/hexai/internal/appconfig/config.go:1194.32,1196.5 1 1
codeberg.org/snonux/hexai/internal/appconfig/config.go:1197.4,1197.28 1 3
codeberg.org/snonux/hexai/internal/appconfig/config.go:1201.2,1201.63 1 2
codeberg.org/snonux/hexai/internal/appconfig/config.go:1201.63,1202.27 1 2
codeberg.org/snonux/hexai/internal/appconfig/config.go:1202.27,1204.4 1 0
codeberg.org/snonux/hexai/internal/appconfig/config.go:1206.3,1206.30 1 2
codeberg.org/snonux/hexai/internal/appconfig/config.go:1207.37,1208.96 1 1
codeberg.org/snonux/hexai/internal/appconfig/config.go:1211.2,1211.12 1 1
codeberg.org/snonux/hexai/internal/appconfig/config.go:1215.47,1216.58 1 41
codeberg.org/snonux/hexai/internal/appconfig/config.go:1216.58,1218.3 1 8
codeberg.org/snonux/hexai/internal/appconfig/config.go:1219.2,1219.56 1 41
codeberg.org/snonux/hexai/internal/appconfig/config.go:1219.56,1221.3 1 13
codeberg.org/snonux/hexai/internal/appconfig/config.go:1222.2,1222.36 1 41
codeberg.org/snonux/hexai/internal/appconfig/config.go:1222.36,1224.3 1 8
codeberg.org/snonux/hexai/internal/appconfig/config.go:1225.2,1225.62 1 41
codeberg.org/snonux/hexai/internal/appconfig/config.go:1225.62,1227.3 1 0
codeberg.org/snonux/hexai/internal/appconfig/config.go:1228.2,1228.60 1 41
codeberg.org/snonux/hexai/internal/appconfig/config.go:1228.60,1230.3 1 0
codeberg.org/snonux/hexai/internal/appconfig/config.go:1231.2,1231.40 1 41
codeberg.org/snonux/hexai/internal/appconfig/config.go:1231.40,1233.3 1 0
codeberg.org/snonux/hexai/internal/appconfig/config.go:1234.2,1234.58 1 41
codeberg.org/snonux/hexai/internal/appconfig/config.go:1234.58,1236.3 1 8
codeberg.org/snonux/hexai/internal/appconfig/config.go:1237.2,1237.56 1 41
codeberg.org/snonux/hexai/internal/appconfig/config.go:1237.56,1239.3 1 8
codeberg.org/snonux/hexai/internal/appconfig/config.go:1240.2,1240.36 1 41
codeberg.org/snonux/hexai/internal/appconfig/config.go:1240.36,1242.3 1 8
codeberg.org/snonux/hexai/internal/appconfig/config.go:1243.2,1243.61 1 41
codeberg.org/snonux/hexai/internal/appconfig/config.go:1243.61,1245.3 1 0
codeberg.org/snonux/hexai/internal/appconfig/config.go:1246.2,1246.59 1 41
codeberg.org/snonux/hexai/internal/appconfig/config.go:1246.59,1248.3 1 0
codeberg.org/snonux/hexai/internal/appconfig/config.go:1249.2,1249.39 1 41
codeberg.org/snonux/hexai/internal/appconfig/config.go:1249.39,1251.3 1 0
codeberg.org/snonux/hexai/internal/appconfig/config.go:1254.38,1256.2 1 21
codeberg.org/snonux/hexai/internal/appconfig/config.go:1259.35,1261.72 2 21
codeberg.org/snonux/hexai/internal/appconfig/config.go:1261.72,1263.3 1 17
codeberg.org/snonux/hexai/internal/appconfig/config.go:1263.8,1265.17 2 4
codeberg.org/snonux/hexai/internal/appconfig/config.go:1265.17,1267.4 1 0
codeberg.org/snonux/hexai/internal/appconfig/config.go:1268.3,1268.70 1 4
codeberg.org/snonux/hexai/internal/appconfig/config.go:1270.2,1270.24 1 21
codeberg.org/snonux/hexai/internal/appconfig/config.go:1278.33,1280.16 2 2
codeberg.org/snonux/hexai/internal/appconfig/config.go:1280.16,1282.3 1 1
codeberg.org/snonux/hexai/internal/appconfig/config.go:1283.2,1283.51 1 1
codeberg.org/snonux/hexai/internal/appconfig/config.go:1289.27,1291.16 2 27
codeberg.org/snonux/hexai/internal/appconfig/config.go:1291.16,1293.3 1 0
codeberg.org/snonux/hexai/internal/appconfig/config.go:1294.2,1294.6 1 27
codeberg.org/snonux/hexai/internal/appconfig/config.go:1294.6,1296.46 1 83
codeberg.org/snonux/hexai/internal/appconfig/config.go:1296.46,1298.4 1 24
codeberg.org/snonux/hexai/internal/appconfig/config.go:1299.3,1300.20 2 59
codeberg.org/snonux/hexai/internal/appconfig/config.go:1300.20,1302.4 1 3
codeberg.org/snonux/hexai/internal/appconfig/config.go:1303.3,1303.15 1 56
codeberg.org/snonux/hexai/internal/appconfig/config.go:1311.43,1316.34 3 26
codeberg.org/snonux/hexai/internal/appconfig/config.go:1316.34,1316.76 1 1170
codeberg.org/snonux/hexai/internal/appconfig/config.go:1317.2,1317.41 1 26
codeberg.org/snonux/hexai/internal/appconfig/config.go:1317.41,1319.14 2 208
codeberg.org/snonux/hexai/internal/appconfig/config.go:1319.14,1321.4 1 200
codeberg.org/snonux/hexai/internal/appconfig/config.go:1322.3,1323.17 2 8
codeberg.org/snonux/hexai/internal/appconfig/config.go:1323.17,1324.21 1 0
codeberg.org/snonux/hexai/internal/appconfig/config.go:1324.21,1326.5 1 0
codeberg.org/snonux/hexai/internal/appconfig/config.go:1327.4,1327.19 1 0
codeberg.org/snonux/hexai/internal/appconfig/config.go:1329.3,1329.17 1 8
codeberg.org/snonux/hexai/internal/appconfig/config.go:1331.2,1331.51 1 26
codeberg.org/snonux/hexai/internal/appconfig/config.go:1331.51,1333.14 2 234
codeberg.org/snonux/hexai/internal/appconfig/config.go:1333.14,1335.4 1 225
codeberg.org/snonux/hexai/internal/appconfig/config.go:1336.3,1337.17 2 9
codeberg.org/snonux/hexai/internal/appconfig/config.go:1337.17,1338.21 1 0
codeberg.org/snonux/hexai/internal/appconfig/config.go:1338.21,1340.5 1 0
codeberg.org/snonux/hexai/internal/appconfig/config.go:1341.4,1341.21 1 0
codeberg.org/snonux/hexai/internal/appconfig/config.go:1343.3,1343.18 1 9
codeberg.org/snonux/hexai/internal/appconfig/config.go:1346.2,1346.47 1 26
codeberg.org/snonux/hexai/internal/appconfig/config.go:1346.47,1349.3 2 2
codeberg.org/snonux/hexai/internal/appconfig/config.go:1350.2,1350.48 1 26
codeberg.org/snonux/hexai/internal/appconfig/config.go:1350.48,1353.3 2 1
codeberg.org/snonux/hexai/internal/appconfig/config.go:1354.2,1354.57 1 26
codeberg.org/snonux/hexai/internal/appconfig/config.go:1354.57,1357.3 2 1
codeberg.org/snonux/hexai/internal/appconfig/config.go:1358.2,1358.55 1 26
codeberg.org/snonux/hexai/internal/appconfig/config.go:1358.55,1361.3 2 1
codeberg.org/snonux/hexai/internal/appconfig/config.go:1362.2,1362.54 1 26
codeberg.org/snonux/hexai/internal/appconfig/config.go:1362.54,1365.3 2 1
codeberg.org/snonux/hexai/internal/appconfig/config.go:1366.2,1366.52 1 26
codeberg.org/snonux/hexai/internal/appconfig/config.go:1366.52,1369.3 2 0
codeberg.org/snonux/hexai/internal/appconfig/config.go:1370.2,1370.61 1 26
codeberg.org/snonux/hexai/internal/appconfig/config.go:1370.61,1373.3 2 1
codeberg.org/snonux/hexai/internal/appconfig/config.go:1374.2,1374.59 1 26
codeberg.org/snonux/hexai/internal/appconfig/config.go:1374.59,1377.3 2 1
codeberg.org/snonux/hexai/internal/appconfig/config.go:1378.2,1378.59 1 26
codeberg.org/snonux/hexai/internal/appconfig/config.go:1378.59,1381.3 2 1
codeberg.org/snonux/hexai/internal/appconfig/config.go:1382.2,1382.60 1 26
codeberg.org/snonux/hexai/internal/appconfig/config.go:1382.60,1385.3 2 1
codeberg.org/snonux/hexai/internal/appconfig/config.go:1386.2,1386.54 1 26
codeberg.org/snonux/hexai/internal/appconfig/config.go:1386.54,1389.27 3 1
codeberg.org/snonux/hexai/internal/appconfig/config.go:1389.27,1390.42 1 3
codeberg.org/snonux/hexai/internal/appconfig/config.go:1390.42,1392.5 1 3
codeberg.org/snonux/hexai/internal/appconfig/config.go:1394.3,1394.13 1 1
codeberg.org/snonux/hexai/internal/appconfig/config.go:1396.2,1396.47 1 26
codeberg.org/snonux/hexai/internal/appconfig/config.go:1396.47,1399.3 2 0
codeberg.org/snonux/hexai/internal/appconfig/config.go:1400.2,1400.48 1 26
codeberg.org/snonux/hexai/internal/appconfig/config.go:1400.48,1403.3 2 0
codeberg.org/snonux/hexai/internal/appconfig/config.go:1404.2,1404.47 1 26
codeberg.org/snonux/hexai/internal/appconfig/config.go:1404.47,1407.3 2 0
codeberg.org/snonux/hexai/internal/appconfig/config.go:1408.2,1408.49 1 26
codeberg.org/snonux/hexai/internal/appconfig/config.go:1408.49,1411.27 3 0
codeberg.org/snonux/hexai/internal/appconfig/config.go:1411.27,1412.42 1 0
codeberg.org/snonux/hexai/internal/appconfig/config.go:1412.42,1414.5 1 0
codeberg.org/snonux/hexai/internal/appconfig/config.go:1416.3,1416.13 1 0
codeberg.org/snonux/hexai/internal/appconfig/config.go:1418.2,1418.44 1 26
codeberg.org/snonux/hexai/internal/appconfig/config.go:1418.44,1421.3 2 4
codeberg.org/snonux/hexai/internal/appconfig/config.go:1423.2,1428.66 6 26
codeberg.org/snonux/hexai/internal/appconfig/config.go:1428.66,1431.23 3 104
codeberg.org/snonux/hexai/internal/appconfig/config.go:1431.23,1432.34 1 4
codeberg.org/snonux/hexai/internal/appconfig/config.go:1432.34,1435.5 2 1
codeberg.org/snonux/hexai/internal/appconfig/config.go:1436.4,1436.41 1 3
codeberg.org/snonux/hexai/internal/appconfig/config.go:1436.41,1439.5 2 0
codeberg.org/snonux/hexai/internal/appconfig/config.go:1441.3,1441.21 1 103
codeberg.org/snonux/hexai/internal/appconfig/config.go:1441.21,1443.4 1 3
codeberg.org/snonux/hexai/internal/appconfig/config.go:1444.3,1444.25 1 100
codeberg.org/snonux/hexai/internal/appconfig/config.go:1444.25,1445.34 1 7
codeberg.org/snonux/hexai/internal/appconfig/config.go:1445.34,1447.5 1 1
codeberg.org/snonux/hexai/internal/appconfig/config.go:1448.4,1448.43 1 6
codeberg.org/snonux/hexai/internal/appconfig/config.go:1448.43,1451.5 2 0
codeberg.org/snonux/hexai/internal/appconfig/config.go:1453.3,1453.19 1 99
codeberg.org/snonux/hexai/internal/appconfig/config.go:1457.2,1457.51 1 26
codeberg.org/snonux/hexai/internal/appconfig/config.go:1457.51,1460.3 2 1
codeberg.org/snonux/hexai/internal/appconfig/config.go:1461.2,1461.72 1 26
codeberg.org/snonux/hexai/internal/appconfig/config.go:1461.72,1464.3 2 4
codeberg.org/snonux/hexai/internal/appconfig/config.go:1465.2,1465.60 1 26
codeberg.org/snonux/hexai/internal/appconfig/config.go:1465.60,1468.3 2 1
codeberg.org/snonux/hexai/internal/appconfig/config.go:1470.2,1470.55 1 26
codeberg.org/snonux/hexai/internal/appconfig/config.go:1470.55,1473.3 2 0
codeberg.org/snonux/hexai/internal/appconfig/config.go:1474.2,1474.80 1 26
codeberg.org/snonux/hexai/internal/appconfig/config.go:1474.80,1477.3 2 0
codeberg.org/snonux/hexai/internal/appconfig/config.go:1478.2,1478.64 1 26
codeberg.org/snonux/hexai/internal/appconfig/config.go:1478.64,1481.3 2 0
codeberg.org/snonux/hexai/internal/appconfig/config.go:1483.2,1483.51 1 26
codeberg.org/snonux/hexai/internal/appconfig/config.go:1483.51,1486.3 2 1
codeberg.org/snonux/hexai/internal/appconfig/config.go:1487.2,1487.72 1 26
codeberg.org/snonux/hexai/internal/appconfig/config.go:1487.72,1490.3 2 1
codeberg.org/snonux/hexai/internal/appconfig/config.go:1491.2,1491.60 1 26
codeberg.org/snonux/hexai/internal/appconfig/config.go:1491.60,1494.3 2 1
codeberg.org/snonux/hexai/internal/appconfig/config.go:1496.2,1496.54 1 26
codeberg.org/snonux/hexai/internal/appconfig/config.go:1496.54,1499.3 2 0
codeberg.org/snonux/hexai/internal/appconfig/config.go:1500.2,1500.78 1 26
codeberg.org/snonux/hexai/internal/appconfig/config.go:1500.78,1503.3 2 0
codeberg.org/snonux/hexai/internal/appconfig/config.go:1504.2,1504.63 1 26
codeberg.org/snonux/hexai/internal/appconfig/config.go:1504.63,1507.3 2 0
codeberg.org/snonux/hexai/internal/appconfig/config.go:1510.2,1510.84 1 26
codeberg.org/snonux/hexai/internal/appconfig/config.go:1510.84,1514.48 4 104
codeberg.org/snonux/hexai/internal/appconfig/config.go:1514.48,1516.4 1 98
codeberg.org/snonux/hexai/internal/appconfig/config.go:1517.3,1518.14 2 6
codeberg.org/snonux/hexai/internal/appconfig/config.go:1518.14,1520.4 1 6
codeberg.org/snonux/hexai/internal/appconfig/config.go:1521.3,1521.38 1 6
codeberg.org/snonux/hexai/internal/appconfig/config.go:1523.2,1523.122 1 26
codeberg.org/snonux/hexai/internal/appconfig/config.go:1523.122,1526.3 2 2
codeberg.org/snonux/hexai/internal/appconfig/config.go:1527.2,1527.125 1 26
codeberg.org/snonux/hexai/internal/appconfig/config.go:1527.125,1530.3 2 1
codeberg.org/snonux/hexai/internal/appconfig/config.go:1531.2,1531.104 1 26
codeberg.org/snonux/hexai/internal/appconfig/config.go:1531.104,1534.3 2 1
codeberg.org/snonux/hexai/internal/appconfig/config.go:1535.2,1535.101 1 26
codeberg.org/snonux/hexai/internal/appconfig/config.go:1535.101,1538.3 2 2
codeberg.org/snonux/hexai/internal/appconfig/config.go:1541.2,1541.52 1 26
codeberg.org/snonux/hexai/internal/appconfig/config.go:1541.52,1545.3 3 1
codeberg.org/snonux/hexai/internal/appconfig/config.go:1546.2,1546.57 1 26
codeberg.org/snonux/hexai/internal/appconfig/config.go:1546.57,1549.27 3 1
codeberg.org/snonux/hexai/internal/appconfig/config.go:1549.27,1550.42 1 2
codeberg.org/snonux/hexai/internal/appconfig/config.go:1550.42,1552.5 1 2
codeberg.org/snonux/hexai/internal/appconfig/config.go:1554.3,1554.13 1 1
codeberg.org/snonux/hexai/internal/appconfig/config.go:1556.2,1556.53 1 26
codeberg.org/snonux/hexai/internal/appconfig/config.go:1556.53,1560.3 3 1
codeberg.org/snonux/hexai/internal/appconfig/config.go:1562.2,1562.10 1 26
codeberg.org/snonux/hexai/internal/appconfig/config.go:1562.10,1564.3 1 19
codeberg.org/snonux/hexai/internal/appconfig/config.go:1565.2,1565.13 1 7
