mode: count
codeberg.org/snonux/hexai/internal/textutil/human.go:7.33,8.14 1 0
codeberg.org/snonux/hexai/internal/textutil/human.go:8.14,10.3 1 0
codeberg.org/snonux/hexai/internal/textutil/human.go:11.2,15.37 5 0
codeberg.org/snonux/hexai/internal/textutil/human.go:15.37,18.3 2 0
codeberg.org/snonux/hexai/internal/textutil/human.go:19.2,21.41 2 0
codeberg.org/snonux/hexai/internal/textutil/human.go:21.41,23.3 1 0
codeberg.org/snonux/hexai/internal/textutil/human.go:24.2,24.10 1 0
codeberg.org/snonux/hexai/internal/textutil/textutil.go:6.62,7.31 1 3
codeberg.org/snonux/hexai/internal/textutil/textutil.go:7.31,9.3 1 2
codeberg.org/snonux/hexai/internal/textutil/textutil.go:10.2,11.25 2 1
codeberg.org/snonux/hexai/internal/textutil/textutil.go:11.25,13.3 1 1
codeberg.org/snonux/hexai/internal/textutil/textutil.go:14.2,14.12 1 1
codeberg.org/snonux/hexai/internal/textutil/textutil.go:18.39,20.13 2 5
codeberg.org/snonux/hexai/internal/textutil/textutil.go:20.13,22.3 1 0
codeberg.org/snonux/hexai/internal/textutil/textutil.go:23.2,25.66 3 5
codeberg.org/snonux/hexai/internal/textutil/textutil.go:25.66,27.3 1 0
codeberg.org/snonux/hexai/internal/textutil/textutil.go:28.2,29.54 2 5
codeberg.org/snonux/hexai/internal/textutil/textutil.go:29.54,31.3 1 0
codeberg.org/snonux/hexai/internal/textutil/textutil.go:32.2,32.51 1 5
codeberg.org/snonux/hexai/internal/textutil/textutil.go:32.51,34.3 1 0
codeberg.org/snonux/hexai/internal/textutil/textutil.go:35.2,37.69 3 5
codeberg.org/snonux/hexai/internal/textutil/textutil.go:37.69,40.3 2 3
codeberg.org/snonux/hexai/internal/textutil/textutil.go:41.2,41.10 1 2
codeberg.org/snonux/hexai/internal/textutil/textutil.go:47.60,49.31 2 6
codeberg.org/snonux/hexai/internal/textutil/textutil.go:49.31,50.99 1 6
codeberg.org/snonux/hexai/internal/textutil/textutil.go:50.99,53.4 2 6
codeberg.org/snonux/hexai/internal/textutil/textutil.go:55.2,55.16 1 0
codeberg.org/snonux/hexai/internal/textutil/textutil.go:59.79,65.50 3 7
codeberg.org/snonux/hexai/internal/textutil/textutil.go:65.50,67.3 1 2
codeberg.org/snonux/hexai/internal/textutil/textutil.go:68.2,68.44 1 7
codeberg.org/snonux/hexai/internal/textutil/textutil.go:68.44,69.51 1 1
codeberg.org/snonux/hexai/internal/textutil/textutil.go:69.51,74.4 4 1
codeberg.org/snonux/hexai/internal/textutil/textutil.go:76.2,76.46 1 7
codeberg.org/snonux/hexai/internal/textutil/textutil.go:76.46,77.52 1 1
codeberg.org/snonux/hexai/internal/textutil/textutil.go:77.52,82.4 4 1
codeberg.org/snonux/hexai/internal/textutil/textutil.go:84.2,84.44 1 7
codeberg.org/snonux/hexai/internal/textutil/textutil.go:84.44,86.3 1 2
codeberg.org/snonux/hexai/internal/textutil/textutil.go:87.2,87.43 1 7
codeberg.org/snonux/hexai/internal/textutil/textutil.go:87.43,89.3 1 1
codeberg.org/snonux/hexai/internal/textutil/textutil.go:90.2,90.44 1 7
codeberg.org/snonux/hexai/internal/textutil/textutil.go:90.44,92.3 1 2
codeberg.org/snonux/hexai/internal/textutil/textutil.go:93.2,93.21 1 7
codeberg.org/snonux/hexai/internal/textutil/textutil.go:93.21,95.3 1 0
codeberg.org/snonux/hexai/internal/textutil/textutil.go:96.2,97.30 2 7
codeberg.org/snonux/hexai/internal/textutil/textutil.go:97.30,98.63 1 2
codeberg.org/snonux/hexai/internal/textutil/textutil.go:98.63,100.4 1 0
codeberg.org/snonux/hexai/internal/textutil/textutil.go:102.2,103.33 2 7
codeberg.org/snonux/hexai/internal/textutil/textutil.go:107.79,108.33 1 9
codeberg.org/snonux/hexai/internal/textutil/textutil.go:108.33,109.21 1 58
codeberg.org/snonux/hexai/internal/textutil/textutil.go:109.21,110.12 1 53
codeberg.org/snonux/hexai/internal/textutil/textutil.go:112.3,112.42 1 5
codeberg.org/snonux/hexai/internal/textutil/textutil.go:112.42,113.12 1 1
codeberg.org/snonux/hexai/internal/textutil/textutil.go:115.3,115.38 1 4
codeberg.org/snonux/hexai/internal/textutil/textutil.go:115.38,116.22 1 15
codeberg.org/snonux/hexai/internal/textutil/textutil.go:116.22,117.37 1 3
codeberg.org/snonux/hexai/internal/textutil/textutil.go:117.37,118.14 1 0
codeberg.org/snonux/hexai/internal/textutil/textutil.go:120.5,121.20 2 3
codeberg.org/snonux/hexai/internal/textutil/textutil.go:121.20,123.6 1 3
codeberg.org/snonux/hexai/internal/textutil/textutil.go:127.2,127.26 1 6
