mode: count
codeberg.org/snonux/hexai/internal/hexaiaction/cmdentry.go:27.101,28.18 1 2
codeberg.org/snonux/hexai/internal/hexaiaction/cmdentry.go:28.18,30.3 1 1
codeberg.org/snonux/hexai/internal/hexaiaction/cmdentry.go:32.2,32.90 1 1
codeberg.org/snonux/hexai/internal/hexaiaction/cmdentry.go:37.41,37.76 1 0
codeberg.org/snonux/hexai/internal/hexaiaction/cmdentry.go:44.83,47.20 3 3
codeberg.org/snonux/hexai/internal/hexaiaction/cmdentry.go:47.21,47.22 0 0
codeberg.org/snonux/hexai/internal/hexaiaction/cmdentry.go:48.2,48.21 1 3
codeberg.org/snonux/hexai/internal/hexaiaction/cmdentry.go:48.22,48.23 0 0
codeberg.org/snonux/hexai/internal/hexaiaction/cmdentry.go:49.2,49.32 1 3
codeberg.org/snonux/hexai/internal/hexaiaction/cmdentry.go:49.32,51.17 2 3
codeberg.org/snonux/hexai/internal/hexaiaction/cmdentry.go:51.17,52.28 1 0
codeberg.org/snonux/hexai/internal/hexaiaction/cmdentry.go:52.29,52.30 0 0
codeberg.org/snonux/hexai/internal/hexaiaction/cmdentry.go:52.40,52.41 0 0
codeberg.org/snonux/hexai/internal/hexaiaction/cmdentry.go:54.3,55.20 2 3
codeberg.org/snonux/hexai/internal/hexaiaction/cmdentry.go:55.20,55.37 1 3
codeberg.org/snonux/hexai/internal/hexaiaction/cmdentry.go:57.2,57.33 1 3
codeberg.org/snonux/hexai/internal/hexaiaction/cmdentry.go:57.33,59.17 2 3
codeberg.org/snonux/hexai/internal/hexaiaction/cmdentry.go:59.17,60.28 1 0
codeberg.org/snonux/hexai/internal/hexaiaction/cmdentry.go:60.29,60.30 0 0
codeberg.org/snonux/hexai/internal/hexaiaction/cmdentry.go:60.40,60.41 0 0
codeberg.org/snonux/hexai/internal/hexaiaction/cmdentry.go:62.3,63.21 2 3
codeberg.org/snonux/hexai/internal/hexaiaction/cmdentry.go:63.21,63.38 1 3
codeberg.org/snonux/hexai/internal/hexaiaction/cmdentry.go:65.2,65.40 1 3
codeberg.org/snonux/hexai/internal/hexaiaction/cmdentry.go:69.92,70.19 1 3
codeberg.org/snonux/hexai/internal/hexaiaction/cmdentry.go:70.19,73.19 2 1
codeberg.org/snonux/hexai/internal/hexaiaction/cmdentry.go:73.19,75.18 2 1
codeberg.org/snonux/hexai/internal/hexaiaction/cmdentry.go:75.18,77.5 1 0
codeberg.org/snonux/hexai/internal/hexaiaction/cmdentry.go:78.4,78.17 1 1
codeberg.org/snonux/hexai/internal/hexaiaction/cmdentry.go:78.17,78.34 1 1
codeberg.org/snonux/hexai/internal/hexaiaction/cmdentry.go:79.4,79.10 1 1
codeberg.org/snonux/hexai/internal/hexaiaction/cmdentry.go:81.3,81.40 1 1
codeberg.org/snonux/hexai/internal/hexaiaction/cmdentry.go:83.2,85.16 3 2
codeberg.org/snonux/hexai/internal/hexaiaction/cmdentry.go:85.16,87.3 1 0
codeberg.org/snonux/hexai/internal/hexaiaction/cmdentry.go:88.2,89.52 2 2
codeberg.org/snonux/hexai/internal/hexaiaction/cmdentry.go:89.52,91.76 2 0
codeberg.org/snonux/hexai/internal/hexaiaction/cmdentry.go:91.76,93.4 1 0
codeberg.org/snonux/hexai/internal/hexaiaction/cmdentry.go:94.8,96.3 1 2
codeberg.org/snonux/hexai/internal/hexaiaction/cmdentry.go:97.2,97.32 1 2
codeberg.org/snonux/hexai/internal/hexaiaction/cmdentry.go:100.98,102.16 2 4
codeberg.org/snonux/hexai/internal/hexaiaction/cmdentry.go:102.16,104.3 1 0
codeberg.org/snonux/hexai/internal/hexaiaction/cmdentry.go:105.2,105.15 1 4
codeberg.org/snonux/hexai/internal/hexaiaction/cmdentry.go:105.15,105.40 1 4
codeberg.org/snonux/hexai/internal/hexaiaction/cmdentry.go:106.2,108.52 3 4
codeberg.org/snonux/hexai/internal/hexaiaction/cmdentry.go:108.52,110.3 1 0
codeberg.org/snonux/hexai/internal/hexaiaction/cmdentry.go:111.2,112.16 2 4
codeberg.org/snonux/hexai/internal/hexaiaction/cmdentry.go:112.16,114.3 1 1
codeberg.org/snonux/hexai/internal/hexaiaction/cmdentry.go:115.2,117.47 3 3
codeberg.org/snonux/hexai/internal/hexaiaction/cmdentry.go:117.47,119.3 1 1
codeberg.org/snonux/hexai/internal/hexaiaction/cmdentry.go:120.2,120.61 1 2
codeberg.org/snonux/hexai/internal/hexaiaction/cmdentry.go:120.61,122.3 1 0
codeberg.org/snonux/hexai/internal/hexaiaction/cmdentry.go:123.2,123.35 1 2
codeberg.org/snonux/hexai/internal/hexaiaction/cmdentry.go:126.55,128.16 2 5
codeberg.org/snonux/hexai/internal/hexaiaction/cmdentry.go:128.16,130.3 1 0
codeberg.org/snonux/hexai/internal/hexaiaction/cmdentry.go:131.2,131.15 1 5
codeberg.org/snonux/hexai/internal/hexaiaction/cmdentry.go:131.15,131.32 1 5
codeberg.org/snonux/hexai/internal/hexaiaction/cmdentry.go:132.2,132.45 1 5
codeberg.org/snonux/hexai/internal/hexaiaction/cmdentry.go:132.45,134.3 1 0
codeberg.org/snonux/hexai/internal/hexaiaction/cmdentry.go:135.2,135.17 1 5
codeberg.org/snonux/hexai/internal/hexaiaction/cmdentry.go:138.60,140.6 2 3
codeberg.org/snonux/hexai/internal/hexaiaction/cmdentry.go:140.6,141.42 1 4
codeberg.org/snonux/hexai/internal/hexaiaction/cmdentry.go:141.42,143.4 1 2
codeberg.org/snonux/hexai/internal/hexaiaction/cmdentry.go:144.3,144.33 1 2
codeberg.org/snonux/hexai/internal/hexaiaction/cmdentry.go:144.33,146.4 1 1
codeberg.org/snonux/hexai/internal/hexaiaction/cmdentry.go:147.3,147.37 1 1
codeberg.org/snonux/hexai/internal/hexaiaction/cmdentry.go:151.48,153.16 2 2
codeberg.org/snonux/hexai/internal/hexaiaction/cmdentry.go:153.16,155.3 1 0
codeberg.org/snonux/hexai/internal/hexaiaction/cmdentry.go:156.2,156.15 1 2
codeberg.org/snonux/hexai/internal/hexaiaction/cmdentry.go:156.15,156.32 1 2
codeberg.org/snonux/hexai/internal/hexaiaction/cmdentry.go:157.2,158.12 2 2
codeberg.org/snonux/hexai/internal/hexaiaction/cmdentry.go:162.83,165.18 3 2
codeberg.org/snonux/hexai/internal/hexaiaction/cmdentry.go:165.18,167.17 2 1
codeberg.org/snonux/hexai/internal/hexaiaction/cmdentry.go:167.17,169.4 1 0
codeberg.org/snonux/hexai/internal/hexaiaction/cmdentry.go:170.3,170.16 1 1
codeberg.org/snonux/hexai/internal/hexaiaction/cmdentry.go:170.16,170.33 1 1
codeberg.org/snonux/hexai/internal/hexaiaction/cmdentry.go:171.3,171.9 1 1
codeberg.org/snonux/hexai/internal/hexaiaction/cmdentry.go:173.2,173.19 1 2
codeberg.org/snonux/hexai/internal/hexaiaction/cmdentry.go:173.19,175.17 2 1
codeberg.org/snonux/hexai/internal/hexaiaction/cmdentry.go:175.17,177.4 1 0
codeberg.org/snonux/hexai/internal/hexaiaction/cmdentry.go:178.3,178.16 1 1
codeberg.org/snonux/hexai/internal/hexaiaction/cmdentry.go:178.16,178.33 1 1
codeberg.org/snonux/hexai/internal/hexaiaction/cmdentry.go:179.3,179.10 1 1
codeberg.org/snonux/hexai/internal/hexaiaction/cmdentry.go:181.2,182.12 2 2
codeberg.org/snonux/hexai/internal/hexaiaction/parse.go:20.50,22.16 2 5
codeberg.org/snonux/hexai/internal/hexaiaction/parse.go:22.16,24.3 1 0
codeberg.org/snonux/hexai/internal/hexaiaction/parse.go:25.2,26.15 2 5
codeberg.org/snonux/hexai/internal/hexaiaction/parse.go:26.15,28.3 1 0
codeberg.org/snonux/hexai/internal/hexaiaction/parse.go:29.2,32.27 3 5
codeberg.org/snonux/hexai/internal/hexaiaction/parse.go:32.27,34.26 2 6
codeberg.org/snonux/hexai/internal/hexaiaction/parse.go:34.26,36.9 2 1
codeberg.org/snonux/hexai/internal/hexaiaction/parse.go:39.2,39.18 1 5
codeberg.org/snonux/hexai/internal/hexaiaction/parse.go:39.18,41.3 1 4
codeberg.org/snonux/hexai/internal/hexaiaction/parse.go:43.2,45.28 3 1
codeberg.org/snonux/hexai/internal/hexaiaction/parse.go:45.28,47.14 2 3
codeberg.org/snonux/hexai/internal/hexaiaction/parse.go:47.14,49.9 2 1
codeberg.org/snonux/hexai/internal/hexaiaction/parse.go:51.3,51.27 1 2
codeberg.org/snonux/hexai/internal/hexaiaction/parse.go:53.2,55.60 3 1
codeberg.org/snonux/hexai/internal/hexaiaction/parse.go:60.54,60.103 1 8
codeberg.org/snonux/hexai/internal/hexaiaction/prompts.go:16.54,16.97 1 18
codeberg.org/snonux/hexai/internal/hexaiaction/prompts.go:19.35,19.73 1 19
codeberg.org/snonux/hexai/internal/hexaiaction/prompts.go:33.31,34.36 1 54
codeberg.org/snonux/hexai/internal/hexaiaction/prompts.go:34.36,36.3 1 6
codeberg.org/snonux/hexai/internal/hexaiaction/prompts.go:37.2,37.14 1 48
codeberg.org/snonux/hexai/internal/hexaiaction/prompts.go:40.44,42.13 2 24
codeberg.org/snonux/hexai/internal/hexaiaction/prompts.go:42.13,44.3 1 20
codeberg.org/snonux/hexai/internal/hexaiaction/prompts.go:45.2,45.10 1 4
codeberg.org/snonux/hexai/internal/hexaiaction/prompts.go:48.73,49.18 1 41
codeberg.org/snonux/hexai/internal/hexaiaction/prompts.go:50.16,51.25 1 0
codeberg.org/snonux/hexai/internal/hexaiaction/prompts.go:52.19,53.28 1 0
codeberg.org/snonux/hexai/internal/hexaiaction/prompts.go:54.10,55.25 1 41
codeberg.org/snonux/hexai/internal/hexaiaction/prompts.go:59.127,60.30 1 22
codeberg.org/snonux/hexai/internal/hexaiaction/prompts.go:60.30,62.3 1 1
codeberg.org/snonux/hexai/internal/hexaiaction/prompts.go:63.2,63.34 1 21
codeberg.org/snonux/hexai/internal/hexaiaction/prompts.go:63.34,65.96 2 17
codeberg.org/snonux/hexai/internal/hexaiaction/prompts.go:65.96,67.4 1 1
codeberg.org/snonux/hexai/internal/hexaiaction/prompts.go:68.3,68.20 1 17
codeberg.org/snonux/hexai/internal/hexaiaction/prompts.go:70.2,70.80 1 4
codeberg.org/snonux/hexai/internal/hexaiaction/prompts.go:70.80,72.3 1 0
codeberg.org/snonux/hexai/internal/hexaiaction/prompts.go:73.2,73.17 1 4
codeberg.org/snonux/hexai/internal/hexaiaction/prompts.go:76.121,80.2 3 7
codeberg.org/snonux/hexai/internal/hexaiaction/prompts.go:82.128,84.26 2 2
codeberg.org/snonux/hexai/internal/hexaiaction/prompts.go:84.26,85.33 1 3
codeberg.org/snonux/hexai/internal/hexaiaction/prompts.go:85.33,86.12 1 0
codeberg.org/snonux/hexai/internal/hexaiaction/prompts.go:88.3,89.23 2 3
codeberg.org/snonux/hexai/internal/hexaiaction/prompts.go:89.23,91.4 1 1
codeberg.org/snonux/hexai/internal/hexaiaction/prompts.go:93.2,95.66 3 2
codeberg.org/snonux/hexai/internal/hexaiaction/prompts.go:98.109,102.2 3 2
codeberg.org/snonux/hexai/internal/hexaiaction/prompts.go:104.109,108.2 3 2
codeberg.org/snonux/hexai/internal/hexaiaction/prompts.go:110.106,114.2 3 2
codeberg.org/snonux/hexai/internal/hexaiaction/prompts.go:116.134,118.38 1 5
codeberg.org/snonux/hexai/internal/hexaiaction/prompts.go:118.38,120.41 2 2
codeberg.org/snonux/hexai/internal/hexaiaction/prompts.go:120.41,122.4 1 0
codeberg.org/snonux/hexai/internal/hexaiaction/prompts.go:124.3,125.67 2 2
codeberg.org/snonux/hexai/internal/hexaiaction/prompts.go:128.2,128.70 1 3
codeberg.org/snonux/hexai/internal/hexaiaction/prompts.go:131.86,134.16 3 1
codeberg.org/snonux/hexai/internal/hexaiaction/prompts.go:134.16,136.3 1 0
codeberg.org/snonux/hexai/internal/hexaiaction/prompts.go:137.2,140.25 3 1
codeberg.org/snonux/hexai/internal/hexaiaction/prompts.go:140.25,142.3 1 2
codeberg.org/snonux/hexai/internal/hexaiaction/prompts.go:143.2,145.51 3 1
codeberg.org/snonux/hexai/internal/hexaiaction/prompts.go:145.51,147.19 2 1
codeberg.org/snonux/hexai/internal/hexaiaction/prompts.go:147.19,149.4 1 0
codeberg.org/snonux/hexai/internal/hexaiaction/prompts.go:150.3,151.55 2 1
codeberg.org/snonux/hexai/internal/hexaiaction/prompts.go:151.55,152.56 1 1
codeberg.org/snonux/hexai/internal/hexaiaction/prompts.go:152.56,154.5 1 1
codeberg.org/snonux/hexai/internal/hexaiaction/prompts.go:156.3,157.194 2 1
codeberg.org/snonux/hexai/internal/hexaiaction/prompts.go:159.2,159.17 1 1
codeberg.org/snonux/hexai/internal/hexaiaction/prompts.go:162.111,165.16 3 17
codeberg.org/snonux/hexai/internal/hexaiaction/prompts.go:165.16,167.3 1 0
codeberg.org/snonux/hexai/internal/hexaiaction/prompts.go:168.2,171.25 3 17
codeberg.org/snonux/hexai/internal/hexaiaction/prompts.go:171.25,173.3 1 34
codeberg.org/snonux/hexai/internal/hexaiaction/prompts.go:174.2,176.17 3 17
codeberg.org/snonux/hexai/internal/hexaiaction/prompts.go:176.17,178.3 1 17
codeberg.org/snonux/hexai/internal/hexaiaction/prompts.go:179.2,180.51 2 17
codeberg.org/snonux/hexai/internal/hexaiaction/prompts.go:180.51,182.19 2 17
codeberg.org/snonux/hexai/internal/hexaiaction/prompts.go:182.19,184.4 1 0
codeberg.org/snonux/hexai/internal/hexaiaction/prompts.go:185.3,186.55 2 17
codeberg.org/snonux/hexai/internal/hexaiaction/prompts.go:186.55,187.40 1 17
codeberg.org/snonux/hexai/internal/hexaiaction/prompts.go:187.40,189.5 1 17
codeberg.org/snonux/hexai/internal/hexaiaction/prompts.go:191.3,192.178 2 17
codeberg.org/snonux/hexai/internal/hexaiaction/prompts.go:194.2,194.17 1 17
codeberg.org/snonux/hexai/internal/hexaiaction/prompts.go:198.49,200.23 2 22
codeberg.org/snonux/hexai/internal/hexaiaction/prompts.go:200.23,202.3 1 17
codeberg.org/snonux/hexai/internal/hexaiaction/prompts.go:203.2,205.23 3 22
codeberg.org/snonux/hexai/internal/hexaiaction/prompts.go:205.23,207.3 1 21
codeberg.org/snonux/hexai/internal/hexaiaction/prompts.go:208.2,209.47 2 22
codeberg.org/snonux/hexai/internal/hexaiaction/prompts.go:209.47,211.3 1 2
codeberg.org/snonux/hexai/internal/hexaiaction/prompts.go:212.2,213.17 2 22
codeberg.org/snonux/hexai/internal/hexaiaction/prompts.go:213.17,215.3 1 20
codeberg.org/snonux/hexai/internal/hexaiaction/prompts.go:216.2,216.44 1 22
codeberg.org/snonux/hexai/internal/hexaiaction/prompts.go:216.44,218.3 1 2
codeberg.org/snonux/hexai/internal/hexaiaction/prompts.go:219.2,219.76 1 22
codeberg.org/snonux/hexai/internal/hexaiaction/prompts.go:219.76,221.3 1 18
codeberg.org/snonux/hexai/internal/hexaiaction/prompts.go:222.2,222.49 1 22
codeberg.org/snonux/hexai/internal/hexaiaction/prompts.go:226.79,228.2 1 10
codeberg.org/snonux/hexai/internal/hexaiaction/prompts.go:230.78,232.2 1 1
codeberg.org/snonux/hexai/internal/hexaiaction/run.go:32.80,35.32 3 4
codeberg.org/snonux/hexai/internal/hexaiaction/run.go:35.32,37.3 1 4
codeberg.org/snonux/hexai/internal/hexaiaction/run.go:38.2,38.39 1 4
codeberg.org/snonux/hexai/internal/hexaiaction/run.go:38.39,41.3 2 0
codeberg.org/snonux/hexai/internal/hexaiaction/run.go:43.2,43.32 1 4
codeberg.org/snonux/hexai/internal/hexaiaction/run.go:43.32,44.47 1 0
codeberg.org/snonux/hexai/internal/hexaiaction/run.go:44.47,44.119 1 0
codeberg.org/snonux/hexai/internal/hexaiaction/run.go:46.2,46.36 1 4
codeberg.org/snonux/hexai/internal/hexaiaction/run.go:46.36,47.87 1 0
codeberg.org/snonux/hexai/internal/hexaiaction/run.go:47.87,49.4 1 0
codeberg.org/snonux/hexai/internal/hexaiaction/run.go:51.2,52.16 2 4
codeberg.org/snonux/hexai/internal/hexaiaction/run.go:52.16,55.3 2 1
codeberg.org/snonux/hexai/internal/hexaiaction/run.go:56.2,57.24 2 3
codeberg.org/snonux/hexai/internal/hexaiaction/run.go:57.24,59.3 1 3
codeberg.org/snonux/hexai/internal/hexaiaction/run.go:60.2,63.16 4 3
codeberg.org/snonux/hexai/internal/hexaiaction/run.go:63.16,66.3 2 0
codeberg.org/snonux/hexai/internal/hexaiaction/run.go:67.2,67.46 1 3
codeberg.org/snonux/hexai/internal/hexaiaction/run.go:67.46,69.3 1 0
codeberg.org/snonux/hexai/internal/hexaiaction/run.go:70.2,71.16 2 3
codeberg.org/snonux/hexai/internal/hexaiaction/run.go:71.16,73.3 1 0
codeberg.org/snonux/hexai/internal/hexaiaction/run.go:74.2,75.16 2 3
codeberg.org/snonux/hexai/internal/hexaiaction/run.go:75.16,77.3 1 0
codeberg.org/snonux/hexai/internal/hexaiaction/run.go:78.2,79.12 2 3
codeberg.org/snonux/hexai/internal/hexaiaction/run.go:83.71,84.16 1 0
codeberg.org/snonux/hexai/internal/hexaiaction/run.go:84.16,86.3 1 0
codeberg.org/snonux/hexai/internal/hexaiaction/run.go:87.2,87.73 1 0
codeberg.org/snonux/hexai/internal/hexaiaction/run.go:90.56,91.16 1 4
codeberg.org/snonux/hexai/internal/hexaiaction/run.go:91.16,93.3 1 0
codeberg.org/snonux/hexai/internal/hexaiaction/run.go:94.2,94.54 1 4
codeberg.org/snonux/hexai/internal/hexaiaction/run.go:94.54,96.3 1 0
codeberg.org/snonux/hexai/internal/hexaiaction/run.go:97.2,97.11 1 4
codeberg.org/snonux/hexai/internal/hexaiaction/run.go:100.146,101.14 1 10
codeberg.org/snonux/hexai/internal/hexaiaction/run.go:102.18,103.30 1 2
codeberg.org/snonux/hexai/internal/hexaiaction/run.go:104.21,105.62 1 2
codeberg.org/snonux/hexai/internal/hexaiaction/run.go:106.25,107.58 1 0
codeberg.org/snonux/hexai/internal/hexaiaction/run.go:108.22,109.55 1 1
codeberg.org/snonux/hexai/internal/hexaiaction/run.go:110.20,111.53 1 1
codeberg.org/snonux/hexai/internal/hexaiaction/run.go:112.22,113.55 1 0
codeberg.org/snonux/hexai/internal/hexaiaction/run.go:114.20,115.53 1 3
codeberg.org/snonux/hexai/internal/hexaiaction/run.go:116.26,117.67 1 1
codeberg.org/snonux/hexai/internal/hexaiaction/run.go:118.10,119.30 1 0
codeberg.org/snonux/hexai/internal/hexaiaction/run.go:123.135,125.36 2 2
codeberg.org/snonux/hexai/internal/hexaiaction/run.go:125.36,128.3 2 0
codeberg.org/snonux/hexai/internal/hexaiaction/run.go:129.2,129.84 1 2
codeberg.org/snonux/hexai/internal/hexaiaction/run.go:129.84,131.3 1 2
codeberg.org/snonux/hexai/internal/hexaiaction/run.go:134.121,135.84 1 1
codeberg.org/snonux/hexai/internal/hexaiaction/run.go:135.84,137.3 1 1
codeberg.org/snonux/hexai/internal/hexaiaction/run.go:140.118,141.84 1 1
codeberg.org/snonux/hexai/internal/hexaiaction/run.go:141.84,143.3 1 1
codeberg.org/snonux/hexai/internal/hexaiaction/run.go:146.116,147.83 1 1
codeberg.org/snonux/hexai/internal/hexaiaction/run.go:147.83,149.3 1 1
codeberg.org/snonux/hexai/internal/hexaiaction/run.go:152.118,153.84 1 1
codeberg.org/snonux/hexai/internal/hexaiaction/run.go:153.84,155.3 1 1
codeberg.org/snonux/hexai/internal/hexaiaction/run.go:158.116,159.27 1 4
codeberg.org/snonux/hexai/internal/hexaiaction/run.go:159.27,161.3 1 0
codeberg.org/snonux/hexai/internal/hexaiaction/run.go:162.2,162.84 1 4
codeberg.org/snonux/hexai/internal/hexaiaction/run.go:162.84,166.3 3 4
codeberg.org/snonux/hexai/internal/hexaiaction/run.go:169.140,171.51 2 1
codeberg.org/snonux/hexai/internal/hexaiaction/run.go:171.51,174.3 2 0
codeberg.org/snonux/hexai/internal/hexaiaction/run.go:175.2,175.84 1 1
codeberg.org/snonux/hexai/internal/hexaiaction/run.go:175.84,177.3 1 1
codeberg.org/snonux/hexai/internal/hexaiaction/run.go:180.169,184.2 3 11
codeberg.org/snonux/hexai/internal/hexaiaction/tui.go:18.36,18.54 1 1
codeberg.org/snonux/hexai/internal/hexaiaction/tui.go:19.36,19.53 1 1
codeberg.org/snonux/hexai/internal/hexaiaction/tui.go:20.36,20.54 1 3
codeberg.org/snonux/hexai/internal/hexaiaction/tui.go:28.23,43.2 7 6
codeberg.org/snonux/hexai/internal/hexaiaction/tui.go:45.31,45.45 1 1
codeberg.org/snonux/hexai/internal/hexaiaction/tui.go:47.57,48.27 1 1
codeberg.org/snonux/hexai/internal/hexaiaction/tui.go:49.18,50.27 1 0
codeberg.org/snonux/hexai/internal/hexaiaction/tui.go:51.25,52.40 1 1
codeberg.org/snonux/hexai/internal/hexaiaction/tui.go:54.2,56.15 3 1
codeberg.org/snonux/hexai/internal/hexaiaction/tui.go:59.62,62.13 3 3
codeberg.org/snonux/hexai/internal/hexaiaction/tui.go:63.18,67.21 3 1
codeberg.org/snonux/hexai/internal/hexaiaction/tui.go:68.15,69.49 1 0
codeberg.org/snonux/hexai/internal/hexaiaction/tui.go:69.49,73.4 3 0
codeberg.org/snonux/hexai/internal/hexaiaction/tui.go:74.19,75.22 1 0
codeberg.org/snonux/hexai/internal/hexaiaction/tui.go:76.17,77.20 1 0
codeberg.org/snonux/hexai/internal/hexaiaction/tui.go:78.19,79.19 1 1
codeberg.org/snonux/hexai/internal/hexaiaction/tui.go:80.13,81.38 1 0
codeberg.org/snonux/hexai/internal/hexaiaction/tui.go:81.38,83.4 1 0
codeberg.org/snonux/hexai/internal/hexaiaction/tui.go:84.36,86.35 2 1
codeberg.org/snonux/hexai/internal/hexaiaction/tui.go:86.35,87.82 1 1
codeberg.org/snonux/hexai/internal/hexaiaction/tui.go:87.82,92.5 4 1
codeberg.org/snonux/hexai/internal/hexaiaction/tui.go:95.2,95.16 1 1
codeberg.org/snonux/hexai/internal/hexaiaction/tui.go:95.16,96.38 1 1
codeberg.org/snonux/hexai/internal/hexaiaction/tui.go:96.38,98.4 1 1
codeberg.org/snonux/hexai/internal/hexaiaction/tui.go:100.2,100.15 1 1
codeberg.org/snonux/hexai/internal/hexaiaction/tui.go:103.30,104.12 1 1
codeberg.org/snonux/hexai/internal/hexaiaction/tui.go:104.12,106.3 1 0
codeberg.org/snonux/hexai/internal/hexaiaction/tui.go:107.2,107.22 1 1
codeberg.org/snonux/hexai/internal/hexaiaction/tui.go:111.35,114.16 3 0
codeberg.org/snonux/hexai/internal/hexaiaction/tui.go:114.16,116.3 1 0
codeberg.org/snonux/hexai/internal/hexaiaction/tui.go:117.2,117.29 1 0
codeberg.org/snonux/hexai/internal/hexaiaction/tui.go:117.29,118.21 1 0
codeberg.org/snonux/hexai/internal/hexaiaction/tui.go:118.21,120.4 1 0
codeberg.org/snonux/hexai/internal/hexaiaction/tui.go:121.3,121.23 1 0
codeberg.org/snonux/hexai/internal/hexaiaction/tui.go:123.2,123.56 1 0
codeberg.org/snonux/hexai/internal/hexaiaction/tui_custom.go:15.96,17.23 1 1
codeberg.org/snonux/hexai/internal/hexaiaction/tui_custom.go:17.23,19.3 1 0
codeberg.org/snonux/hexai/internal/hexaiaction/tui_custom.go:21.2,22.80 2 1
codeberg.org/snonux/hexai/internal/hexaiaction/tui_custom.go:22.80,24.3 1 1
codeberg.org/snonux/hexai/internal/hexaiaction/tui_custom.go:26.2,33.16 7 1
codeberg.org/snonux/hexai/internal/hexaiaction/tui_custom.go:33.16,35.3 1 0
codeberg.org/snonux/hexai/internal/hexaiaction/tui_custom.go:36.2,36.30 1 1
codeberg.org/snonux/hexai/internal/hexaiaction/tui_custom.go:36.30,38.32 1 1
codeberg.org/snonux/hexai/internal/hexaiaction/tui_custom.go:38.32,40.4 1 0
codeberg.org/snonux/hexai/internal/hexaiaction/tui_custom.go:43.2,45.29 3 1
codeberg.org/snonux/hexai/internal/hexaiaction/tui_custom.go:45.29,47.83 2 2
codeberg.org/snonux/hexai/internal/hexaiaction/tui_custom.go:47.83,49.4 1 2
codeberg.org/snonux/hexai/internal/hexaiaction/tui_custom.go:50.3,50.94 1 2
codeberg.org/snonux/hexai/internal/hexaiaction/tui_custom.go:52.2,55.16 4 1
codeberg.org/snonux/hexai/internal/hexaiaction/tui_custom.go:55.16,57.3 1 0
codeberg.org/snonux/hexai/internal/hexaiaction/tui_custom.go:58.2,58.31 1 1
codeberg.org/snonux/hexai/internal/hexaiaction/tui_custom.go:58.31,59.50 1 1
codeberg.org/snonux/hexai/internal/hexaiaction/tui_custom.go:59.50,61.27 1 1
codeberg.org/snonux/hexai/internal/hexaiaction/tui_custom.go:61.27,62.37 1 1
codeberg.org/snonux/hexai/internal/hexaiaction/tui_custom.go:62.37,66.6 3 1
codeberg.org/snonux/hexai/internal/hexaiaction/tui_custom.go:70.2,70.24 1 0
codeberg.org/snonux/hexai/internal/hexaiaction/tui_custom.go:74.46,74.74 1 0
codeberg.org/snonux/hexai/internal/hexaiaction/tui_delegate.go:20.61,20.73 1 28
codeberg.org/snonux/hexai/internal/hexaiaction/tui_delegate.go:21.61,21.73 1 50
codeberg.org/snonux/hexai/internal/hexaiaction/tui_delegate.go:22.61,22.75 1 1
codeberg.org/snonux/hexai/internal/hexaiaction/tui_delegate.go:23.89,26.35 3 2
codeberg.org/snonux/hexai/internal/hexaiaction/tui_delegate.go:26.35,28.3 1 2
codeberg.org/snonux/hexai/internal/hexaiaction/tui_delegate.go:29.2,31.24 3 2
codeberg.org/snonux/hexai/internal/hexaiaction/tui_delegate.go:31.24,33.3 1 2
codeberg.org/snonux/hexai/internal/hexaiaction/tui_delegate.go:34.2,34.53 1 2
