mode: count
codeberg.org/snonux/hexai/internal/editor/editor.go:12.32,14.14 2 3
codeberg.org/snonux/hexai/internal/editor/editor.go:14.14,16.3 1 1
codeberg.org/snonux/hexai/internal/editor/editor.go:17.2,17.14 1 3
codeberg.org/snonux/hexai/internal/editor/editor.go:17.14,19.3 1 0
codeberg.org/snonux/hexai/internal/editor/editor.go:20.2,20.16 1 3
codeberg.org/snonux/hexai/internal/editor/editor.go:25.49,31.2 5 0
codeberg.org/snonux/hexai/internal/editor/editor.go:36.54,38.16 2 1
codeberg.org/snonux/hexai/internal/editor/editor.go:38.16,40.3 1 0
codeberg.org/snonux/hexai/internal/editor/editor.go:42.2,44.16 3 1
codeberg.org/snonux/hexai/internal/editor/editor.go:44.16,46.3 1 0
codeberg.org/snonux/hexai/internal/editor/editor.go:47.2,48.15 2 1
codeberg.org/snonux/hexai/internal/editor/editor.go:48.15,48.38 1 1
codeberg.org/snonux/hexai/internal/editor/editor.go:49.2,49.22 1 1
codeberg.org/snonux/hexai/internal/editor/editor.go:49.22,50.45 1 1
codeberg.org/snonux/hexai/internal/editor/editor.go:50.45,53.4 2 0
codeberg.org/snonux/hexai/internal/editor/editor.go:55.2,55.33 1 1
codeberg.org/snonux/hexai/internal/editor/editor.go:55.33,58.3 2 0
codeberg.org/snonux/hexai/internal/editor/editor.go:59.2,59.34 1 1
codeberg.org/snonux/hexai/internal/editor/editor.go:59.34,61.3 1 0
codeberg.org/snonux/hexai/internal/editor/editor.go:62.2,62.44 1 1
codeberg.org/snonux/hexai/internal/editor/editor.go:62.44,64.3 1 0
codeberg.org/snonux/hexai/internal/editor/editor.go:65.2,66.16 2 1
codeberg.org/snonux/hexai/internal/editor/editor.go:66.16,68.3 1 0
codeberg.org/snonux/hexai/internal/editor/editor.go:69.2,69.42 1 1
