mode: count
codeberg.org/snonux/hexai/internal/ignore/checker.go:27.78,31.2 3 15
codeberg.org/snonux/hexai/internal/ignore/checker.go:35.75,36.14 1 136
codeberg.org/snonux/hexai/internal/ignore/checker.go:36.14,38.3 1 1
codeberg.org/snonux/hexai/internal/ignore/checker.go:39.2,45.66 4 135
codeberg.org/snonux/hexai/internal/ignore/checker.go:45.66,47.3 1 65
codeberg.org/snonux/hexai/internal/ignore/checker.go:48.2,48.56 1 71
codeberg.org/snonux/hexai/internal/ignore/checker.go:48.56,50.3 1 5
codeberg.org/snonux/hexai/internal/ignore/checker.go:51.2,51.18 1 66
codeberg.org/snonux/hexai/internal/ignore/checker.go:55.69,59.2 3 10
codeberg.org/snonux/hexai/internal/ignore/checker.go:63.70,67.37 3 26
codeberg.org/snonux/hexai/internal/ignore/checker.go:67.37,69.65 2 22
codeberg.org/snonux/hexai/internal/ignore/checker.go:69.65,71.4 1 22
codeberg.org/snonux/hexai/internal/ignore/checker.go:73.2,73.28 1 26
codeberg.org/snonux/hexai/internal/ignore/checker.go:73.28,75.3 1 14
codeberg.org/snonux/hexai/internal/ignore/checker.go:81.58,82.21 1 136
codeberg.org/snonux/hexai/internal/ignore/checker.go:82.21,84.3 1 6
codeberg.org/snonux/hexai/internal/ignore/checker.go:85.2,86.48 2 130
codeberg.org/snonux/hexai/internal/ignore/checker.go:86.48,88.3 1 1
codeberg.org/snonux/hexai/internal/ignore/checker.go:89.2,89.18 1 129
