mode: count
codeberg.org/snonux/hexai/internal/lsp/chat_commands.go:14.104,16.55 2 13
codeberg.org/snonux/hexai/internal/lsp/chat_commands.go:16.55,18.3 1 8
codeberg.org/snonux/hexai/internal/lsp/chat_commands.go:20.2,20.9 1 5
codeberg.org/snonux/hexai/internal/lsp/chat_commands.go:21.45,22.39 1 1
codeberg.org/snonux/hexai/internal/lsp/chat_commands.go:23.43,24.37 1 0
codeberg.org/snonux/hexai/internal/lsp/chat_commands.go:25.46,26.50 1 2
codeberg.org/snonux/hexai/internal/lsp/chat_commands.go:27.45,28.49 1 2
codeberg.org/snonux/hexai/internal/lsp/chat_commands.go:29.10,30.99 1 0
codeberg.org/snonux/hexai/internal/lsp/chat_commands.go:34.56,42.2 2 1
codeberg.org/snonux/hexai/internal/lsp/chat_commands.go:44.58,45.26 1 2
codeberg.org/snonux/hexai/internal/lsp/chat_commands.go:45.26,47.3 1 0
codeberg.org/snonux/hexai/internal/lsp/chat_commands.go:48.2,51.16 4 2
codeberg.org/snonux/hexai/internal/lsp/chat_commands.go:51.16,54.3 2 0
codeberg.org/snonux/hexai/internal/lsp/chat_commands.go:55.2,57.44 3 2
codeberg.org/snonux/hexai/internal/lsp/chat_commands.go:60.69,62.10 2 2
codeberg.org/snonux/hexai/internal/lsp/chat_commands.go:62.10,64.3 1 1
codeberg.org/snonux/hexai/internal/lsp/chat_commands.go:65.2,65.91 1 1
codeberg.org/snonux/hexai/internal/lsp/chat_commands.go:68.68,70.11 2 2
codeberg.org/snonux/hexai/internal/lsp/chat_commands.go:70.11,72.3 1 1
codeberg.org/snonux/hexai/internal/lsp/chat_commands.go:73.2,73.64 1 1
codeberg.org/snonux/hexai/internal/lsp/context.go:16.96,18.14 2 14
codeberg.org/snonux/hexai/internal/lsp/context.go:19.17,20.19 1 2
codeberg.org/snonux/hexai/internal/lsp/context.go:21.16,22.41 1 1
codeberg.org/snonux/hexai/internal/lsp/context.go:23.26,24.14 1 9
codeberg.org/snonux/hexai/internal/lsp/context.go:24.14,26.4 1 2
codeberg.org/snonux/hexai/internal/lsp/context.go:27.3,27.19 1 7
codeberg.org/snonux/hexai/internal/lsp/context.go:28.21,29.38 1 2
codeberg.org/snonux/hexai/internal/lsp/context.go:30.10,32.19 1 0
codeberg.org/snonux/hexai/internal/lsp/context.go:36.65,38.35 2 2
codeberg.org/snonux/hexai/internal/lsp/context.go:38.35,41.3 2 0
codeberg.org/snonux/hexai/internal/lsp/context.go:42.2,45.15 4 2
codeberg.org/snonux/hexai/internal/lsp/context.go:45.15,47.3 1 0
codeberg.org/snonux/hexai/internal/lsp/context.go:48.2,49.13 2 2
codeberg.org/snonux/hexai/internal/lsp/context.go:49.13,51.3 1 0
codeberg.org/snonux/hexai/internal/lsp/context.go:52.2,53.59 2 2
codeberg.org/snonux/hexai/internal/lsp/context.go:56.53,58.14 2 4
codeberg.org/snonux/hexai/internal/lsp/context.go:58.14,61.3 2 0
codeberg.org/snonux/hexai/internal/lsp/context.go:62.2,62.61 1 4
codeberg.org/snonux/hexai/internal/lsp/context.go:67.64,68.20 1 7
codeberg.org/snonux/hexai/internal/lsp/context.go:68.20,70.3 1 0
codeberg.org/snonux/hexai/internal/lsp/context.go:71.2,72.27 2 7
codeberg.org/snonux/hexai/internal/lsp/context.go:72.27,74.3 1 6
codeberg.org/snonux/hexai/internal/lsp/context.go:76.2,77.21 2 1
codeberg.org/snonux/hexai/internal/lsp/context.go:77.21,79.3 1 0
codeberg.org/snonux/hexai/internal/lsp/context.go:80.2,80.53 1 1
codeberg.org/snonux/hexai/internal/lsp/context.go:80.53,82.3 1 0
codeberg.org/snonux/hexai/internal/lsp/context.go:83.2,83.19 1 1
codeberg.org/snonux/hexai/internal/lsp/document.go:15.48,19.2 3 42
codeberg.org/snonux/hexai/internal/lsp/document.go:21.45,25.2 3 1
codeberg.org/snonux/hexai/internal/lsp/document.go:27.33,31.2 3 4
codeberg.org/snonux/hexai/internal/lsp/document.go:33.52,37.2 3 91
codeberg.org/snonux/hexai/internal/lsp/document.go:40.37,43.2 2 54
codeberg.org/snonux/hexai/internal/lsp/document.go:45.96,47.35 2 8
codeberg.org/snonux/hexai/internal/lsp/document.go:47.35,49.3 1 1
codeberg.org/snonux/hexai/internal/lsp/document.go:50.2,51.13 2 7
codeberg.org/snonux/hexai/internal/lsp/document.go:51.13,53.3 1 0
codeberg.org/snonux/hexai/internal/lsp/document.go:54.2,54.25 1 7
codeberg.org/snonux/hexai/internal/lsp/document.go:54.25,56.3 1 0
codeberg.org/snonux/hexai/internal/lsp/document.go:57.2,58.16 2 7
codeberg.org/snonux/hexai/internal/lsp/document.go:58.16,60.3 1 6
codeberg.org/snonux/hexai/internal/lsp/document.go:61.2,61.26 1 7
codeberg.org/snonux/hexai/internal/lsp/document.go:61.26,63.3 1 6
codeberg.org/snonux/hexai/internal/lsp/document.go:64.2,64.28 1 7
codeberg.org/snonux/hexai/internal/lsp/document.go:64.28,66.85 2 9
codeberg.org/snonux/hexai/internal/lsp/document.go:66.85,68.9 2 6
codeberg.org/snonux/hexai/internal/lsp/document.go:71.2,71.39 1 7
codeberg.org/snonux/hexai/internal/lsp/document.go:78.71,80.35 2 12
codeberg.org/snonux/hexai/internal/lsp/document.go:80.35,82.3 1 0
codeberg.org/snonux/hexai/internal/lsp/document.go:83.2,84.13 2 12
codeberg.org/snonux/hexai/internal/lsp/document.go:84.13,86.3 1 0
codeberg.org/snonux/hexai/internal/lsp/document.go:87.2,87.25 1 12
codeberg.org/snonux/hexai/internal/lsp/document.go:87.25,89.3 1 0
codeberg.org/snonux/hexai/internal/lsp/document.go:91.2,92.28 2 12
codeberg.org/snonux/hexai/internal/lsp/document.go:92.28,93.44 1 21
codeberg.org/snonux/hexai/internal/lsp/document.go:93.44,95.9 2 4
codeberg.org/snonux/hexai/internal/lsp/document.go:98.3,98.40 1 17
codeberg.org/snonux/hexai/internal/lsp/document.go:98.40,99.9 1 0
codeberg.org/snonux/hexai/internal/lsp/document.go:102.2,102.20 1 12
codeberg.org/snonux/hexai/internal/lsp/document.go:102.20,104.3 1 8
codeberg.org/snonux/hexai/internal/lsp/document.go:106.2,106.35 1 4
codeberg.org/snonux/hexai/internal/lsp/document.go:106.35,109.17 3 6
codeberg.org/snonux/hexai/internal/lsp/document.go:109.17,110.15 1 2
codeberg.org/snonux/hexai/internal/lsp/document.go:110.15,112.5 1 1
codeberg.org/snonux/hexai/internal/lsp/document.go:114.4,114.29 1 1
codeberg.org/snonux/hexai/internal/lsp/document.go:114.29,116.5 1 1
codeberg.org/snonux/hexai/internal/lsp/document.go:119.2,119.13 1 2
codeberg.org/snonux/hexai/internal/lsp/document.go:122.46,123.28 1 9
codeberg.org/snonux/hexai/internal/lsp/document.go:123.28,124.29 1 24
codeberg.org/snonux/hexai/internal/lsp/document.go:124.29,126.4 1 6
codeberg.org/snonux/hexai/internal/lsp/document.go:128.2,128.14 1 3
codeberg.org/snonux/hexai/internal/lsp/document.go:131.31,133.18 2 47
codeberg.org/snonux/hexai/internal/lsp/document.go:133.18,135.3 1 1
codeberg.org/snonux/hexai/internal/lsp/document.go:136.2,136.10 1 46
codeberg.org/snonux/hexai/internal/lsp/document.go:139.33,141.49 2 25
codeberg.org/snonux/hexai/internal/lsp/document.go:141.49,143.3 1 6
codeberg.org/snonux/hexai/internal/lsp/document.go:144.2,144.10 1 19
codeberg.org/snonux/hexai/internal/lsp/handlers.go:10.38,11.41 1 2
codeberg.org/snonux/hexai/internal/lsp/handlers.go:11.41,14.3 2 1
codeberg.org/snonux/hexai/internal/lsp/handlers.go:15.2,15.22 1 1
codeberg.org/snonux/hexai/internal/lsp/handlers.go:15.22,17.3 1 1
codeberg.org/snonux/hexai/internal/lsp/handlers.go:28.72,30.31 2 5
codeberg.org/snonux/hexai/internal/lsp/handlers.go:30.31,31.101 1 5
codeberg.org/snonux/hexai/internal/lsp/handlers.go:31.101,34.4 2 1
codeberg.org/snonux/hexai/internal/lsp/handlers.go:36.2,36.16 1 4
codeberg.org/snonux/hexai/internal/lsp/handlers.go:48.98,55.80 4 24
codeberg.org/snonux/hexai/internal/lsp/handlers.go:55.80,57.3 1 6
codeberg.org/snonux/hexai/internal/lsp/handlers.go:58.2,58.44 1 24
codeberg.org/snonux/hexai/internal/lsp/handlers.go:58.44,59.51 1 2
codeberg.org/snonux/hexai/internal/lsp/handlers.go:59.51,64.4 4 2
codeberg.org/snonux/hexai/internal/lsp/handlers.go:66.2,66.46 1 24
codeberg.org/snonux/hexai/internal/lsp/handlers.go:66.46,67.52 1 2
codeberg.org/snonux/hexai/internal/lsp/handlers.go:67.52,72.4 4 2
codeberg.org/snonux/hexai/internal/lsp/handlers.go:74.2,74.44 1 24
codeberg.org/snonux/hexai/internal/lsp/handlers.go:74.44,76.3 1 4
codeberg.org/snonux/hexai/internal/lsp/handlers.go:77.2,77.43 1 24
codeberg.org/snonux/hexai/internal/lsp/handlers.go:77.43,79.3 1 2
codeberg.org/snonux/hexai/internal/lsp/handlers.go:80.2,80.44 1 24
codeberg.org/snonux/hexai/internal/lsp/handlers.go:80.44,82.3 1 4
codeberg.org/snonux/hexai/internal/lsp/handlers.go:83.2,83.21 1 24
codeberg.org/snonux/hexai/internal/lsp/handlers.go:83.21,85.3 1 8
codeberg.org/snonux/hexai/internal/lsp/handlers.go:87.2,88.30 2 16
codeberg.org/snonux/hexai/internal/lsp/handlers.go:88.30,89.63 1 4
codeberg.org/snonux/hexai/internal/lsp/handlers.go:89.63,91.4 1 1
codeberg.org/snonux/hexai/internal/lsp/handlers.go:93.2,94.33 2 16
codeberg.org/snonux/hexai/internal/lsp/handlers.go:118.72,121.2 2 31
codeberg.org/snonux/hexai/internal/lsp/handlers.go:192.151,195.24 2 11
codeberg.org/snonux/hexai/internal/lsp/handlers.go:195.24,197.3 1 0
codeberg.org/snonux/hexai/internal/lsp/handlers.go:198.2,200.24 3 11
codeberg.org/snonux/hexai/internal/lsp/handlers.go:200.24,202.3 1 0
codeberg.org/snonux/hexai/internal/lsp/handlers.go:203.2,205.51 3 11
codeberg.org/snonux/hexai/internal/lsp/handlers.go:205.51,208.3 2 11
codeberg.org/snonux/hexai/internal/lsp/handlers.go:209.2,210.54 2 11
codeberg.org/snonux/hexai/internal/lsp/handlers.go:210.54,212.3 1 0
codeberg.org/snonux/hexai/internal/lsp/handlers.go:213.2,214.14 2 11
codeberg.org/snonux/hexai/internal/lsp/handlers.go:214.14,216.3 1 0
codeberg.org/snonux/hexai/internal/lsp/handlers.go:218.2,232.12 1 11
codeberg.org/snonux/hexai/internal/lsp/handlers.go:235.64,239.9 4 11
codeberg.org/snonux/hexai/internal/lsp/handlers.go:239.9,241.3 1 10
codeberg.org/snonux/hexai/internal/lsp/handlers.go:243.2,244.16 2 1
codeberg.org/snonux/hexai/internal/lsp/handlers.go:247.56,250.24 3 13
codeberg.org/snonux/hexai/internal/lsp/handlers.go:250.24,252.3 1 5
codeberg.org/snonux/hexai/internal/lsp/handlers.go:253.2,253.44 1 13
codeberg.org/snonux/hexai/internal/lsp/handlers.go:253.44,256.33 3 13
codeberg.org/snonux/hexai/internal/lsp/handlers.go:256.33,261.4 3 0
codeberg.org/snonux/hexai/internal/lsp/handlers.go:262.3,262.9 1 13
codeberg.org/snonux/hexai/internal/lsp/handlers.go:265.2,266.29 2 0
codeberg.org/snonux/hexai/internal/lsp/handlers.go:269.51,273.37 2 1
codeberg.org/snonux/hexai/internal/lsp/handlers.go:273.37,274.15 1 1
codeberg.org/snonux/hexai/internal/lsp/handlers.go:274.15,276.9 2 1
codeberg.org/snonux/hexai/internal/lsp/handlers.go:279.2,279.14 1 1
codeberg.org/snonux/hexai/internal/lsp/handlers.go:279.14,281.3 1 1
codeberg.org/snonux/hexai/internal/lsp/handlers.go:282.2,282.50 1 1
codeberg.org/snonux/hexai/internal/lsp/handlers.go:289.74,294.22 4 25
codeberg.org/snonux/hexai/internal/lsp/handlers.go:294.22,299.49 2 11
codeberg.org/snonux/hexai/internal/lsp/handlers.go:299.49,301.4 1 10
codeberg.org/snonux/hexai/internal/lsp/handlers.go:301.9,304.4 2 1
codeberg.org/snonux/hexai/internal/lsp/handlers.go:307.3,307.100 1 11
codeberg.org/snonux/hexai/internal/lsp/handlers.go:307.100,309.4 1 2
codeberg.org/snonux/hexai/internal/lsp/handlers.go:311.3,311.27 1 9
codeberg.org/snonux/hexai/internal/lsp/handlers.go:311.27,313.4 1 5
codeberg.org/snonux/hexai/internal/lsp/handlers.go:315.3,315.27 1 4
codeberg.org/snonux/hexai/internal/lsp/handlers.go:315.27,316.34 1 3
codeberg.org/snonux/hexai/internal/lsp/handlers.go:316.34,317.36 1 2
codeberg.org/snonux/hexai/internal/lsp/handlers.go:317.36,318.35 1 2
codeberg.org/snonux/hexai/internal/lsp/handlers.go:318.35,320.7 1 2
codeberg.org/snonux/hexai/internal/lsp/handlers.go:322.5,322.17 1 0
codeberg.org/snonux/hexai/internal/lsp/handlers.go:325.4,325.16 1 1
codeberg.org/snonux/hexai/internal/lsp/handlers.go:330.2,331.36 2 15
codeberg.org/snonux/hexai/internal/lsp/handlers.go:331.36,333.3 1 0
codeberg.org/snonux/hexai/internal/lsp/handlers.go:335.2,335.99 1 15
codeberg.org/snonux/hexai/internal/lsp/handlers.go:335.99,337.3 1 3
codeberg.org/snonux/hexai/internal/lsp/handlers.go:338.2,339.33 2 12
codeberg.org/snonux/hexai/internal/lsp/handlers.go:339.33,340.14 1 28
codeberg.org/snonux/hexai/internal/lsp/handlers.go:340.14,342.4 1 6
codeberg.org/snonux/hexai/internal/lsp/handlers.go:344.2,344.14 1 6
codeberg.org/snonux/hexai/internal/lsp/handlers.go:347.171,351.37 4 14
codeberg.org/snonux/hexai/internal/lsp/handlers.go:351.37,353.3 1 0
codeberg.org/snonux/hexai/internal/lsp/handlers.go:354.2,354.22 1 14
codeberg.org/snonux/hexai/internal/lsp/handlers.go:354.22,356.3 1 0
codeberg.org/snonux/hexai/internal/lsp/handlers.go:357.2,367.4 1 14
codeberg.org/snonux/hexai/internal/lsp/handlers.go:370.55,371.27 1 26
codeberg.org/snonux/hexai/internal/lsp/handlers.go:371.27,372.16 1 51
codeberg.org/snonux/hexai/internal/lsp/handlers.go:372.16,373.12 1 0
codeberg.org/snonux/hexai/internal/lsp/handlers.go:375.3,375.38 1 51
codeberg.org/snonux/hexai/internal/lsp/handlers.go:375.38,377.4 1 5
codeberg.org/snonux/hexai/internal/lsp/handlers.go:379.2,379.14 1 21
codeberg.org/snonux/hexai/internal/lsp/handlers.go:454.74,463.2 1 1
codeberg.org/snonux/hexai/internal/lsp/handlers_codeaction.go:17.48,19.55 2 5
codeberg.org/snonux/hexai/internal/lsp/handlers_codeaction.go:19.55,20.23 1 0
codeberg.org/snonux/hexai/internal/lsp/handlers_codeaction.go:20.23,22.4 1 0
codeberg.org/snonux/hexai/internal/lsp/handlers_codeaction.go:23.3,23.9 1 0
codeberg.org/snonux/hexai/internal/lsp/handlers_codeaction.go:26.2,26.69 1 5
codeberg.org/snonux/hexai/internal/lsp/handlers_codeaction.go:26.69,28.23 2 0
codeberg.org/snonux/hexai/internal/lsp/handlers_codeaction.go:28.23,30.4 1 0
codeberg.org/snonux/hexai/internal/lsp/handlers_codeaction.go:31.3,31.9 1 0
codeberg.org/snonux/hexai/internal/lsp/handlers_codeaction.go:33.2,34.66 2 5
codeberg.org/snonux/hexai/internal/lsp/handlers_codeaction.go:34.66,35.23 1 2
codeberg.org/snonux/hexai/internal/lsp/handlers_codeaction.go:35.23,37.4 1 2
codeberg.org/snonux/hexai/internal/lsp/handlers_codeaction.go:38.3,38.9 1 2
codeberg.org/snonux/hexai/internal/lsp/handlers_codeaction.go:40.2,43.53 3 3
codeberg.org/snonux/hexai/internal/lsp/handlers_codeaction.go:43.53,45.3 1 0
codeberg.org/snonux/hexai/internal/lsp/handlers_codeaction.go:46.2,46.57 1 3
codeberg.org/snonux/hexai/internal/lsp/handlers_codeaction.go:46.57,48.3 1 2
codeberg.org/snonux/hexai/internal/lsp/handlers_codeaction.go:49.2,49.54 1 3
codeberg.org/snonux/hexai/internal/lsp/handlers_codeaction.go:49.54,51.3 1 2
codeberg.org/snonux/hexai/internal/lsp/handlers_codeaction.go:52.2,52.51 1 3
codeberg.org/snonux/hexai/internal/lsp/handlers_codeaction.go:52.51,54.3 1 3
codeberg.org/snonux/hexai/internal/lsp/handlers_codeaction.go:55.2,55.54 1 3
codeberg.org/snonux/hexai/internal/lsp/handlers_codeaction.go:55.54,57.3 1 2
codeberg.org/snonux/hexai/internal/lsp/handlers_codeaction.go:59.2,60.22 2 3
codeberg.org/snonux/hexai/internal/lsp/handlers_codeaction.go:60.22,62.3 1 3
codeberg.org/snonux/hexai/internal/lsp/handlers_codeaction.go:66.93,68.23 2 3
codeberg.org/snonux/hexai/internal/lsp/handlers_codeaction.go:68.23,70.3 1 1
codeberg.org/snonux/hexai/internal/lsp/handlers_codeaction.go:71.2,72.29 2 2
codeberg.org/snonux/hexai/internal/lsp/handlers_codeaction.go:72.29,74.18 2 4
codeberg.org/snonux/hexai/internal/lsp/handlers_codeaction.go:74.18,75.12 1 0
codeberg.org/snonux/hexai/internal/lsp/handlers_codeaction.go:77.3,78.29 2 4
codeberg.org/snonux/hexai/internal/lsp/handlers_codeaction.go:78.29,79.23 1 2
codeberg.org/snonux/hexai/internal/lsp/handlers_codeaction.go:79.23,80.13 1 0
codeberg.org/snonux/hexai/internal/lsp/handlers_codeaction.go:82.4,92.37 4 2
codeberg.org/snonux/hexai/internal/lsp/handlers_codeaction.go:92.37,94.5 1 1
codeberg.org/snonux/hexai/internal/lsp/handlers_codeaction.go:95.4,96.12 2 2
codeberg.org/snonux/hexai/internal/lsp/handlers_codeaction.go:99.3,99.35 1 2
codeberg.org/snonux/hexai/internal/lsp/handlers_codeaction.go:99.35,100.12 1 1
codeberg.org/snonux/hexai/internal/lsp/handlers_codeaction.go:102.3,111.36 4 1
codeberg.org/snonux/hexai/internal/lsp/handlers_codeaction.go:111.36,113.4 1 0
codeberg.org/snonux/hexai/internal/lsp/handlers_codeaction.go:114.3,114.91 1 1
codeberg.org/snonux/hexai/internal/lsp/handlers_codeaction.go:118.86,119.34 1 3
codeberg.org/snonux/hexai/internal/lsp/handlers_codeaction.go:119.34,121.3 1 1
codeberg.org/snonux/hexai/internal/lsp/handlers_codeaction.go:122.2,130.12 4 2
codeberg.org/snonux/hexai/internal/lsp/handlers_codeaction.go:133.85,134.87 1 5
codeberg.org/snonux/hexai/internal/lsp/handlers_codeaction.go:134.87,145.3 4 1
codeberg.org/snonux/hexai/internal/lsp/handlers_codeaction.go:146.2,146.12 1 4
codeberg.org/snonux/hexai/internal/lsp/handlers_codeaction.go:149.89,151.21 2 6
codeberg.org/snonux/hexai/internal/lsp/handlers_codeaction.go:151.21,153.3 1 2
codeberg.org/snonux/hexai/internal/lsp/handlers_codeaction.go:154.2,163.12 4 4
codeberg.org/snonux/hexai/internal/lsp/handlers_codeaction.go:166.70,167.54 1 17
codeberg.org/snonux/hexai/internal/lsp/handlers_codeaction.go:167.54,169.3 1 1
codeberg.org/snonux/hexai/internal/lsp/handlers_codeaction.go:170.2,179.58 2 16
codeberg.org/snonux/hexai/internal/lsp/handlers_codeaction.go:179.58,181.3 1 0
codeberg.org/snonux/hexai/internal/lsp/handlers_codeaction.go:182.2,183.22 2 16
codeberg.org/snonux/hexai/internal/lsp/handlers_codeaction.go:184.17,187.89 3 4
codeberg.org/snonux/hexai/internal/lsp/handlers_codeaction.go:188.21,191.43 3 5
codeberg.org/snonux/hexai/internal/lsp/handlers_codeaction.go:191.43,192.24 1 6
codeberg.org/snonux/hexai/internal/lsp/handlers_codeaction.go:192.24,194.5 1 0
codeberg.org/snonux/hexai/internal/lsp/handlers_codeaction.go:194.10,196.5 1 6
codeberg.org/snonux/hexai/internal/lsp/handlers_codeaction.go:198.3,200.89 3 5
codeberg.org/snonux/hexai/internal/lsp/handlers_codeaction.go:201.18,204.89 3 3
codeberg.org/snonux/hexai/internal/lsp/handlers_codeaction.go:205.17,206.92 1 0
codeberg.org/snonux/hexai/internal/lsp/handlers_codeaction.go:206.92,211.4 4 0
codeberg.org/snonux/hexai/internal/lsp/handlers_codeaction.go:212.18,215.89 3 0
codeberg.org/snonux/hexai/internal/lsp/handlers_codeaction.go:216.16,218.43 2 4
codeberg.org/snonux/hexai/internal/lsp/handlers_codeaction.go:218.43,219.30 1 5
codeberg.org/snonux/hexai/internal/lsp/handlers_codeaction.go:219.30,221.10 2 4
codeberg.org/snonux/hexai/internal/lsp/handlers_codeaction.go:224.3,224.20 1 4
codeberg.org/snonux/hexai/internal/lsp/handlers_codeaction.go:224.20,226.4 1 0
codeberg.org/snonux/hexai/internal/lsp/handlers_codeaction.go:227.3,228.43 2 4
codeberg.org/snonux/hexai/internal/lsp/handlers_codeaction.go:228.43,229.46 1 1
codeberg.org/snonux/hexai/internal/lsp/handlers_codeaction.go:229.46,231.5 1 0
codeberg.org/snonux/hexai/internal/lsp/handlers_codeaction.go:231.10,233.5 1 1
codeberg.org/snonux/hexai/internal/lsp/handlers_codeaction.go:234.4,235.36 2 1
codeberg.org/snonux/hexai/internal/lsp/handlers_codeaction.go:235.36,237.43 2 1
codeberg.org/snonux/hexai/internal/lsp/handlers_codeaction.go:237.43,239.6 1 1
codeberg.org/snonux/hexai/internal/lsp/handlers_codeaction.go:240.5,240.26 1 1
codeberg.org/snonux/hexai/internal/lsp/handlers_codeaction.go:242.4,242.133 1 1
codeberg.org/snonux/hexai/internal/lsp/handlers_codeaction.go:243.9,246.4 2 3
codeberg.org/snonux/hexai/internal/lsp/handlers_codeaction.go:247.3,247.89 1 4
codeberg.org/snonux/hexai/internal/lsp/handlers_codeaction.go:249.2,249.18 1 0
codeberg.org/snonux/hexai/internal/lsp/handlers_codeaction.go:252.135,257.86 5 16
codeberg.org/snonux/hexai/internal/lsp/handlers_codeaction.go:257.86,258.65 1 15
codeberg.org/snonux/hexai/internal/lsp/handlers_codeaction.go:258.65,262.4 3 14
codeberg.org/snonux/hexai/internal/lsp/handlers_codeaction.go:263.8,265.3 1 1
codeberg.org/snonux/hexai/internal/lsp/handlers_codeaction.go:266.2,266.18 1 2
codeberg.org/snonux/hexai/internal/lsp/handlers_codeaction.go:269.55,271.56 2 2
codeberg.org/snonux/hexai/internal/lsp/handlers_codeaction.go:271.56,272.23 1 0
codeberg.org/snonux/hexai/internal/lsp/handlers_codeaction.go:272.23,274.4 1 0
codeberg.org/snonux/hexai/internal/lsp/handlers_codeaction.go:275.3,275.9 1 0
codeberg.org/snonux/hexai/internal/lsp/handlers_codeaction.go:277.2,277.49 1 2
codeberg.org/snonux/hexai/internal/lsp/handlers_codeaction.go:277.49,280.3 2 2
codeberg.org/snonux/hexai/internal/lsp/handlers_codeaction.go:281.2,281.26 1 0
codeberg.org/snonux/hexai/internal/lsp/handlers_codeaction.go:287.85,288.22 1 11
codeberg.org/snonux/hexai/internal/lsp/handlers_codeaction.go:288.22,290.3 1 3
codeberg.org/snonux/hexai/internal/lsp/handlers_codeaction.go:291.2,292.53 2 8
codeberg.org/snonux/hexai/internal/lsp/handlers_codeaction.go:292.53,294.3 1 0
codeberg.org/snonux/hexai/internal/lsp/handlers_codeaction.go:295.2,295.31 1 8
codeberg.org/snonux/hexai/internal/lsp/handlers_codeaction.go:295.31,297.3 1 0
codeberg.org/snonux/hexai/internal/lsp/handlers_codeaction.go:298.2,299.36 2 8
codeberg.org/snonux/hexai/internal/lsp/handlers_codeaction.go:299.36,300.34 1 11
codeberg.org/snonux/hexai/internal/lsp/handlers_codeaction.go:300.34,302.4 1 8
codeberg.org/snonux/hexai/internal/lsp/handlers_codeaction.go:304.2,304.12 1 8
codeberg.org/snonux/hexai/internal/lsp/handlers_codeaction.go:308.37,310.32 1 14
codeberg.org/snonux/hexai/internal/lsp/handlers_codeaction.go:310.32,312.3 1 4
codeberg.org/snonux/hexai/internal/lsp/handlers_codeaction.go:313.2,313.32 1 14
codeberg.org/snonux/hexai/internal/lsp/handlers_codeaction.go:313.32,315.3 1 0
codeberg.org/snonux/hexai/internal/lsp/handlers_codeaction.go:317.2,317.29 1 14
codeberg.org/snonux/hexai/internal/lsp/handlers_codeaction.go:317.29,319.3 1 3
codeberg.org/snonux/hexai/internal/lsp/handlers_codeaction.go:321.2,321.29 1 11
codeberg.org/snonux/hexai/internal/lsp/handlers_codeaction.go:321.29,323.3 1 1
codeberg.org/snonux/hexai/internal/lsp/handlers_codeaction.go:324.2,324.13 1 10
codeberg.org/snonux/hexai/internal/lsp/handlers_codeaction.go:327.34,328.22 1 27
codeberg.org/snonux/hexai/internal/lsp/handlers_codeaction.go:328.22,330.3 1 18
codeberg.org/snonux/hexai/internal/lsp/handlers_codeaction.go:331.2,331.34 1 9
codeberg.org/snonux/hexai/internal/lsp/handlers_codeaction.go:334.37,335.22 1 30
codeberg.org/snonux/hexai/internal/lsp/handlers_codeaction.go:335.22,337.3 1 15
codeberg.org/snonux/hexai/internal/lsp/handlers_codeaction.go:338.2,338.34 1 15
codeberg.org/snonux/hexai/internal/lsp/handlers_codeaction.go:343.76,345.80 2 5
codeberg.org/snonux/hexai/internal/lsp/handlers_codeaction.go:345.80,347.3 1 0
codeberg.org/snonux/hexai/internal/lsp/handlers_codeaction.go:349.2,349.71 1 5
codeberg.org/snonux/hexai/internal/lsp/handlers_codeaction.go:349.71,351.3 1 1
codeberg.org/snonux/hexai/internal/lsp/handlers_codeaction.go:353.2,354.41 2 4
codeberg.org/snonux/hexai/internal/lsp/handlers_codeaction.go:354.41,356.3 1 0
codeberg.org/snonux/hexai/internal/lsp/handlers_codeaction.go:357.2,364.12 4 4
codeberg.org/snonux/hexai/internal/lsp/handlers_codeaction.go:368.86,369.33 1 4
codeberg.org/snonux/hexai/internal/lsp/handlers_codeaction.go:369.33,371.3 1 0
codeberg.org/snonux/hexai/internal/lsp/handlers_codeaction.go:372.2,372.34 1 4
codeberg.org/snonux/hexai/internal/lsp/handlers_codeaction.go:372.34,374.3 1 1
codeberg.org/snonux/hexai/internal/lsp/handlers_codeaction.go:375.2,383.12 4 3
codeberg.org/snonux/hexai/internal/lsp/handlers_codeaction.go:386.95,388.76 2 3
codeberg.org/snonux/hexai/internal/lsp/handlers_codeaction.go:388.76,390.3 1 0
codeberg.org/snonux/hexai/internal/lsp/handlers_codeaction.go:392.2,393.21 2 3
codeberg.org/snonux/hexai/internal/lsp/handlers_codeaction.go:393.21,395.3 1 0
codeberg.org/snonux/hexai/internal/lsp/handlers_codeaction.go:396.2,398.36 3 3
codeberg.org/snonux/hexai/internal/lsp/handlers_codeaction.go:398.36,400.3 1 0
codeberg.org/snonux/hexai/internal/lsp/handlers_codeaction.go:401.2,403.39 3 3
codeberg.org/snonux/hexai/internal/lsp/handlers_codeaction.go:403.39,405.3 1 0
codeberg.org/snonux/hexai/internal/lsp/handlers_codeaction.go:407.2,411.26 3 3
codeberg.org/snonux/hexai/internal/lsp/handlers_codeaction.go:411.26,417.22 4 1
codeberg.org/snonux/hexai/internal/lsp/handlers_codeaction.go:417.22,420.4 2 1
codeberg.org/snonux/hexai/internal/lsp/handlers_codeaction.go:421.3,423.102 2 1
codeberg.org/snonux/hexai/internal/lsp/handlers_codeaction.go:423.102,425.4 1 0
codeberg.org/snonux/hexai/internal/lsp/handlers_codeaction.go:426.3,433.40 6 1
codeberg.org/snonux/hexai/internal/lsp/handlers_codeaction.go:433.40,435.4 1 0
codeberg.org/snonux/hexai/internal/lsp/handlers_codeaction.go:436.3,438.19 2 1
codeberg.org/snonux/hexai/internal/lsp/handlers_codeaction.go:438.19,440.4 1 0
codeberg.org/snonux/hexai/internal/lsp/handlers_codeaction.go:441.3,442.33 2 1
codeberg.org/snonux/hexai/internal/lsp/handlers_codeaction.go:445.2,446.15 2 2
codeberg.org/snonux/hexai/internal/lsp/handlers_codeaction.go:446.15,448.3 1 0
codeberg.org/snonux/hexai/internal/lsp/handlers_codeaction.go:449.2,464.13 13 2
codeberg.org/snonux/hexai/internal/lsp/handlers_codeaction.go:464.13,467.3 2 1
codeberg.org/snonux/hexai/internal/lsp/handlers_codeaction.go:468.2,469.32 2 2
codeberg.org/snonux/hexai/internal/lsp/handlers_codeaction.go:473.62,474.39 1 4
codeberg.org/snonux/hexai/internal/lsp/handlers_codeaction.go:474.39,476.3 1 2
codeberg.org/snonux/hexai/internal/lsp/handlers_codeaction.go:477.2,479.16 3 2
codeberg.org/snonux/hexai/internal/lsp/handlers_codeaction.go:479.16,481.3 1 0
codeberg.org/snonux/hexai/internal/lsp/handlers_codeaction.go:482.2,483.29 2 2
codeberg.org/snonux/hexai/internal/lsp/handlers_codeaction.go:486.35,487.41 1 3
codeberg.org/snonux/hexai/internal/lsp/handlers_codeaction.go:487.41,489.3 1 1
codeberg.org/snonux/hexai/internal/lsp/handlers_codeaction.go:490.2,490.14 1 2
codeberg.org/snonux/hexai/internal/lsp/handlers_codeaction.go:494.48,495.27 1 5
codeberg.org/snonux/hexai/internal/lsp/handlers_codeaction.go:495.27,497.39 2 6
codeberg.org/snonux/hexai/internal/lsp/handlers_codeaction.go:497.39,500.45 2 4
codeberg.org/snonux/hexai/internal/lsp/handlers_codeaction.go:500.45,502.5 1 1
codeberg.org/snonux/hexai/internal/lsp/handlers_codeaction.go:503.4,503.46 1 4
codeberg.org/snonux/hexai/internal/lsp/handlers_codeaction.go:503.46,505.5 1 0
codeberg.org/snonux/hexai/internal/lsp/handlers_codeaction.go:506.4,506.46 1 4
codeberg.org/snonux/hexai/internal/lsp/handlers_codeaction.go:506.46,508.5 1 0
codeberg.org/snonux/hexai/internal/lsp/handlers_codeaction.go:509.4,509.15 1 4
codeberg.org/snonux/hexai/internal/lsp/handlers_codeaction.go:512.2,512.11 1 1
codeberg.org/snonux/hexai/internal/lsp/handlers_codeaction.go:516.63,517.13 1 4
codeberg.org/snonux/hexai/internal/lsp/handlers_codeaction.go:517.13,519.3 1 0
codeberg.org/snonux/hexai/internal/lsp/handlers_codeaction.go:520.2,520.23 1 4
codeberg.org/snonux/hexai/internal/lsp/handlers_codeaction.go:520.23,522.3 1 0
codeberg.org/snonux/hexai/internal/lsp/handlers_codeaction.go:524.2,525.28 2 4
codeberg.org/snonux/hexai/internal/lsp/handlers_codeaction.go:525.28,526.42 1 4
codeberg.org/snonux/hexai/internal/lsp/handlers_codeaction.go:526.42,528.9 2 4
codeberg.org/snonux/hexai/internal/lsp/handlers_codeaction.go:530.3,530.38 1 0
codeberg.org/snonux/hexai/internal/lsp/handlers_codeaction.go:530.38,531.9 1 0
codeberg.org/snonux/hexai/internal/lsp/handlers_codeaction.go:534.2,534.17 1 4
codeberg.org/snonux/hexai/internal/lsp/handlers_codeaction.go:534.17,536.3 1 0
codeberg.org/snonux/hexai/internal/lsp/handlers_codeaction.go:538.2,540.38 3 4
codeberg.org/snonux/hexai/internal/lsp/handlers_codeaction.go:540.38,542.32 2 5
codeberg.org/snonux/hexai/internal/lsp/handlers_codeaction.go:542.32,543.17 1 106
codeberg.org/snonux/hexai/internal/lsp/handlers_codeaction.go:544.13,546.20 2 3
codeberg.org/snonux/hexai/internal/lsp/handlers_codeaction.go:547.13,548.18 1 3
codeberg.org/snonux/hexai/internal/lsp/handlers_codeaction.go:548.18,550.6 1 3
codeberg.org/snonux/hexai/internal/lsp/handlers_codeaction.go:551.5,551.31 1 3
codeberg.org/snonux/hexai/internal/lsp/handlers_codeaction.go:551.31,553.6 1 3
codeberg.org/snonux/hexai/internal/lsp/handlers_codeaction.go:558.2,558.15 1 1
codeberg.org/snonux/hexai/internal/lsp/handlers_codeaction.go:558.15,560.3 1 1
codeberg.org/snonux/hexai/internal/lsp/handlers_codeaction.go:561.2,561.18 1 0
codeberg.org/snonux/hexai/internal/lsp/handlers_codeaction.go:565.65,573.85 8 4
codeberg.org/snonux/hexai/internal/lsp/handlers_codeaction.go:573.85,575.20 2 4
codeberg.org/snonux/hexai/internal/lsp/handlers_codeaction.go:575.20,577.4 1 4
codeberg.org/snonux/hexai/internal/lsp/handlers_codeaction.go:578.8,580.3 1 0
codeberg.org/snonux/hexai/internal/lsp/handlers_codeaction.go:582.2,583.16 2 0
codeberg.org/snonux/hexai/internal/lsp/handlers_codeaction.go:583.16,585.3 1 0
codeberg.org/snonux/hexai/internal/lsp/handlers_codeaction.go:586.2,586.115 1 0
codeberg.org/snonux/hexai/internal/lsp/handlers_codeaction.go:590.43,594.39 3 2
codeberg.org/snonux/hexai/internal/lsp/handlers_codeaction.go:594.39,596.3 1 0
codeberg.org/snonux/hexai/internal/lsp/handlers_codeaction.go:597.2,599.34 2 2
codeberg.org/snonux/hexai/internal/lsp/handlers_codeaction.go:599.34,601.63 1 1
codeberg.org/snonux/hexai/internal/lsp/handlers_codeaction.go:601.63,603.4 1 1
codeberg.org/snonux/hexai/internal/lsp/handlers_codeaction.go:606.2,606.42 1 2
codeberg.org/snonux/hexai/internal/lsp/handlers_codeaction.go:606.42,608.3 1 2
codeberg.org/snonux/hexai/internal/lsp/handlers_codeaction.go:609.2,609.11 1 0
codeberg.org/snonux/hexai/internal/lsp/handlers_codeaction.go:612.37,613.16 1 0
codeberg.org/snonux/hexai/internal/lsp/handlers_codeaction.go:613.16,615.3 1 0
codeberg.org/snonux/hexai/internal/lsp/handlers_codeaction.go:616.2,617.32 2 0
codeberg.org/snonux/hexai/internal/lsp/handlers_codeaction.go:617.32,619.3 1 0
codeberg.org/snonux/hexai/internal/lsp/handlers_codeaction.go:620.2,620.18 1 0
codeberg.org/snonux/hexai/internal/lsp/handlers_completion.go:32.48,33.28 1 3
codeberg.org/snonux/hexai/internal/lsp/handlers_completion.go:33.28,36.3 2 1
codeberg.org/snonux/hexai/internal/lsp/handlers_completion.go:37.2,39.55 3 2
codeberg.org/snonux/hexai/internal/lsp/handlers_completion.go:39.55,41.70 1 2
codeberg.org/snonux/hexai/internal/lsp/handlers_completion.go:41.70,43.34 2 0
codeberg.org/snonux/hexai/internal/lsp/handlers_completion.go:43.34,47.5 1 0
codeberg.org/snonux/hexai/internal/lsp/handlers_completion.go:47.10,49.5 1 0
codeberg.org/snonux/hexai/internal/lsp/handlers_completion.go:50.4,50.10 1 0
codeberg.org/snonux/hexai/internal/lsp/handlers_completion.go:53.3,58.19 5 2
codeberg.org/snonux/hexai/internal/lsp/handlers_completion.go:58.19,60.4 1 0
codeberg.org/snonux/hexai/internal/lsp/handlers_completion.go:61.3,61.25 1 2
codeberg.org/snonux/hexai/internal/lsp/handlers_completion.go:61.25,65.10 4 2
codeberg.org/snonux/hexai/internal/lsp/handlers_completion.go:65.10,68.5 2 2
codeberg.org/snonux/hexai/internal/lsp/handlers_completion.go:71.2,72.73 2 0
codeberg.org/snonux/hexai/internal/lsp/handlers_completion.go:77.67,78.22 1 3
codeberg.org/snonux/hexai/internal/lsp/handlers_completion.go:78.22,80.3 1 0
codeberg.org/snonux/hexai/internal/lsp/handlers_completion.go:81.2,85.48 2 3
codeberg.org/snonux/hexai/internal/lsp/handlers_completion.go:85.48,87.3 1 1
codeberg.org/snonux/hexai/internal/lsp/handlers_completion.go:87.8,90.3 2 2
codeberg.org/snonux/hexai/internal/lsp/handlers_completion.go:91.2,91.46 1 3
codeberg.org/snonux/hexai/internal/lsp/handlers_completion.go:96.99,99.2 1 3
codeberg.org/snonux/hexai/internal/lsp/handlers_completion.go:101.98,104.2 1 1
codeberg.org/snonux/hexai/internal/lsp/handlers_completion.go:106.166,109.16 3 19
codeberg.org/snonux/hexai/internal/lsp/handlers_completion.go:109.16,109.41 1 19
codeberg.org/snonux/hexai/internal/lsp/handlers_completion.go:111.2,112.13 2 19
codeberg.org/snonux/hexai/internal/lsp/handlers_completion.go:112.13,115.3 2 8
codeberg.org/snonux/hexai/internal/lsp/handlers_completion.go:116.2,117.21 2 11
codeberg.org/snonux/hexai/internal/lsp/handlers_completion.go:117.21,120.3 2 0
codeberg.org/snonux/hexai/internal/lsp/handlers_completion.go:121.2,129.29 6 11
codeberg.org/snonux/hexai/internal/lsp/handlers_completion.go:129.29,133.3 3 0
codeberg.org/snonux/hexai/internal/lsp/handlers_completion.go:134.2,134.29 1 11
codeberg.org/snonux/hexai/internal/lsp/handlers_completion.go:134.29,137.20 3 11
codeberg.org/snonux/hexai/internal/lsp/handlers_completion.go:137.20,138.12 1 0
codeberg.org/snonux/hexai/internal/lsp/handlers_completion.go:140.3,142.57 3 11
codeberg.org/snonux/hexai/internal/lsp/handlers_completion.go:142.57,146.4 3 11
codeberg.org/snonux/hexai/internal/lsp/handlers_completion.go:149.2,149.18 1 11
codeberg.org/snonux/hexai/internal/lsp/handlers_completion.go:149.18,153.3 3 0
codeberg.org/snonux/hexai/internal/lsp/handlers_completion.go:155.2,155.12 1 11
codeberg.org/snonux/hexai/internal/lsp/handlers_completion.go:155.12,158.3 2 11
codeberg.org/snonux/hexai/internal/lsp/handlers_completion.go:160.2,160.18 1 11
codeberg.org/snonux/hexai/internal/lsp/handlers_completion.go:160.18,162.37 2 11
codeberg.org/snonux/hexai/internal/lsp/handlers_completion.go:162.37,165.4 2 0
codeberg.org/snonux/hexai/internal/lsp/handlers_completion.go:166.3,167.32 2 11
codeberg.org/snonux/hexai/internal/lsp/handlers_completion.go:170.2,171.13 2 0
codeberg.org/snonux/hexai/internal/lsp/handlers_completion.go:171.13,175.28 3 0
codeberg.org/snonux/hexai/internal/lsp/handlers_completion.go:175.28,176.38 1 0
codeberg.org/snonux/hexai/internal/lsp/handlers_completion.go:176.38,177.13 1 0
codeberg.org/snonux/hexai/internal/lsp/handlers_completion.go:179.4,179.45 1 0
codeberg.org/snonux/hexai/internal/lsp/handlers_completion.go:181.3,181.25 1 0
codeberg.org/snonux/hexai/internal/lsp/handlers_completion.go:181.25,183.4 1 0
codeberg.org/snonux/hexai/internal/lsp/handlers_completion.go:184.3,184.31 1 0
codeberg.org/snonux/hexai/internal/lsp/handlers_completion.go:188.2,189.26 2 0
codeberg.org/snonux/hexai/internal/lsp/handlers_completion.go:189.26,193.28 4 0
codeberg.org/snonux/hexai/internal/lsp/handlers_completion.go:193.28,194.38 1 0
codeberg.org/snonux/hexai/internal/lsp/handlers_completion.go:194.38,195.13 1 0
codeberg.org/snonux/hexai/internal/lsp/handlers_completion.go:197.4,198.18 2 0
codeberg.org/snonux/hexai/internal/lsp/handlers_completion.go:198.18,203.5 4 0
codeberg.org/snonux/hexai/internal/lsp/handlers_completion.go:205.3,205.17 1 0
codeberg.org/snonux/hexai/internal/lsp/handlers_completion.go:205.17,208.4 2 0
codeberg.org/snonux/hexai/internal/lsp/handlers_completion.go:209.3,210.17 2 0
codeberg.org/snonux/hexai/internal/lsp/handlers_completion.go:213.2,214.33 2 0
codeberg.org/snonux/hexai/internal/lsp/handlers_completion.go:214.33,217.3 2 0
codeberg.org/snonux/hexai/internal/lsp/handlers_completion.go:218.2,218.31 1 0
codeberg.org/snonux/hexai/internal/lsp/handlers_completion.go:221.181,234.57 4 19
codeberg.org/snonux/hexai/internal/lsp/handlers_completion.go:234.57,237.3 2 8
codeberg.org/snonux/hexai/internal/lsp/handlers_completion.go:238.2,238.51 1 11
codeberg.org/snonux/hexai/internal/lsp/handlers_completion.go:238.51,240.3 1 0
codeberg.org/snonux/hexai/internal/lsp/handlers_completion.go:241.2,244.73 4 11
codeberg.org/snonux/hexai/internal/lsp/handlers_completion.go:244.73,246.3 1 0
codeberg.org/snonux/hexai/internal/lsp/handlers_completion.go:247.2,247.118 1 11
codeberg.org/snonux/hexai/internal/lsp/handlers_completion.go:247.118,250.3 2 0
codeberg.org/snonux/hexai/internal/lsp/handlers_completion.go:251.2,251.98 1 11
codeberg.org/snonux/hexai/internal/lsp/handlers_completion.go:251.98,254.3 2 0
codeberg.org/snonux/hexai/internal/lsp/handlers_completion.go:255.2,255.25 1 11
codeberg.org/snonux/hexai/internal/lsp/handlers_completion.go:258.143,262.23 4 11
codeberg.org/snonux/hexai/internal/lsp/handlers_completion.go:262.23,264.3 1 0
codeberg.org/snonux/hexai/internal/lsp/handlers_completion.go:265.2,266.89 2 11
codeberg.org/snonux/hexai/internal/lsp/handlers_completion.go:266.89,273.3 4 1
codeberg.org/snonux/hexai/internal/lsp/handlers_completion.go:274.2,274.89 1 10
codeberg.org/snonux/hexai/internal/lsp/handlers_completion.go:274.89,276.3 1 1
codeberg.org/snonux/hexai/internal/lsp/handlers_completion.go:277.2,277.69 1 9
codeberg.org/snonux/hexai/internal/lsp/handlers_completion.go:280.163,283.29 3 9
codeberg.org/snonux/hexai/internal/lsp/handlers_completion.go:283.29,285.3 1 18
codeberg.org/snonux/hexai/internal/lsp/handlers_completion.go:286.2,288.16 3 9
codeberg.org/snonux/hexai/internal/lsp/handlers_completion.go:288.16,292.3 3 0
codeberg.org/snonux/hexai/internal/lsp/handlers_completion.go:293.2,299.19 7 9
codeberg.org/snonux/hexai/internal/lsp/handlers_completion.go:299.19,301.3 1 0
codeberg.org/snonux/hexai/internal/lsp/handlers_completion.go:302.2,304.23 3 9
codeberg.org/snonux/hexai/internal/lsp/handlers_completion.go:304.23,306.3 1 0
codeberg.org/snonux/hexai/internal/lsp/handlers_completion.go:307.2,310.20 4 9
codeberg.org/snonux/hexai/internal/lsp/handlers_completion.go:314.38,315.16 1 12
codeberg.org/snonux/hexai/internal/lsp/handlers_completion.go:315.16,317.3 1 5
codeberg.org/snonux/hexai/internal/lsp/handlers_completion.go:318.2,321.42 2 7
codeberg.org/snonux/hexai/internal/lsp/handlers_completion.go:321.42,323.3 1 5
codeberg.org/snonux/hexai/internal/lsp/handlers_completion.go:323.8,326.3 2 2
codeberg.org/snonux/hexai/internal/lsp/handlers_completion.go:327.2,327.27 1 7
codeberg.org/snonux/hexai/internal/lsp/handlers_completion.go:331.91,334.18 3 16
codeberg.org/snonux/hexai/internal/lsp/handlers_completion.go:334.18,336.3 1 1
codeberg.org/snonux/hexai/internal/lsp/handlers_completion.go:337.2,337.34 1 15
codeberg.org/snonux/hexai/internal/lsp/handlers_completion.go:337.34,338.29 1 5
codeberg.org/snonux/hexai/internal/lsp/handlers_completion.go:338.29,340.4 1 0
codeberg.org/snonux/hexai/internal/lsp/handlers_completion.go:341.3,342.31 2 5
codeberg.org/snonux/hexai/internal/lsp/handlers_completion.go:342.31,343.18 1 14
codeberg.org/snonux/hexai/internal/lsp/handlers_completion.go:343.18,346.5 2 2
codeberg.org/snonux/hexai/internal/lsp/handlers_completion.go:349.2,349.14 1 13
codeberg.org/snonux/hexai/internal/lsp/handlers_completion.go:353.119,357.24 2 16
codeberg.org/snonux/hexai/internal/lsp/handlers_completion.go:357.24,359.3 1 0
codeberg.org/snonux/hexai/internal/lsp/handlers_completion.go:360.2,361.13 2 16
codeberg.org/snonux/hexai/internal/lsp/handlers_completion.go:361.13,363.68 2 14
codeberg.org/snonux/hexai/internal/lsp/handlers_completion.go:363.68,365.4 1 5
codeberg.org/snonux/hexai/internal/lsp/handlers_completion.go:367.2,367.19 1 16
codeberg.org/snonux/hexai/internal/lsp/handlers_completion.go:367.19,369.3 1 8
codeberg.org/snonux/hexai/internal/lsp/handlers_completion.go:371.2,372.12 2 8
codeberg.org/snonux/hexai/internal/lsp/handlers_completion.go:372.12,374.28 2 27
codeberg.org/snonux/hexai/internal/lsp/handlers_completion.go:374.28,376.12 2 20
codeberg.org/snonux/hexai/internal/lsp/handlers_completion.go:378.3,378.8 1 7
codeberg.org/snonux/hexai/internal/lsp/handlers_completion.go:380.2,382.18 3 8
codeberg.org/snonux/hexai/internal/lsp/handlers_completion.go:382.18,383.45 1 5
codeberg.org/snonux/hexai/internal/lsp/handlers_completion.go:383.45,385.4 1 5
codeberg.org/snonux/hexai/internal/lsp/handlers_completion.go:387.2,387.23 1 8
codeberg.org/snonux/hexai/internal/lsp/handlers_completion.go:391.169,393.9 2 13
codeberg.org/snonux/hexai/internal/lsp/handlers_completion.go:393.9,395.3 1 7
codeberg.org/snonux/hexai/internal/lsp/handlers_completion.go:396.2,407.20 9 6
codeberg.org/snonux/hexai/internal/lsp/handlers_completion.go:407.20,409.3 1 0
codeberg.org/snonux/hexai/internal/lsp/handlers_completion.go:410.2,416.102 7 6
codeberg.org/snonux/hexai/internal/lsp/handlers_completion.go:416.102,418.3 1 0
codeberg.org/snonux/hexai/internal/lsp/handlers_completion.go:419.2,420.41 2 6
codeberg.org/snonux/hexai/internal/lsp/handlers_completion.go:420.41,421.17 1 2
codeberg.org/snonux/hexai/internal/lsp/handlers_completion.go:421.17,423.4 1 2
codeberg.org/snonux/hexai/internal/lsp/handlers_completion.go:424.3,424.20 1 2
codeberg.org/snonux/hexai/internal/lsp/handlers_completion.go:426.2,431.19 6 4
codeberg.org/snonux/hexai/internal/lsp/handlers_completion.go:431.19,433.3 1 0
codeberg.org/snonux/hexai/internal/lsp/handlers_completion.go:434.2,435.19 2 4
codeberg.org/snonux/hexai/internal/lsp/handlers_completion.go:435.19,437.3 1 0
codeberg.org/snonux/hexai/internal/lsp/handlers_completion.go:438.2,439.19 2 4
codeberg.org/snonux/hexai/internal/lsp/handlers_completion.go:439.19,441.3 1 0
codeberg.org/snonux/hexai/internal/lsp/handlers_completion.go:442.2,442.101 1 4
codeberg.org/snonux/hexai/internal/lsp/handlers_completion.go:442.101,444.19 2 1
codeberg.org/snonux/hexai/internal/lsp/handlers_completion.go:444.19,446.4 1 1
codeberg.org/snonux/hexai/internal/lsp/handlers_completion.go:448.2,448.38 1 4
codeberg.org/snonux/hexai/internal/lsp/handlers_completion.go:448.38,450.3 1 0
codeberg.org/snonux/hexai/internal/lsp/handlers_completion.go:451.2,453.23 3 4
codeberg.org/snonux/hexai/internal/lsp/handlers_completion.go:453.23,455.3 1 0
codeberg.org/snonux/hexai/internal/lsp/handlers_completion.go:456.2,459.20 4 4
codeberg.org/snonux/hexai/internal/lsp/handlers_completion.go:464.55,466.12 2 40
codeberg.org/snonux/hexai/internal/lsp/handlers_completion.go:466.12,468.3 1 38
codeberg.org/snonux/hexai/internal/lsp/handlers_completion.go:469.2,469.6 1 2
codeberg.org/snonux/hexai/internal/lsp/handlers_completion.go:469.6,473.20 4 4
codeberg.org/snonux/hexai/internal/lsp/handlers_completion.go:473.20,475.4 1 0
codeberg.org/snonux/hexai/internal/lsp/handlers_completion.go:476.3,477.17 2 4
codeberg.org/snonux/hexai/internal/lsp/handlers_completion.go:477.17,479.4 1 2
codeberg.org/snonux/hexai/internal/lsp/handlers_completion.go:480.3,482.10 3 2
codeberg.org/snonux/hexai/internal/lsp/handlers_completion.go:483.21,485.10 2 0
codeberg.org/snonux/hexai/internal/lsp/handlers_completion.go:486.18,486.18 0 2
codeberg.org/snonux/hexai/internal/lsp/handlers_completion.go:494.60,496.19 2 40
codeberg.org/snonux/hexai/internal/lsp/handlers_completion.go:496.19,498.3 1 37
codeberg.org/snonux/hexai/internal/lsp/handlers_completion.go:499.2,500.6 2 3
codeberg.org/snonux/hexai/internal/lsp/handlers_completion.go:500.6,504.23 4 5
codeberg.org/snonux/hexai/internal/lsp/handlers_completion.go:504.23,508.11 4 2
codeberg.org/snonux/hexai/internal/lsp/handlers_completion.go:509.22,511.17 2 0
codeberg.org/snonux/hexai/internal/lsp/handlers_completion.go:512.19,514.13 1 2
codeberg.org/snonux/hexai/internal/lsp/handlers_completion.go:518.3,520.14 3 3
codeberg.org/snonux/hexai/internal/lsp/handlers_completion.go:525.177,537.14 5 15
codeberg.org/snonux/hexai/internal/lsp/handlers_completion.go:537.14,540.3 2 2
codeberg.org/snonux/hexai/internal/lsp/handlers_completion.go:541.2,541.79 1 15
codeberg.org/snonux/hexai/internal/lsp/handlers_completion.go:541.79,543.3 1 2
codeberg.org/snonux/hexai/internal/lsp/handlers_completion.go:544.2,546.52 3 15
codeberg.org/snonux/hexai/internal/lsp/handlers_completion.go:546.52,548.37 2 1
codeberg.org/snonux/hexai/internal/lsp/handlers_completion.go:548.37,550.4 1 0
codeberg.org/snonux/hexai/internal/lsp/handlers_completion.go:551.3,551.73 1 1
codeberg.org/snonux/hexai/internal/lsp/handlers_completion.go:553.2,553.17 1 15
codeberg.org/snonux/hexai/internal/lsp/handlers_completion.go:557.101,559.57 2 12
codeberg.org/snonux/hexai/internal/lsp/handlers_completion.go:559.57,560.78 1 0
codeberg.org/snonux/hexai/internal/lsp/handlers_completion.go:560.78,562.4 1 0
codeberg.org/snonux/hexai/internal/lsp/handlers_completion.go:564.2,564.19 1 12
codeberg.org/snonux/hexai/internal/lsp/handlers_completion.go:564.19,566.3 1 12
codeberg.org/snonux/hexai/internal/lsp/handlers_completion.go:567.2,567.19 1 12
codeberg.org/snonux/hexai/internal/lsp/handlers_completion.go:567.19,569.3 1 12
codeberg.org/snonux/hexai/internal/lsp/handlers_completion.go:570.2,571.86 2 12
codeberg.org/snonux/hexai/internal/lsp/handlers_completion.go:571.86,572.57 1 2
codeberg.org/snonux/hexai/internal/lsp/handlers_completion.go:572.57,574.4 1 1
codeberg.org/snonux/hexai/internal/lsp/handlers_completion.go:576.2,576.16 1 12
codeberg.org/snonux/hexai/internal/lsp/handlers_document.go:14.45,16.55 2 1
codeberg.org/snonux/hexai/internal/lsp/handlers_document.go:16.55,20.70 3 1
codeberg.org/snonux/hexai/internal/lsp/handlers_document.go:20.70,22.4 1 0
codeberg.org/snonux/hexai/internal/lsp/handlers_document.go:26.47,28.55 2 1
codeberg.org/snonux/hexai/internal/lsp/handlers_document.go:28.55,29.32 1 1
codeberg.org/snonux/hexai/internal/lsp/handlers_document.go:29.32,31.4 1 1
codeberg.org/snonux/hexai/internal/lsp/handlers_document.go:32.3,34.44 2 1
codeberg.org/snonux/hexai/internal/lsp/handlers_document.go:38.46,40.55 2 1
codeberg.org/snonux/hexai/internal/lsp/handlers_document.go:40.55,43.3 2 1
codeberg.org/snonux/hexai/internal/lsp/handlers_document.go:49.76,51.14 2 8
codeberg.org/snonux/hexai/internal/lsp/handlers_document.go:51.14,53.3 1 4
codeberg.org/snonux/hexai/internal/lsp/handlers_document.go:55.2,56.14 2 4
codeberg.org/snonux/hexai/internal/lsp/handlers_document.go:56.14,58.3 1 0
codeberg.org/snonux/hexai/internal/lsp/handlers_document.go:59.2,59.26 1 4
codeberg.org/snonux/hexai/internal/lsp/handlers_document.go:59.26,61.3 1 1
codeberg.org/snonux/hexai/internal/lsp/handlers_document.go:62.2,63.13 2 4
codeberg.org/snonux/hexai/internal/lsp/handlers_document.go:63.13,65.3 1 0
codeberg.org/snonux/hexai/internal/lsp/handlers_document.go:66.2,66.30 1 4
codeberg.org/snonux/hexai/internal/lsp/handlers_document.go:66.30,68.3 1 1
codeberg.org/snonux/hexai/internal/lsp/handlers_document.go:70.2,71.28 2 4
codeberg.org/snonux/hexai/internal/lsp/handlers_document.go:71.28,74.3 2 5
codeberg.org/snonux/hexai/internal/lsp/handlers_document.go:75.2,80.43 5 4
codeberg.org/snonux/hexai/internal/lsp/handlers_document.go:80.43,83.3 2 4
codeberg.org/snonux/hexai/internal/lsp/handlers_document.go:84.2,84.27 1 4
codeberg.org/snonux/hexai/internal/lsp/handlers_document.go:92.50,94.35 2 11
codeberg.org/snonux/hexai/internal/lsp/handlers_document.go:94.35,96.3 1 0
codeberg.org/snonux/hexai/internal/lsp/handlers_document.go:97.2,99.30 3 11
codeberg.org/snonux/hexai/internal/lsp/handlers_document.go:99.30,100.61 1 23
codeberg.org/snonux/hexai/internal/lsp/handlers_document.go:100.61,101.35 1 0
codeberg.org/snonux/hexai/internal/lsp/handlers_document.go:101.35,104.5 2 0
codeberg.org/snonux/hexai/internal/lsp/handlers_document.go:105.4,105.12 1 0
codeberg.org/snonux/hexai/internal/lsp/handlers_document.go:108.3,109.14 2 23
codeberg.org/snonux/hexai/internal/lsp/handlers_document.go:109.14,110.39 1 20
codeberg.org/snonux/hexai/internal/lsp/handlers_document.go:110.39,112.13 2 0
codeberg.org/snonux/hexai/internal/lsp/handlers_document.go:114.4,114.9 1 20
codeberg.org/snonux/hexai/internal/lsp/handlers_document.go:116.3,116.12 1 23
codeberg.org/snonux/hexai/internal/lsp/handlers_document.go:116.12,117.12 1 3
codeberg.org/snonux/hexai/internal/lsp/handlers_document.go:120.3,120.19 1 20
codeberg.org/snonux/hexai/internal/lsp/handlers_document.go:120.19,121.12 1 0
codeberg.org/snonux/hexai/internal/lsp/handlers_document.go:123.3,123.31 1 20
codeberg.org/snonux/hexai/internal/lsp/handlers_document.go:123.31,124.12 1 10
codeberg.org/snonux/hexai/internal/lsp/handlers_document.go:126.3,129.19 4 10
codeberg.org/snonux/hexai/internal/lsp/handlers_document.go:129.19,130.12 1 0
codeberg.org/snonux/hexai/internal/lsp/handlers_document.go:133.3,134.17 2 10
codeberg.org/snonux/hexai/internal/lsp/handlers_document.go:134.17,136.13 1 9
codeberg.org/snonux/hexai/internal/lsp/handlers_document.go:136.13,137.13 1 0
codeberg.org/snonux/hexai/internal/lsp/handlers_document.go:139.4,141.33 3 9
codeberg.org/snonux/hexai/internal/lsp/handlers_document.go:141.33,142.20 1 9
codeberg.org/snonux/hexai/internal/lsp/handlers_document.go:142.20,144.11 2 9
codeberg.org/snonux/hexai/internal/lsp/handlers_document.go:147.4,147.14 1 9
codeberg.org/snonux/hexai/internal/lsp/handlers_document.go:147.14,148.13 1 0
codeberg.org/snonux/hexai/internal/lsp/handlers_document.go:152.3,153.63 2 10
codeberg.org/snonux/hexai/internal/lsp/handlers_document.go:153.63,155.4 1 11
codeberg.org/snonux/hexai/internal/lsp/handlers_document.go:156.3,156.80 1 10
codeberg.org/snonux/hexai/internal/lsp/handlers_document.go:156.80,157.12 1 1
codeberg.org/snonux/hexai/internal/lsp/handlers_document.go:159.3,161.66 3 9
codeberg.org/snonux/hexai/internal/lsp/handlers_document.go:161.66,163.17 2 1
codeberg.org/snonux/hexai/internal/lsp/handlers_document.go:163.17,165.5 1 1
codeberg.org/snonux/hexai/internal/lsp/handlers_document.go:166.4,166.10 1 1
codeberg.org/snonux/hexai/internal/lsp/handlers_document.go:168.3,168.38 1 8
codeberg.org/snonux/hexai/internal/lsp/handlers_document.go:168.38,176.21 7 8
codeberg.org/snonux/hexai/internal/lsp/handlers_document.go:176.21,178.5 1 0
codeberg.org/snonux/hexai/internal/lsp/handlers_document.go:179.4,182.18 4 8
codeberg.org/snonux/hexai/internal/lsp/handlers_document.go:182.18,185.5 2 0
codeberg.org/snonux/hexai/internal/lsp/handlers_document.go:186.4,187.17 2 8
codeberg.org/snonux/hexai/internal/lsp/handlers_document.go:187.17,189.5 1 0
codeberg.org/snonux/hexai/internal/lsp/handlers_document.go:190.4,190.61 1 8
codeberg.org/snonux/hexai/internal/lsp/handlers_document.go:193.3,193.8 1 8
codeberg.org/snonux/hexai/internal/lsp/handlers_document.go:199.110,201.14 2 9
codeberg.org/snonux/hexai/internal/lsp/handlers_document.go:201.14,203.3 1 0
codeberg.org/snonux/hexai/internal/lsp/handlers_document.go:205.2,216.54 8 9
codeberg.org/snonux/hexai/internal/lsp/handlers_document.go:219.60,220.33 1 0
codeberg.org/snonux/hexai/internal/lsp/handlers_document.go:220.33,222.3 1 0
codeberg.org/snonux/hexai/internal/lsp/handlers_document.go:223.2,224.58 2 0
codeberg.org/snonux/hexai/internal/lsp/handlers_document.go:224.58,226.3 1 0
codeberg.org/snonux/hexai/internal/lsp/handlers_document.go:227.2,229.62 3 0
codeberg.org/snonux/hexai/internal/lsp/handlers_document.go:229.62,231.3 1 0
codeberg.org/snonux/hexai/internal/lsp/handlers_document.go:232.2,239.28 8 0
codeberg.org/snonux/hexai/internal/lsp/handlers_document.go:239.28,241.3 1 0
codeberg.org/snonux/hexai/internal/lsp/handlers_document.go:242.2,242.40 1 0
codeberg.org/snonux/hexai/internal/lsp/handlers_document.go:245.73,247.39 2 0
codeberg.org/snonux/hexai/internal/lsp/handlers_document.go:247.39,249.3 1 0
codeberg.org/snonux/hexai/internal/lsp/handlers_document.go:250.2,250.26 1 0
codeberg.org/snonux/hexai/internal/lsp/handlers_document.go:250.26,252.3 1 0
codeberg.org/snonux/hexai/internal/lsp/handlers_document.go:253.2,253.21 1 0
codeberg.org/snonux/hexai/internal/lsp/handlers_document.go:253.21,255.3 1 0
codeberg.org/snonux/hexai/internal/lsp/handlers_document.go:256.2,257.47 2 0
codeberg.org/snonux/hexai/internal/lsp/handlers_document.go:262.96,264.14 2 9
codeberg.org/snonux/hexai/internal/lsp/handlers_document.go:264.14,266.3 1 0
codeberg.org/snonux/hexai/internal/lsp/handlers_document.go:267.2,270.31 4 9
codeberg.org/snonux/hexai/internal/lsp/handlers_document.go:270.31,271.53 1 7
codeberg.org/snonux/hexai/internal/lsp/handlers_document.go:271.53,273.4 1 1
codeberg.org/snonux/hexai/internal/lsp/handlers_document.go:274.3,274.12 1 7
codeberg.org/snonux/hexai/internal/lsp/handlers_document.go:274.12,275.9 1 0
codeberg.org/snonux/hexai/internal/lsp/handlers_document.go:277.3,277.61 1 7
codeberg.org/snonux/hexai/internal/lsp/handlers_document.go:277.61,278.9 1 5
codeberg.org/snonux/hexai/internal/lsp/handlers_document.go:280.3,281.14 2 2
codeberg.org/snonux/hexai/internal/lsp/handlers_document.go:281.14,283.36 2 4
codeberg.org/snonux/hexai/internal/lsp/handlers_document.go:283.36,286.13 3 2
codeberg.org/snonux/hexai/internal/lsp/handlers_document.go:288.4,288.9 1 2
codeberg.org/snonux/hexai/internal/lsp/handlers_document.go:290.3,290.53 1 2
codeberg.org/snonux/hexai/internal/lsp/handlers_document.go:290.53,292.4 1 0
codeberg.org/snonux/hexai/internal/lsp/handlers_document.go:293.3,293.12 1 2
codeberg.org/snonux/hexai/internal/lsp/handlers_document.go:293.12,294.9 1 0
codeberg.org/snonux/hexai/internal/lsp/handlers_document.go:296.3,299.6 4 2
codeberg.org/snonux/hexai/internal/lsp/handlers_document.go:301.2,302.26 2 9
codeberg.org/snonux/hexai/internal/lsp/handlers_document.go:302.26,303.35 1 2
codeberg.org/snonux/hexai/internal/lsp/handlers_document.go:303.35,305.4 1 2
codeberg.org/snonux/hexai/internal/lsp/handlers_document.go:306.3,306.35 1 2
codeberg.org/snonux/hexai/internal/lsp/handlers_document.go:306.35,308.4 1 2
codeberg.org/snonux/hexai/internal/lsp/handlers_document.go:310.2,311.13 2 9
codeberg.org/snonux/hexai/internal/lsp/handlers_document.go:315.57,317.20 2 21
codeberg.org/snonux/hexai/internal/lsp/handlers_document.go:317.20,319.3 1 0
codeberg.org/snonux/hexai/internal/lsp/handlers_document.go:320.2,321.74 2 21
codeberg.org/snonux/hexai/internal/lsp/handlers_document.go:321.74,323.31 2 9
codeberg.org/snonux/hexai/internal/lsp/handlers_document.go:323.31,324.18 1 27
codeberg.org/snonux/hexai/internal/lsp/handlers_document.go:324.18,326.5 1 5
codeberg.org/snonux/hexai/internal/lsp/handlers_document.go:329.2,330.14 2 16
codeberg.org/snonux/hexai/internal/lsp/handlers_document.go:331.21,332.54 1 8
codeberg.org/snonux/hexai/internal/lsp/handlers_document.go:333.10,334.12 1 8
codeberg.org/snonux/hexai/internal/lsp/handlers_document.go:342.91,353.102 7 8
codeberg.org/snonux/hexai/internal/lsp/handlers_document.go:353.102,356.38 2 3
codeberg.org/snonux/hexai/internal/lsp/handlers_document.go:356.38,358.4 1 0
codeberg.org/snonux/hexai/internal/lsp/handlers_document.go:359.3,359.66 1 3
codeberg.org/snonux/hexai/internal/lsp/handlers_document.go:362.2,363.13 2 8
codeberg.org/snonux/hexai/internal/lsp/handlers_document.go:367.68,374.2 6 9
codeberg.org/snonux/hexai/internal/lsp/handlers_document.go:377.46,384.2 6 12
codeberg.org/snonux/hexai/internal/lsp/handlers_document.go:387.61,402.2 9 3
codeberg.org/snonux/hexai/internal/lsp/handlers_document.go:406.59,407.12 1 1
codeberg.org/snonux/hexai/internal/lsp/handlers_document.go:407.12,410.3 2 1
codeberg.org/snonux/hexai/internal/lsp/handlers_execute.go:8.52,10.55 2 1
codeberg.org/snonux/hexai/internal/lsp/handlers_execute.go:10.55,13.3 2 0
codeberg.org/snonux/hexai/internal/lsp/handlers_execute.go:14.2,14.19 1 1
codeberg.org/snonux/hexai/internal/lsp/handlers_execute.go:15.28,16.28 1 1
codeberg.org/snonux/hexai/internal/lsp/handlers_execute.go:16.28,20.58 3 1
codeberg.org/snonux/hexai/internal/lsp/handlers_execute.go:20.58,22.5 1 1
codeberg.org/snonux/hexai/internal/lsp/handlers_execute.go:23.4,23.17 1 1
codeberg.org/snonux/hexai/internal/lsp/handlers_execute.go:23.17,25.5 1 1
codeberg.org/snonux/hexai/internal/lsp/handlers_execute.go:27.3,28.9 2 1
codeberg.org/snonux/hexai/internal/lsp/handlers_execute.go:29.10,32.9 2 0
codeberg.org/snonux/hexai/internal/lsp/handlers_ignore.go:11.59,12.28 1 14
codeberg.org/snonux/hexai/internal/lsp/handlers_ignore.go:12.28,14.3 1 9
codeberg.org/snonux/hexai/internal/lsp/handlers_ignore.go:15.2,16.19 2 5
codeberg.org/snonux/hexai/internal/lsp/handlers_ignore.go:16.19,18.3 1 0
codeberg.org/snonux/hexai/internal/lsp/handlers_ignore.go:19.2,19.43 1 5
codeberg.org/snonux/hexai/internal/lsp/handlers_ignore.go:24.48,28.2 3 3
codeberg.org/snonux/hexai/internal/lsp/handlers_ignore.go:32.35,33.40 1 10
codeberg.org/snonux/hexai/internal/lsp/handlers_ignore.go:33.40,35.3 1 2
codeberg.org/snonux/hexai/internal/lsp/handlers_ignore.go:36.2,37.16 2 8
codeberg.org/snonux/hexai/internal/lsp/handlers_ignore.go:37.16,39.3 1 0
codeberg.org/snonux/hexai/internal/lsp/handlers_ignore.go:40.2,40.20 1 8
codeberg.org/snonux/hexai/internal/lsp/handlers_init.go:12.48,15.19 3 2
codeberg.org/snonux/hexai/internal/lsp/handlers_init.go:15.19,17.3 1 0
codeberg.org/snonux/hexai/internal/lsp/handlers_init.go:18.2,29.27 2 2
codeberg.org/snonux/hexai/internal/lsp/handlers_init.go:32.38,35.51 2 1
codeberg.org/snonux/hexai/internal/lsp/handlers_init.go:35.51,37.3 1 0
codeberg.org/snonux/hexai/internal/lsp/handlers_init.go:40.46,42.2 1 1
codeberg.org/snonux/hexai/internal/lsp/handlers_init.go:44.31,47.2 2 0
codeberg.org/snonux/hexai/internal/lsp/handlers_utils.go:34.65,35.52 1 63
codeberg.org/snonux/hexai/internal/lsp/handlers_utils.go:35.52,37.3 1 0
codeberg.org/snonux/hexai/internal/lsp/handlers_utils.go:38.2,38.54 1 63
codeberg.org/snonux/hexai/internal/lsp/handlers_utils.go:38.54,40.3 1 1
codeberg.org/snonux/hexai/internal/lsp/handlers_utils.go:41.2,41.40 1 62
codeberg.org/snonux/hexai/internal/lsp/handlers_utils.go:44.71,47.23 3 44
codeberg.org/snonux/hexai/internal/lsp/handlers_utils.go:47.23,49.3 1 43
codeberg.org/snonux/hexai/internal/lsp/handlers_utils.go:50.2,52.32 3 44
codeberg.org/snonux/hexai/internal/lsp/handlers_utils.go:52.32,59.21 3 45
codeberg.org/snonux/hexai/internal/lsp/handlers_utils.go:59.21,61.4 1 43
codeberg.org/snonux/hexai/internal/lsp/handlers_utils.go:62.3,64.26 3 45
codeberg.org/snonux/hexai/internal/lsp/handlers_utils.go:64.26,66.4 1 43
codeberg.org/snonux/hexai/internal/lsp/handlers_utils.go:67.3,68.24 2 45
codeberg.org/snonux/hexai/internal/lsp/handlers_utils.go:68.24,70.4 1 2
codeberg.org/snonux/hexai/internal/lsp/handlers_utils.go:71.3,71.93 1 45
codeberg.org/snonux/hexai/internal/lsp/handlers_utils.go:71.93,73.4 1 2
codeberg.org/snonux/hexai/internal/lsp/handlers_utils.go:74.3,80.5 1 45
codeberg.org/snonux/hexai/internal/lsp/handlers_utils.go:82.2,82.14 1 44
codeberg.org/snonux/hexai/internal/lsp/handlers_utils.go:85.70,87.21 2 32
codeberg.org/snonux/hexai/internal/lsp/handlers_utils.go:87.21,92.3 4 0
codeberg.org/snonux/hexai/internal/lsp/handlers_utils.go:93.2,93.17 1 32
codeberg.org/snonux/hexai/internal/lsp/handlers_utils.go:97.68,99.2 1 32
codeberg.org/snonux/hexai/internal/lsp/handlers_utils.go:101.44,103.13 2 216
codeberg.org/snonux/hexai/internal/lsp/handlers_utils.go:103.13,105.3 1 163
codeberg.org/snonux/hexai/internal/lsp/handlers_utils.go:106.2,106.10 1 53
codeberg.org/snonux/hexai/internal/lsp/handlers_utils.go:109.69,110.18 1 43
codeberg.org/snonux/hexai/internal/lsp/handlers_utils.go:111.16,112.44 1 0
codeberg.org/snonux/hexai/internal/lsp/handlers_utils.go:113.19,114.47 1 0
codeberg.org/snonux/hexai/internal/lsp/handlers_utils.go:115.20,116.48 1 0
codeberg.org/snonux/hexai/internal/lsp/handlers_utils.go:117.10,118.44 1 43
codeberg.org/snonux/hexai/internal/lsp/handlers_utils.go:122.90,123.17 1 44
codeberg.org/snonux/hexai/internal/lsp/handlers_utils.go:124.25,125.31 1 16
codeberg.org/snonux/hexai/internal/lsp/handlers_utils.go:126.25,127.31 1 20
codeberg.org/snonux/hexai/internal/lsp/handlers_utils.go:128.19,129.25 1 8
codeberg.org/snonux/hexai/internal/lsp/handlers_utils.go:130.10,131.13 1 0
codeberg.org/snonux/hexai/internal/lsp/handlers_utils.go:135.157,136.30 1 51
codeberg.org/snonux/hexai/internal/lsp/handlers_utils.go:136.30,138.3 1 1
codeberg.org/snonux/hexai/internal/lsp/handlers_utils.go:139.2,139.34 1 50
codeberg.org/snonux/hexai/internal/lsp/handlers_utils.go:139.34,142.27 3 1
codeberg.org/snonux/hexai/internal/lsp/handlers_utils.go:142.27,144.4 1 1
codeberg.org/snonux/hexai/internal/lsp/handlers_utils.go:145.3,145.105 1 1
codeberg.org/snonux/hexai/internal/lsp/handlers_utils.go:145.105,147.4 1 1
codeberg.org/snonux/hexai/internal/lsp/handlers_utils.go:148.3,148.20 1 1
codeberg.org/snonux/hexai/internal/lsp/handlers_utils.go:150.2,151.26 2 49
codeberg.org/snonux/hexai/internal/lsp/handlers_utils.go:151.26,153.3 1 48
codeberg.org/snonux/hexai/internal/lsp/handlers_utils.go:154.2,154.89 1 49
codeberg.org/snonux/hexai/internal/lsp/handlers_utils.go:154.89,156.3 1 0
codeberg.org/snonux/hexai/internal/lsp/handlers_utils.go:157.2,157.17 1 49
codeberg.org/snonux/hexai/internal/lsp/handlers_utils.go:161.41,166.2 4 42
codeberg.org/snonux/hexai/internal/lsp/handlers_utils.go:168.41,173.2 4 41
codeberg.org/snonux/hexai/internal/lsp/handlers_utils.go:175.44,178.23 3 42
codeberg.org/snonux/hexai/internal/lsp/handlers_utils.go:178.23,180.3 1 42
codeberg.org/snonux/hexai/internal/lsp/handlers_utils.go:181.2,182.24 2 42
codeberg.org/snonux/hexai/internal/lsp/handlers_utils.go:182.24,184.3 1 41
codeberg.org/snonux/hexai/internal/lsp/handlers_utils.go:185.2,188.15 4 42
codeberg.org/snonux/hexai/internal/lsp/handlers_utils.go:188.15,190.3 1 0
codeberg.org/snonux/hexai/internal/lsp/handlers_utils.go:191.2,198.16 6 42
codeberg.org/snonux/hexai/internal/lsp/handlers_utils.go:198.16,199.52 1 42
codeberg.org/snonux/hexai/internal/lsp/handlers_utils.go:199.52,202.23 3 40
codeberg.org/snonux/hexai/internal/lsp/handlers_utils.go:202.23,204.5 1 0
codeberg.org/snonux/hexai/internal/lsp/handlers_utils.go:206.4,207.46 2 40
codeberg.org/snonux/hexai/internal/lsp/handlers_utils.go:207.46,208.45 1 40
codeberg.org/snonux/hexai/internal/lsp/handlers_utils.go:208.45,210.6 1 37
codeberg.org/snonux/hexai/internal/lsp/handlers_utils.go:212.4,213.20 2 40
codeberg.org/snonux/hexai/internal/lsp/handlers_utils.go:213.20,215.5 1 0
codeberg.org/snonux/hexai/internal/lsp/handlers_utils.go:216.4,218.29 3 40
codeberg.org/snonux/hexai/internal/lsp/handlers_utils.go:224.51,225.41 1 14
codeberg.org/snonux/hexai/internal/lsp/handlers_utils.go:225.41,227.3 1 8
codeberg.org/snonux/hexai/internal/lsp/handlers_utils.go:228.2,230.71 3 6
codeberg.org/snonux/hexai/internal/lsp/handlers_utils.go:234.62,234.105 1 45
codeberg.org/snonux/hexai/internal/lsp/handlers_utils.go:236.118,237.14 1 19
codeberg.org/snonux/hexai/internal/lsp/handlers_utils.go:237.14,240.16 3 3
codeberg.org/snonux/hexai/internal/lsp/handlers_utils.go:240.16,243.35 3 3
codeberg.org/snonux/hexai/internal/lsp/handlers_utils.go:243.35,245.5 1 3
codeberg.org/snonux/hexai/internal/lsp/handlers_utils.go:246.4,246.36 1 3
codeberg.org/snonux/hexai/internal/lsp/handlers_utils.go:246.36,248.5 1 2
codeberg.org/snonux/hexai/internal/lsp/handlers_utils.go:249.4,251.59 3 3
codeberg.org/snonux/hexai/internal/lsp/handlers_utils.go:251.59,253.5 1 3
codeberg.org/snonux/hexai/internal/lsp/handlers_utils.go:254.4,254.21 1 3
codeberg.org/snonux/hexai/internal/lsp/handlers_utils.go:257.2,260.19 4 16
codeberg.org/snonux/hexai/internal/lsp/handlers_utils.go:263.51,264.23 1 27
codeberg.org/snonux/hexai/internal/lsp/handlers_utils.go:264.23,266.3 1 0
codeberg.org/snonux/hexai/internal/lsp/handlers_utils.go:267.2,267.13 1 27
codeberg.org/snonux/hexai/internal/lsp/handlers_utils.go:267.13,269.100 2 54
codeberg.org/snonux/hexai/internal/lsp/handlers_utils.go:269.100,271.12 2 34
codeberg.org/snonux/hexai/internal/lsp/handlers_utils.go:273.3,273.8 1 20
codeberg.org/snonux/hexai/internal/lsp/handlers_utils.go:275.2,275.11 1 27
codeberg.org/snonux/hexai/internal/lsp/handlers_utils.go:278.32,280.2 1 175
codeberg.org/snonux/hexai/internal/lsp/handlers_utils.go:283.128,286.25 2 28
codeberg.org/snonux/hexai/internal/lsp/handlers_utils.go:286.25,288.3 1 59
codeberg.org/snonux/hexai/internal/lsp/handlers_utils.go:289.2,292.29 3 28
codeberg.org/snonux/hexai/internal/lsp/handlers_utils.go:292.29,294.3 1 0
codeberg.org/snonux/hexai/internal/lsp/handlers_utils.go:296.2,297.19 2 28
codeberg.org/snonux/hexai/internal/lsp/handlers_utils.go:297.19,299.3 1 0
codeberg.org/snonux/hexai/internal/lsp/handlers_utils.go:300.2,302.16 3 28
codeberg.org/snonux/hexai/internal/lsp/handlers_utils.go:302.16,305.3 2 1
codeberg.org/snonux/hexai/internal/lsp/handlers_utils.go:306.2,310.17 4 27
codeberg.org/snonux/hexai/internal/lsp/handlers_utils.go:315.78,316.19 1 45
codeberg.org/snonux/hexai/internal/lsp/handlers_utils.go:316.19,318.3 1 0
codeberg.org/snonux/hexai/internal/lsp/handlers_utils.go:319.2,319.72 1 45
codeberg.org/snonux/hexai/internal/lsp/handlers_utils.go:319.72,321.3 1 5
codeberg.org/snonux/hexai/internal/lsp/handlers_utils.go:322.2,322.57 1 40
codeberg.org/snonux/hexai/internal/lsp/handlers_utils.go:325.69,328.33 3 226
codeberg.org/snonux/hexai/internal/lsp/handlers_utils.go:328.33,330.30 2 226
codeberg.org/snonux/hexai/internal/lsp/handlers_utils.go:330.30,333.4 2 226
codeberg.org/snonux/hexai/internal/lsp/handlers_utils.go:335.2,335.32 1 226
codeberg.org/snonux/hexai/internal/lsp/handlers_utils.go:335.32,337.30 2 226
codeberg.org/snonux/hexai/internal/lsp/handlers_utils.go:337.30,338.31 1 226
codeberg.org/snonux/hexai/internal/lsp/handlers_utils.go:338.31,341.5 2 223
codeberg.org/snonux/hexai/internal/lsp/handlers_utils.go:344.2,344.13 1 226
codeberg.org/snonux/hexai/internal/lsp/handlers_utils.go:347.40,349.20 2 5
codeberg.org/snonux/hexai/internal/lsp/handlers_utils.go:349.20,350.40 1 15
codeberg.org/snonux/hexai/internal/lsp/handlers_utils.go:350.40,352.12 2 10
codeberg.org/snonux/hexai/internal/lsp/handlers_utils.go:354.3,354.8 1 5
codeberg.org/snonux/hexai/internal/lsp/handlers_utils.go:356.2,356.12 1 5
codeberg.org/snonux/hexai/internal/lsp/handlers_utils.go:356.12,358.3 1 1
codeberg.org/snonux/hexai/internal/lsp/handlers_utils.go:359.2,359.17 1 4
codeberg.org/snonux/hexai/internal/lsp/handlers_utils.go:362.52,363.38 1 4
codeberg.org/snonux/hexai/internal/lsp/handlers_utils.go:363.38,365.3 1 0
codeberg.org/snonux/hexai/internal/lsp/handlers_utils.go:366.2,367.27 2 4
codeberg.org/snonux/hexai/internal/lsp/handlers_utils.go:367.27,368.34 1 10
codeberg.org/snonux/hexai/internal/lsp/handlers_utils.go:368.34,369.12 1 1
codeberg.org/snonux/hexai/internal/lsp/handlers_utils.go:371.3,371.36 1 9
codeberg.org/snonux/hexai/internal/lsp/handlers_utils.go:371.36,372.12 1 0
codeberg.org/snonux/hexai/internal/lsp/handlers_utils.go:374.3,374.25 1 9
codeberg.org/snonux/hexai/internal/lsp/handlers_utils.go:376.2,376.34 1 4
codeberg.org/snonux/hexai/internal/lsp/handlers_utils.go:384.98,385.19 1 76
codeberg.org/snonux/hexai/internal/lsp/handlers_utils.go:385.19,387.3 1 0
codeberg.org/snonux/hexai/internal/lsp/handlers_utils.go:388.2,388.19 1 76
codeberg.org/snonux/hexai/internal/lsp/handlers_utils.go:388.19,390.3 1 0
codeberg.org/snonux/hexai/internal/lsp/handlers_utils.go:391.2,392.19 2 76
codeberg.org/snonux/hexai/internal/lsp/handlers_utils.go:392.19,394.3 1 0
codeberg.org/snonux/hexai/internal/lsp/handlers_utils.go:395.2,397.22 3 76
codeberg.org/snonux/hexai/internal/lsp/handlers_utils.go:397.22,399.12 2 90
codeberg.org/snonux/hexai/internal/lsp/handlers_utils.go:399.12,401.4 1 40
codeberg.org/snonux/hexai/internal/lsp/handlers_utils.go:402.3,403.44 2 50
codeberg.org/snonux/hexai/internal/lsp/handlers_utils.go:403.44,405.12 2 26
codeberg.org/snonux/hexai/internal/lsp/handlers_utils.go:407.3,408.32 2 24
codeberg.org/snonux/hexai/internal/lsp/handlers_utils.go:408.32,410.4 1 2
codeberg.org/snonux/hexai/internal/lsp/handlers_utils.go:411.3,412.34 2 22
codeberg.org/snonux/hexai/internal/lsp/handlers_utils.go:412.34,413.40 1 44
codeberg.org/snonux/hexai/internal/lsp/handlers_utils.go:413.40,416.34 3 0
codeberg.org/snonux/hexai/internal/lsp/handlers_utils.go:416.34,418.6 1 0
codeberg.org/snonux/hexai/internal/lsp/handlers_utils.go:419.5,419.10 1 0
codeberg.org/snonux/hexai/internal/lsp/handlers_utils.go:422.3,423.18 2 22
codeberg.org/snonux/hexai/internal/lsp/handlers_utils.go:423.18,425.12 2 5
codeberg.org/snonux/hexai/internal/lsp/handlers_utils.go:427.3,427.34 1 17
codeberg.org/snonux/hexai/internal/lsp/handlers_utils.go:427.34,429.12 2 0
codeberg.org/snonux/hexai/internal/lsp/handlers_utils.go:431.3,432.12 2 17
codeberg.org/snonux/hexai/internal/lsp/handlers_utils.go:432.12,434.4 1 0
codeberg.org/snonux/hexai/internal/lsp/handlers_utils.go:435.3,436.60 2 17
codeberg.org/snonux/hexai/internal/lsp/handlers_utils.go:436.60,438.12 2 1
codeberg.org/snonux/hexai/internal/lsp/handlers_utils.go:440.3,441.18 2 16
codeberg.org/snonux/hexai/internal/lsp/handlers_utils.go:441.18,443.12 2 0
codeberg.org/snonux/hexai/internal/lsp/handlers_utils.go:445.3,446.29 2 16
codeberg.org/snonux/hexai/internal/lsp/handlers_utils.go:448.2,448.24 1 18
codeberg.org/snonux/hexai/internal/lsp/handlers_utils.go:454.75,456.19 2 24
codeberg.org/snonux/hexai/internal/lsp/handlers_utils.go:456.19,458.3 1 0
codeberg.org/snonux/hexai/internal/lsp/handlers_utils.go:459.2,459.19 1 24
codeberg.org/snonux/hexai/internal/lsp/handlers_utils.go:459.19,461.3 1 0
codeberg.org/snonux/hexai/internal/lsp/handlers_utils.go:462.2,462.64 1 24
codeberg.org/snonux/hexai/internal/lsp/handlers_utils.go:462.64,463.32 1 48
codeberg.org/snonux/hexai/internal/lsp/handlers_utils.go:463.32,465.43 2 2
codeberg.org/snonux/hexai/internal/lsp/handlers_utils.go:465.43,467.5 1 1
codeberg.org/snonux/hexai/internal/lsp/handlers_utils.go:470.2,470.14 1 23
codeberg.org/snonux/hexai/internal/lsp/handlers_utils.go:474.83,477.102 2 21
codeberg.org/snonux/hexai/internal/lsp/handlers_utils.go:477.102,479.36 2 4
codeberg.org/snonux/hexai/internal/lsp/handlers_utils.go:479.36,481.136 2 4
codeberg.org/snonux/hexai/internal/lsp/handlers_utils.go:481.136,483.5 1 20
codeberg.org/snonux/hexai/internal/lsp/handlers_utils.go:484.4,486.34 3 4
codeberg.org/snonux/hexai/internal/lsp/handlers_utils.go:486.34,488.5 1 4
codeberg.org/snonux/hexai/internal/lsp/handlers_utils.go:492.2,492.65 1 17
codeberg.org/snonux/hexai/internal/lsp/handlers_utils.go:492.65,493.51 1 2
codeberg.org/snonux/hexai/internal/lsp/handlers_utils.go:493.51,495.37 2 2
codeberg.org/snonux/hexai/internal/lsp/handlers_utils.go:495.37,497.137 2 2
codeberg.org/snonux/hexai/internal/lsp/handlers_utils.go:497.137,499.6 1 4
codeberg.org/snonux/hexai/internal/lsp/handlers_utils.go:500.5,502.35 3 2
codeberg.org/snonux/hexai/internal/lsp/handlers_utils.go:502.35,504.6 1 2
codeberg.org/snonux/hexai/internal/lsp/handlers_utils.go:508.2,508.19 1 15
codeberg.org/snonux/hexai/internal/lsp/handlers_utils.go:512.80,513.22 1 21
codeberg.org/snonux/hexai/internal/lsp/handlers_utils.go:513.22,515.3 1 0
codeberg.org/snonux/hexai/internal/lsp/handlers_utils.go:516.2,518.40 3 21
codeberg.org/snonux/hexai/internal/lsp/handlers_utils.go:518.40,520.3 1 5
codeberg.org/snonux/hexai/internal/lsp/handlers_utils.go:521.2,521.34 1 16
codeberg.org/snonux/hexai/internal/lsp/handlers_utils.go:521.34,522.31 1 149
codeberg.org/snonux/hexai/internal/lsp/handlers_utils.go:522.31,523.12 1 116
codeberg.org/snonux/hexai/internal/lsp/handlers_utils.go:525.3,526.16 2 33
codeberg.org/snonux/hexai/internal/lsp/handlers_utils.go:526.16,527.12 1 0
codeberg.org/snonux/hexai/internal/lsp/handlers_utils.go:529.3,529.32 1 33
codeberg.org/snonux/hexai/internal/lsp/handlers_utils.go:529.32,531.4 1 0
codeberg.org/snonux/hexai/internal/lsp/handlers_utils.go:533.2,533.19 1 16
codeberg.org/snonux/hexai/internal/lsp/handlers_utils.go:536.36,538.2 1 149
codeberg.org/snonux/hexai/internal/lsp/handlers_utils.go:541.39,541.77 1 48
codeberg.org/snonux/hexai/internal/lsp/handlers_utils.go:544.43,546.13 2 11
codeberg.org/snonux/hexai/internal/lsp/handlers_utils.go:546.13,548.3 1 0
codeberg.org/snonux/hexai/internal/lsp/handlers_utils.go:549.2,550.11 2 11
codeberg.org/snonux/hexai/internal/lsp/handlers_utils.go:550.11,552.3 1 2
codeberg.org/snonux/hexai/internal/lsp/handlers_utils.go:553.2,554.14 2 9
codeberg.org/snonux/hexai/internal/lsp/handlers_utils.go:554.14,556.3 1 2
codeberg.org/snonux/hexai/internal/lsp/handlers_utils.go:557.2,558.19 2 7
codeberg.org/snonux/hexai/internal/lsp/handlers_utils.go:562.56,564.89 2 22
codeberg.org/snonux/hexai/internal/lsp/handlers_utils.go:564.89,566.3 1 5
codeberg.org/snonux/hexai/internal/lsp/handlers_utils.go:567.2,567.14 1 17
codeberg.org/snonux/hexai/internal/lsp/handlers_utils.go:571.52,572.32 1 6
codeberg.org/snonux/hexai/internal/lsp/handlers_utils.go:572.32,574.28 2 5
codeberg.org/snonux/hexai/internal/lsp/handlers_utils.go:574.28,576.4 1 0
codeberg.org/snonux/hexai/internal/lsp/handlers_utils.go:577.3,577.34 1 5
codeberg.org/snonux/hexai/internal/lsp/handlers_utils.go:577.34,579.4 1 0
codeberg.org/snonux/hexai/internal/lsp/handlers_utils.go:580.3,580.42 1 5
codeberg.org/snonux/hexai/internal/lsp/handlers_utils.go:580.42,582.4 1 1
codeberg.org/snonux/hexai/internal/lsp/handlers_utils.go:583.3,583.49 1 4
codeberg.org/snonux/hexai/internal/lsp/handlers_utils.go:585.2,588.27 3 1
codeberg.org/snonux/hexai/internal/lsp/handlers_utils.go:588.27,590.3 1 0
codeberg.org/snonux/hexai/internal/lsp/handlers_utils.go:591.2,591.36 1 1
codeberg.org/snonux/hexai/internal/lsp/handlers_utils.go:591.36,593.3 1 0
codeberg.org/snonux/hexai/internal/lsp/handlers_utils.go:594.2,597.49 3 1
codeberg.org/snonux/hexai/internal/lsp/handlers_utils.go:597.49,599.24 2 1
codeberg.org/snonux/hexai/internal/lsp/handlers_utils.go:599.24,601.4 1 1
codeberg.org/snonux/hexai/internal/lsp/handlers_utils.go:604.2,605.25 2 1
codeberg.org/snonux/hexai/internal/lsp/handlers_utils.go:605.25,607.3 1 0
codeberg.org/snonux/hexai/internal/lsp/handlers_utils.go:608.2,608.33 1 1
codeberg.org/snonux/hexai/internal/lsp/handlers_utils.go:608.33,610.3 1 0
codeberg.org/snonux/hexai/internal/lsp/handlers_utils.go:611.2,612.19 2 1
codeberg.org/snonux/hexai/internal/lsp/handlers_utils.go:616.67,618.35 2 15
codeberg.org/snonux/hexai/internal/lsp/handlers_utils.go:618.35,620.3 1 11
codeberg.org/snonux/hexai/internal/lsp/handlers_utils.go:621.2,623.31 3 4
codeberg.org/snonux/hexai/internal/lsp/handlers_utils.go:623.31,625.3 1 13
codeberg.org/snonux/hexai/internal/lsp/handlers_utils.go:626.2,626.14 1 4
codeberg.org/snonux/hexai/internal/lsp/handlers_utils.go:629.103,630.54 1 17
codeberg.org/snonux/hexai/internal/lsp/handlers_utils.go:630.54,632.3 1 5
codeberg.org/snonux/hexai/internal/lsp/handlers_utils.go:633.2,633.69 1 12
codeberg.org/snonux/hexai/internal/lsp/handlers_utils.go:636.79,637.19 1 87
codeberg.org/snonux/hexai/internal/lsp/handlers_utils.go:637.19,639.3 1 0
codeberg.org/snonux/hexai/internal/lsp/handlers_utils.go:640.2,640.19 1 87
codeberg.org/snonux/hexai/internal/lsp/handlers_utils.go:640.19,642.3 1 0
codeberg.org/snonux/hexai/internal/lsp/handlers_utils.go:643.2,644.20 2 87
codeberg.org/snonux/hexai/internal/lsp/handlers_utils.go:644.20,646.3 1 0
codeberg.org/snonux/hexai/internal/lsp/handlers_utils.go:647.2,648.22 2 87
codeberg.org/snonux/hexai/internal/lsp/handlers_utils.go:648.22,651.29 3 86
codeberg.org/snonux/hexai/internal/lsp/handlers_utils.go:651.29,652.18 1 171
codeberg.org/snonux/hexai/internal/lsp/handlers_utils.go:652.18,653.13 1 0
codeberg.org/snonux/hexai/internal/lsp/handlers_utils.go:655.4,655.56 1 171
codeberg.org/snonux/hexai/internal/lsp/handlers_utils.go:655.56,657.33 2 25
codeberg.org/snonux/hexai/internal/lsp/handlers_utils.go:657.33,660.6 2 25
codeberg.org/snonux/hexai/internal/lsp/handlers_utils.go:663.3,663.16 1 86
codeberg.org/snonux/hexai/internal/lsp/handlers_utils.go:663.16,665.4 1 62
codeberg.org/snonux/hexai/internal/lsp/handlers_utils.go:666.3,667.32 2 24
codeberg.org/snonux/hexai/internal/lsp/handlers_utils.go:667.32,669.4 1 7
codeberg.org/snonux/hexai/internal/lsp/handlers_utils.go:670.3,671.54 2 17
codeberg.org/snonux/hexai/internal/lsp/handlers_utils.go:671.54,673.12 2 5
codeberg.org/snonux/hexai/internal/lsp/handlers_utils.go:675.3,675.34 1 12
codeberg.org/snonux/hexai/internal/lsp/handlers_utils.go:675.34,677.4 1 0
codeberg.org/snonux/hexai/internal/lsp/handlers_utils.go:678.3,679.12 2 12
codeberg.org/snonux/hexai/internal/lsp/handlers_utils.go:679.12,681.4 1 0
codeberg.org/snonux/hexai/internal/lsp/handlers_utils.go:682.3,683.49 2 12
codeberg.org/snonux/hexai/internal/lsp/handlers_utils.go:683.49,685.12 2 1
codeberg.org/snonux/hexai/internal/lsp/handlers_utils.go:687.3,687.14 1 11
codeberg.org/snonux/hexai/internal/lsp/handlers_utils.go:689.2,689.14 1 7
codeberg.org/snonux/hexai/internal/lsp/handlers_utils.go:692.101,693.19 1 14
codeberg.org/snonux/hexai/internal/lsp/handlers_utils.go:693.19,695.3 1 0
codeberg.org/snonux/hexai/internal/lsp/handlers_utils.go:696.2,696.19 1 14
codeberg.org/snonux/hexai/internal/lsp/handlers_utils.go:696.19,698.3 1 0
codeberg.org/snonux/hexai/internal/lsp/handlers_utils.go:699.2,702.24 4 14
codeberg.org/snonux/hexai/internal/lsp/handlers_utils.go:702.24,704.12 2 18
codeberg.org/snonux/hexai/internal/lsp/handlers_utils.go:704.12,705.9 1 12
codeberg.org/snonux/hexai/internal/lsp/handlers_utils.go:707.3,709.32 3 6
codeberg.org/snonux/hexai/internal/lsp/handlers_utils.go:709.32,710.9 1 0
codeberg.org/snonux/hexai/internal/lsp/handlers_utils.go:712.3,713.18 2 6
codeberg.org/snonux/hexai/internal/lsp/handlers_utils.go:713.18,715.12 2 0
codeberg.org/snonux/hexai/internal/lsp/handlers_utils.go:717.3,718.34 2 6
codeberg.org/snonux/hexai/internal/lsp/handlers_utils.go:718.34,719.40 1 11
codeberg.org/snonux/hexai/internal/lsp/handlers_utils.go:719.40,721.10 2 0
codeberg.org/snonux/hexai/internal/lsp/handlers_utils.go:724.3,724.17 1 6
codeberg.org/snonux/hexai/internal/lsp/handlers_utils.go:724.17,726.12 2 0
codeberg.org/snonux/hexai/internal/lsp/handlers_utils.go:728.3,729.12 2 6
codeberg.org/snonux/hexai/internal/lsp/handlers_utils.go:729.12,730.9 1 0
codeberg.org/snonux/hexai/internal/lsp/handlers_utils.go:732.3,733.59 2 6
codeberg.org/snonux/hexai/internal/lsp/handlers_utils.go:733.59,735.12 2 0
codeberg.org/snonux/hexai/internal/lsp/handlers_utils.go:737.3,737.31 1 6
codeberg.org/snonux/hexai/internal/lsp/handlers_utils.go:737.31,739.12 2 0
codeberg.org/snonux/hexai/internal/lsp/handlers_utils.go:741.3,742.50 2 6
codeberg.org/snonux/hexai/internal/lsp/handlers_utils.go:742.50,744.4 1 4
codeberg.org/snonux/hexai/internal/lsp/handlers_utils.go:745.3,746.18 2 6
codeberg.org/snonux/hexai/internal/lsp/handlers_utils.go:748.2,748.14 1 14
codeberg.org/snonux/hexai/internal/lsp/server.go:124.90,133.47 6 7
codeberg.org/snonux/hexai/internal/lsp/server.go:133.47,133.72 1 0
codeberg.org/snonux/hexai/internal/lsp/server.go:135.47,135.65 1 0
codeberg.org/snonux/hexai/internal/lsp/server.go:144.2,144.10 1 7
codeberg.org/snonux/hexai/internal/lsp/server.go:147.51,152.29 5 8
codeberg.org/snonux/hexai/internal/lsp/server.go:152.29,154.3 1 0
codeberg.org/snonux/hexai/internal/lsp/server.go:155.2,155.24 1 8
codeberg.org/snonux/hexai/internal/lsp/server.go:155.24,157.3 1 1
codeberg.org/snonux/hexai/internal/lsp/server.go:157.8,157.36 1 7
codeberg.org/snonux/hexai/internal/lsp/server.go:157.36,159.3 1 0
codeberg.org/snonux/hexai/internal/lsp/server.go:159.8,195.41 35 7
codeberg.org/snonux/hexai/internal/lsp/server.go:195.41,205.4 1 0
codeberg.org/snonux/hexai/internal/lsp/server.go:207.2,208.24 2 8
codeberg.org/snonux/hexai/internal/lsp/server.go:208.24,210.3 1 1
codeberg.org/snonux/hexai/internal/lsp/server.go:210.8,212.3 1 7
codeberg.org/snonux/hexai/internal/lsp/server.go:213.2,214.31 2 8
codeberg.org/snonux/hexai/internal/lsp/server.go:214.31,216.3 1 0
codeberg.org/snonux/hexai/internal/lsp/server.go:220.51,222.2 1 1
codeberg.org/snonux/hexai/internal/lsp/server.go:224.48,228.2 3 83
codeberg.org/snonux/hexai/internal/lsp/server.go:230.83,248.17 3 5
codeberg.org/snonux/hexai/internal/lsp/server.go:248.17,250.3 1 5
codeberg.org/snonux/hexai/internal/lsp/server.go:251.2,252.17 2 5
codeberg.org/snonux/hexai/internal/lsp/server.go:252.17,254.3 1 5
codeberg.org/snonux/hexai/internal/lsp/server.go:255.2,256.17 2 5
codeberg.org/snonux/hexai/internal/lsp/server.go:256.17,258.3 1 5
codeberg.org/snonux/hexai/internal/lsp/server.go:259.2,259.55 1 5
codeberg.org/snonux/hexai/internal/lsp/server.go:262.57,267.64 5 47
codeberg.org/snonux/hexai/internal/lsp/server.go:267.64,269.3 1 3
codeberg.org/snonux/hexai/internal/lsp/server.go:270.2,270.20 1 47
codeberg.org/snonux/hexai/internal/lsp/server.go:270.20,272.3 1 0
codeberg.org/snonux/hexai/internal/lsp/server.go:273.2,273.51 1 47
codeberg.org/snonux/hexai/internal/lsp/server.go:273.51,276.3 2 42
codeberg.org/snonux/hexai/internal/lsp/server.go:277.2,277.41 1 5
codeberg.org/snonux/hexai/internal/lsp/server.go:277.41,280.3 2 0
codeberg.org/snonux/hexai/internal/lsp/server.go:281.2,284.18 4 5
codeberg.org/snonux/hexai/internal/lsp/server.go:284.18,286.3 1 0
codeberg.org/snonux/hexai/internal/lsp/server.go:287.2,289.18 3 5
codeberg.org/snonux/hexai/internal/lsp/server.go:290.16,291.26 1 5
codeberg.org/snonux/hexai/internal/lsp/server.go:291.26,293.4 1 0
codeberg.org/snonux/hexai/internal/lsp/server.go:293.9,293.38 1 5
codeberg.org/snonux/hexai/internal/lsp/server.go:293.38,295.4 1 0
codeberg.org/snonux/hexai/internal/lsp/server.go:296.20,297.26 1 0
codeberg.org/snonux/hexai/internal/lsp/server.go:297.26,299.4 1 0
codeberg.org/snonux/hexai/internal/lsp/server.go:299.9,299.38 1 0
codeberg.org/snonux/hexai/internal/lsp/server.go:299.38,301.4 1 0
codeberg.org/snonux/hexai/internal/lsp/server.go:302.16,303.26 1 0
codeberg.org/snonux/hexai/internal/lsp/server.go:303.26,305.4 1 0
codeberg.org/snonux/hexai/internal/lsp/server.go:305.9,305.38 1 0
codeberg.org/snonux/hexai/internal/lsp/server.go:305.38,307.4 1 0
codeberg.org/snonux/hexai/internal/lsp/server.go:308.19,309.26 1 0
codeberg.org/snonux/hexai/internal/lsp/server.go:309.26,311.4 1 0
codeberg.org/snonux/hexai/internal/lsp/server.go:311.9,311.38 1 0
codeberg.org/snonux/hexai/internal/lsp/server.go:311.38,313.4 1 0
codeberg.org/snonux/hexai/internal/lsp/server.go:315.2,316.16 2 5
codeberg.org/snonux/hexai/internal/lsp/server.go:316.16,318.24 2 0
codeberg.org/snonux/hexai/internal/lsp/server.go:318.24,320.4 1 0
codeberg.org/snonux/hexai/internal/lsp/server.go:321.3,321.13 1 0
codeberg.org/snonux/hexai/internal/lsp/server.go:323.2,325.31 3 5
codeberg.org/snonux/hexai/internal/lsp/server.go:325.31,326.25 1 1
codeberg.org/snonux/hexai/internal/lsp/server.go:326.25,329.4 2 1
codeberg.org/snonux/hexai/internal/lsp/server.go:330.3,330.21 1 1
codeberg.org/snonux/hexai/internal/lsp/server.go:332.2,332.48 1 4
codeberg.org/snonux/hexai/internal/lsp/server.go:332.48,334.3 1 0
codeberg.org/snonux/hexai/internal/lsp/server.go:335.2,335.25 1 4
codeberg.org/snonux/hexai/internal/lsp/server.go:335.25,337.3 1 4
codeberg.org/snonux/hexai/internal/lsp/server.go:338.2,339.15 2 4
codeberg.org/snonux/hexai/internal/lsp/server.go:342.48,343.26 1 445
codeberg.org/snonux/hexai/internal/lsp/server.go:343.26,345.3 1 5
codeberg.org/snonux/hexai/internal/lsp/server.go:346.2,348.14 3 440
codeberg.org/snonux/hexai/internal/lsp/server.go:351.77,352.21 1 1
codeberg.org/snonux/hexai/internal/lsp/server.go:352.21,354.3 1 0
codeberg.org/snonux/hexai/internal/lsp/server.go:355.2,358.33 4 1
codeberg.org/snonux/hexai/internal/lsp/server.go:358.33,360.3 1 1
codeberg.org/snonux/hexai/internal/lsp/server.go:361.2,362.15 2 1
codeberg.org/snonux/hexai/internal/lsp/server.go:365.61,371.2 5 6
codeberg.org/snonux/hexai/internal/lsp/server.go:373.44,377.2 3 6
codeberg.org/snonux/hexai/internal/lsp/server.go:379.69,382.36 3 12
codeberg.org/snonux/hexai/internal/lsp/server.go:382.36,384.3 1 11
codeberg.org/snonux/hexai/internal/lsp/server.go:385.2,386.9 2 1
codeberg.org/snonux/hexai/internal/lsp/server.go:386.9,388.3 1 0
codeberg.org/snonux/hexai/internal/lsp/server.go:389.2,392.12 4 1
codeberg.org/snonux/hexai/internal/lsp/server.go:395.34,397.24 2 44
codeberg.org/snonux/hexai/internal/lsp/server.go:397.24,399.3 1 36
codeberg.org/snonux/hexai/internal/lsp/server.go:400.2,400.22 1 8
codeberg.org/snonux/hexai/internal/lsp/server.go:403.39,405.16 2 14
codeberg.org/snonux/hexai/internal/lsp/server.go:405.16,407.3 1 5
codeberg.org/snonux/hexai/internal/lsp/server.go:408.2,408.13 1 9
codeberg.org/snonux/hexai/internal/lsp/server.go:411.36,413.33 2 2
codeberg.org/snonux/hexai/internal/lsp/server.go:413.33,415.3 1 0
codeberg.org/snonux/hexai/internal/lsp/server.go:416.2,416.31 1 2
codeberg.org/snonux/hexai/internal/lsp/server.go:419.41,421.31 2 6
codeberg.org/snonux/hexai/internal/lsp/server.go:421.31,423.3 1 0
codeberg.org/snonux/hexai/internal/lsp/server.go:424.2,424.29 1 6
codeberg.org/snonux/hexai/internal/lsp/server.go:427.47,429.37 2 27
codeberg.org/snonux/hexai/internal/lsp/server.go:429.37,431.3 1 3
codeberg.org/snonux/hexai/internal/lsp/server.go:432.2,432.53 1 24
codeberg.org/snonux/hexai/internal/lsp/server.go:435.47,438.2 2 11
codeberg.org/snonux/hexai/internal/lsp/server.go:440.46,442.2 1 5
codeberg.org/snonux/hexai/internal/lsp/server.go:444.53,446.35 2 40
codeberg.org/snonux/hexai/internal/lsp/server.go:446.35,448.3 1 38
codeberg.org/snonux/hexai/internal/lsp/server.go:449.2,449.67 1 2
codeberg.org/snonux/hexai/internal/lsp/server.go:452.53,454.35 2 40
codeberg.org/snonux/hexai/internal/lsp/server.go:454.35,456.3 1 37
codeberg.org/snonux/hexai/internal/lsp/server.go:457.2,457.67 1 3
codeberg.org/snonux/hexai/internal/lsp/server.go:460.43,462.34 2 0
codeberg.org/snonux/hexai/internal/lsp/server.go:462.34,464.3 1 0
codeberg.org/snonux/hexai/internal/lsp/server.go:465.2,465.31 1 0
codeberg.org/snonux/hexai/internal/lsp/server.go:468.93,471.16 3 102
codeberg.org/snonux/hexai/internal/lsp/server.go:471.16,473.3 1 2
codeberg.org/snonux/hexai/internal/lsp/server.go:474.2,475.17 2 102
codeberg.org/snonux/hexai/internal/lsp/server.go:475.17,477.3 1 2
codeberg.org/snonux/hexai/internal/lsp/server.go:478.2,479.19 2 102
codeberg.org/snonux/hexai/internal/lsp/server.go:479.19,481.3 1 102
codeberg.org/snonux/hexai/internal/lsp/server.go:482.2,483.20 2 102
codeberg.org/snonux/hexai/internal/lsp/server.go:483.20,485.3 1 102
codeberg.org/snonux/hexai/internal/lsp/server.go:486.2,486.41 1 102
codeberg.org/snonux/hexai/internal/lsp/server.go:489.83,492.18 3 51
codeberg.org/snonux/hexai/internal/lsp/server.go:492.18,494.19 2 49
codeberg.org/snonux/hexai/internal/lsp/server.go:494.19,496.4 1 0
codeberg.org/snonux/hexai/internal/lsp/server.go:497.8,499.3 1 2
codeberg.org/snonux/hexai/internal/lsp/server.go:500.2,500.32 1 51
codeberg.org/snonux/hexai/internal/lsp/server.go:500.32,502.3 1 0
codeberg.org/snonux/hexai/internal/lsp/server.go:502.8,504.3 1 51
codeberg.org/snonux/hexai/internal/lsp/server.go:505.2,506.21 2 51
codeberg.org/snonux/hexai/internal/lsp/server.go:506.21,508.3 1 49
codeberg.org/snonux/hexai/internal/lsp/server.go:509.2,509.37 1 51
codeberg.org/snonux/hexai/internal/lsp/server.go:512.44,514.2 1 2
codeberg.org/snonux/hexai/internal/lsp/server.go:516.49,518.33 2 7
codeberg.org/snonux/hexai/internal/lsp/server.go:518.33,520.3 1 1
codeberg.org/snonux/hexai/internal/lsp/server.go:521.2,522.39 2 6
codeberg.org/snonux/hexai/internal/lsp/server.go:522.39,532.3 1 10
codeberg.org/snonux/hexai/internal/lsp/server.go:533.2,533.16 1 6
codeberg.org/snonux/hexai/internal/lsp/server.go:536.30,537.6 1 0
codeberg.org/snonux/hexai/internal/lsp/server.go:537.6,539.20 2 0
codeberg.org/snonux/hexai/internal/lsp/server.go:539.20,541.4 1 0
codeberg.org/snonux/hexai/internal/lsp/server.go:542.3,542.17 1 0
codeberg.org/snonux/hexai/internal/lsp/server.go:542.17,544.4 1 0
codeberg.org/snonux/hexai/internal/lsp/server.go:545.3,546.52 2 0
codeberg.org/snonux/hexai/internal/lsp/server.go:546.52,548.12 2 0
codeberg.org/snonux/hexai/internal/lsp/server.go:550.3,550.23 1 0
codeberg.org/snonux/hexai/internal/lsp/server.go:550.23,552.12 1 0
codeberg.org/snonux/hexai/internal/lsp/server.go:554.3,555.15 2 0
codeberg.org/snonux/hexai/internal/lsp/server.go:555.15,557.4 1 0
codeberg.org/snonux/hexai/internal/lsp/transport.go:15.48,18.6 3 1
codeberg.org/snonux/hexai/internal/lsp/transport.go:18.6,20.17 2 2
codeberg.org/snonux/hexai/internal/lsp/transport.go:20.17,22.4 1 0
codeberg.org/snonux/hexai/internal/lsp/transport.go:23.3,23.17 1 2
codeberg.org/snonux/hexai/internal/lsp/transport.go:23.17,24.9 1 1
codeberg.org/snonux/hexai/internal/lsp/transport.go:26.3,27.22 2 1
codeberg.org/snonux/hexai/internal/lsp/transport.go:27.22,28.12 1 0
codeberg.org/snonux/hexai/internal/lsp/transport.go:30.3,32.14 3 1
codeberg.org/snonux/hexai/internal/lsp/transport.go:33.25,35.18 2 1
codeberg.org/snonux/hexai/internal/lsp/transport.go:35.18,37.5 1 0
codeberg.org/snonux/hexai/internal/lsp/transport.go:38.4,38.21 1 1
codeberg.org/snonux/hexai/internal/lsp/transport.go:41.2,41.24 1 1
codeberg.org/snonux/hexai/internal/lsp/transport.go:41.24,43.3 1 0
codeberg.org/snonux/hexai/internal/lsp/transport.go:44.2,45.50 2 1
codeberg.org/snonux/hexai/internal/lsp/transport.go:45.50,47.3 1 0
codeberg.org/snonux/hexai/internal/lsp/transport.go:48.2,48.17 1 1
codeberg.org/snonux/hexai/internal/lsp/transport.go:51.38,56.16 4 44
codeberg.org/snonux/hexai/internal/lsp/transport.go:56.16,59.3 2 0
codeberg.org/snonux/hexai/internal/lsp/transport.go:60.2,61.57 2 44
codeberg.org/snonux/hexai/internal/lsp/transport.go:61.57,64.3 2 0
codeberg.org/snonux/hexai/internal/lsp/transport.go:65.2,65.45 1 44
codeberg.org/snonux/hexai/internal/lsp/transport.go:65.45,68.3 2 0
